Archive member included because of file (symbol)

/usr/lib/gcc/avr/4.7.0/avr35/libgcc.a(_mulhi3.o)
                              ../../LUFA/Drivers/USB/Class/Common/HIDParser.o (__mulhi3)
/usr/lib/gcc/avr/4.7.0/avr35/libgcc.a(_udivmodsi4.o)
                              XilinxFpgaProg.o (__udivmodsi4)
/usr/lib/gcc/avr/4.7.0/avr35/libgcc.a(_exit.o)
                              /usr/lib/gcc/avr/4.7.0/../../../avr/lib/avr35/crtm32u2.o (exit)
/usr/lib/gcc/avr/4.7.0/avr35/libgcc.a(_copy_data.o)
                              XilinxFpgaProg.o (__do_copy_data)
/usr/lib/gcc/avr/4.7.0/avr35/libgcc.a(_clear_bss.o)
                              clock.o (__do_clear_bss)
/usr/lib/gcc/avr/4.7.0/../../../avr/lib/avr35/libc.a(memcpy_P.o)
                              ../../LUFA/Drivers/USB/Class/Device/RNDISClassDevice.o (memcpy_P)
/usr/lib/gcc/avr/4.7.0/../../../avr/lib/avr35/libc.a(memcmp.o)
                              ../../LUFA/Drivers/USB/Class/Device/HIDClassDevice.o (memcmp)
/usr/lib/gcc/avr/4.7.0/../../../avr/lib/avr35/libc.a(memcpy.o)
                              ../../LUFA/Drivers/USB/Class/Device/HIDClassDevice.o (memcpy)
/usr/lib/gcc/avr/4.7.0/../../../avr/lib/avr35/libc.a(memset.o)
                              ../../LUFA/Drivers/USB/Class/Device/HIDClassDevice.o (memset)
/usr/lib/gcc/avr/4.7.0/../../../avr/lib/avr35/libc.a(iob.o)
                              XilinxFpgaProg.o (__iob)
/usr/lib/gcc/avr/4.7.0/../../../avr/lib/avr35/libc.a(eerd_byte_atmega32u2.o)
                              ../../LUFA/Drivers/USB/Core/AVR8/EndpointStream_AVR8.o (__eerd_byte_m32u2)
/usr/lib/gcc/avr/4.7.0/../../../avr/lib/avr35/libc.a(eeupd_byte_atmega32u2.o)
                              ../../LUFA/Drivers/USB/Core/AVR8/EndpointStream_AVR8.o (__eeupd_byte_m32u2)

Allocating common symbols
Common symbol       size              file

USB_IsInitialized   0x1               ../../LUFA/Drivers/USB/Core/USBTask.o
USB_Device_ConfigurationNumber
                    0x1               ../../LUFA/Drivers/USB/Core/DeviceStandardReq.o
USB_Device_CurrentlySelfPowered
                    0x1               ../../LUFA/Drivers/USB/Core/DeviceStandardReq.o
USB_ControlRequest  0x8               ../../LUFA/Drivers/USB/Core/USBTask.o
USB_Device_RemoteWakeupEnabled
                    0x1               ../../LUFA/Drivers/USB/Core/DeviceStandardReq.o
__iob               0x6               /usr/lib/gcc/avr/4.7.0/../../../avr/lib/avr35/libc.a(iob.o)

Discarded input sections

 .data          0x00000000        0x0 /usr/lib/gcc/avr/4.7.0/../../../avr/lib/avr35/crtm32u2.o
 .bss           0x00000000        0x0 /usr/lib/gcc/avr/4.7.0/../../../avr/lib/avr35/crtm32u2.o
 wm4.0.91a4d3a098f53aff7560b7fc5b2a227e
                0x00000000        0x8 XilinxFpgaProg.o
 wm4.stdint.h.40.0b15bfb741d41c43341e80778c1245bf
                0x00000000        0x8 XilinxFpgaProg.o
 wm4.inttypes.h.96.a775e17cb21df85f196ddf841848aeb7
                0x00000000        0x8 XilinxFpgaProg.o
 wm4.stdarg.h.31.b70f21342353634f7b44d85f85f13832
                0x00000000        0x8 XilinxFpgaProg.o
 wm4.stdio.h.47.153aae9eb66887d2c8ae2d173f4c2303
                0x00000000        0x8 XilinxFpgaProg.o
 wm4.stddef.h.187.f0d8b8c72c4a3728cacef55a66e187f3
                0x00000000        0x8 XilinxFpgaProg.o
 wm4.stdio.h.246.58bf011b5001ea5d1dd1ce3026c2cf42
                0x00000000        0x8 XilinxFpgaProg.o
 wm4.sfr_defs.h.36.d1041e1929ce10d33b2f9afcedfae383
                0x00000000        0x8 XilinxFpgaProg.o
 wm4.iom32u2.h.42.c7d4d8b614345ab99fcf464e6f6c5f5b
                0x00000000        0x8 XilinxFpgaProg.o
 wm4.portpins.h.34.2be1885a8b00e48bd5e5ce6779bbb41a
                0x00000000        0x8 XilinxFpgaProg.o
 wm4.common.h.35.1d859a2772925d9df6a82e3407dece3d
                0x00000000        0x8 XilinxFpgaProg.o
 wm4.version.h.54.796092cee25fd0e1359559c8c43c86c6
                0x00000000        0x8 XilinxFpgaProg.o
 wm4.fuse.h.36.f9bd7ef1efb4ff973a8de4914ef98db4
                0x00000000        0x8 XilinxFpgaProg.o
 wm4.lock.h.36.3ca7a0e7d2f304bfcec42866618afd55
                0x00000000        0x8 XilinxFpgaProg.o
 wm4.wdt.h.39.31914b8b5dc65d61fde87ecb8dc88634
                0x00000000        0x8 XilinxFpgaProg.o
 wm4.interrupt.h.36.b2193b640edda749ea0a45a8be5976c8
                0x00000000        0x8 XilinxFpgaProg.o
 wm4.power.h.32.05135089df478fae4e081c76f3573915
                0x00000000        0x8 XilinxFpgaProg.o
 wm4.pgmspace.h.83.f733e4c5dcfb33a192ad6b47d9b443d0
                0x00000000        0x8 XilinxFpgaProg.o
 wm4.stddef.h.235.d9f4f80b8c4429535175712282cda6a6
                0x00000000        0x8 XilinxFpgaProg.o
 wm4.pgmspace.h.91.13799cb28c8b9bd1a1d98a23a903a88e
                0x00000000        0x8 XilinxFpgaProg.o
 wm4.USB.h.372.22c9ce3974882bf42b19abcb1360944e
                0x00000000        0x8 XilinxFpgaProg.o
 wm4.Common.h.60.c2f00e237f5994003db83c2422602b22
                0x00000000        0x8 XilinxFpgaProg.o
[...]
Memory Configuration

Name             Origin             Length             Attributes
text             0x00000000         0x00010000         xr
data             0x00800060         0x0000ffa0         rw !x
eeprom           0x00810000         0x00010000         rw !x
fuse             0x00820000         0x00000400         rw !x
lock             0x00830000         0x00000400         rw !x
signature        0x00840000         0x00000400         rw !x
*default*        0x00000000         0xffffffff

Linker script and memory map

Address of section .data set to 0x800100
LOAD /usr/lib/gcc/avr/4.7.0/../../../avr/lib/avr35/crtm32u2.o
LOAD /usr/lib/gcc/avr/4.7.0/../../../avr/lib/avr35/libm.a
LOAD XilinxFpgaProg.o
LOAD Descriptors.o
LOAD clock.o
LOAD timer.o
LOAD application.o
LOAD XilinxProtocol.o
LOAD serial.o
LOAD ../../LUFA/Drivers/USB/Core/AVR8/Device_AVR8.o
LOAD ../../LUFA/Drivers/USB/Core/AVR8/Endpoint_AVR8.o
LOAD ../../LUFA/Drivers/USB/Core/AVR8/Host_AVR8.o
LOAD ../../LUFA/Drivers/USB/Core/AVR8/Pipe_AVR8.o
LOAD ../../LUFA/Drivers/USB/Core/AVR8/USBController_AVR8.o
LOAD ../../LUFA/Drivers/USB/Core/AVR8/USBInterrupt_AVR8.o
LOAD ../../LUFA/Drivers/USB/Core/AVR8/EndpointStream_AVR8.o
LOAD ../../LUFA/Drivers/USB/Core/AVR8/PipeStream_AVR8.o
LOAD ../../LUFA/Drivers/USB/Core/ConfigDescriptors.o
LOAD ../../LUFA/Drivers/USB/Core/DeviceStandardReq.o
LOAD ../../LUFA/Drivers/USB/Core/Events.o
LOAD ../../LUFA/Drivers/USB/Core/HostStandardReq.o
LOAD ../../LUFA/Drivers/USB/Core/USBTask.o
LOAD ../../LUFA/Drivers/USB/Class/Common/HIDParser.o
LOAD ../../LUFA/Drivers/USB/Class/Device/AudioClassDevice.o
LOAD ../../LUFA/Drivers/USB/Class/Device/CDCClassDevice.o
LOAD ../../LUFA/Drivers/USB/Class/Device/HIDClassDevice.o
LOAD ../../LUFA/Drivers/USB/Class/Device/MassStorageClassDevice.o
LOAD ../../LUFA/Drivers/USB/Class/Device/MIDIClassDevice.o
LOAD ../../LUFA/Drivers/USB/Class/Device/RNDISClassDevice.o
LOAD ../../LUFA/Drivers/USB/Class/Host/AndroidAccessoryClassHost.o
LOAD ../../LUFA/Drivers/USB/Class/Host/AudioClassHost.o
LOAD ../../LUFA/Drivers/USB/Class/Host/CDCClassHost.o
LOAD ../../LUFA/Drivers/USB/Class/Host/HIDClassHost.o
LOAD ../../LUFA/Drivers/USB/Class/Host/MassStorageClassHost.o
LOAD ../../LUFA/Drivers/USB/Class/Host/MIDIClassHost.o
LOAD ../../LUFA/Drivers/USB/Class/Host/PrinterClassHost.o
LOAD ../../LUFA/Drivers/USB/Class/Host/RNDISClassHost.o
LOAD ../../LUFA/Drivers/USB/Class/Host/StillImageClassHost.o
LOAD /usr/lib/gcc/avr/4.7.0/avr35/libgcc.a
LOAD /usr/lib/gcc/avr/4.7.0/../../../avr/lib/avr35/libc.a
LOAD /usr/lib/gcc/avr/4.7.0/avr35/libgcc.a

.hash
 *(.hash)

.dynsym
 *(.dynsym)

.dynstr
 *(.dynstr)

.gnu.version
 *(.gnu.version)

.gnu.version_d
 *(.gnu.version_d)

.gnu.version_r
 *(.gnu.version_r)

.rel.init
 *(.rel.init)

.rela.init
 *(.rela.init)

.rel.text
 *(.rel.text)
 *(.rel.text.*)
 *(.rel.gnu.linkonce.t*)

.rela.text
 *(.rela.text)
 *(.rela.text.*)
 *(.rela.gnu.linkonce.t*)

.rel.fini
 *(.rel.fini)

.rela.fini
 *(.rela.fini)

.rel.rodata
 *(.rel.rodata)
 *(.rel.rodata.*)
 *(.rel.gnu.linkonce.r*)

.rela.rodata
 *(.rela.rodata)
 *(.rela.rodata.*)
 *(.rela.gnu.linkonce.r*)

.rel.data
 *(.rel.data)
 *(.rel.data.*)
 *(.rel.gnu.linkonce.d*)

.rela.data
 *(.rela.data)
 *(.rela.data.*)
 *(.rela.gnu.linkonce.d*)

.rel.ctors
 *(.rel.ctors)

.rela.ctors
 *(.rela.ctors)

.rel.dtors
 *(.rel.dtors)

.rela.dtors
 *(.rela.dtors)

.rel.got
 *(.rel.got)

.rela.got
 *(.rela.got)

.rel.bss
 *(.rel.bss)

.rela.bss
 *(.rela.bss)

.rel.plt
 *(.rel.plt)

.rela.plt
 *(.rela.plt)

.text           0x00000000     0x15f4
 *(.vectors)
 .vectors       0x00000000       0x74 /usr/lib/gcc/avr/4.7.0/../../../avr/lib/avr35/crtm32u2.o
                0x00000000                __vectors
                0x00000000                __vector_default
 *(.vectors)
 *(.progmem.gcc*)
 *(.progmem*)
 .progmem.data  0x00000074       0x9e Descriptors.o
                0x00000074                ProductString
                0x000000a4                ManufacturerString
                0x000000be                LanguageString
                0x000000c2                ConfigurationDescriptor
                0x00000100                DeviceDescriptor
                0x00000112                . = ALIGN (0x2)
                0x00000112                __trampolines_start = .
 *(.trampolines)
 .trampolines   0x00000112        0x0 linker stubs
 *(.trampolines*)
                0x00000112                __trampolines_end = .
 *(.jumptables)
 *(.jumptables*)
 *(.lowtext)
 *(.lowtext*)
                0x00000112                __ctors_start = .
 *(.ctors)
                0x00000112                __ctors_end = .
                0x00000112                __dtors_start = .
 *(.dtors)
                0x00000112                __dtors_end = .
 SORT(*)(.ctors)
 SORT(*)(.dtors)
 *(.init0)
 .init0         0x00000112        0x0 /usr/lib/gcc/avr/4.7.0/../../../avr/lib/avr35/crtm32u2.o
                0x00000112                __init
 *(.init0)
 *(.init1)
 *(.init1)
 *(.init2)
 .init2         0x00000112        0xc /usr/lib/gcc/avr/4.7.0/../../../avr/lib/avr35/crtm32u2.o
 *(.init2)
 *(.init3)
 *(.init3)
 *(.init4)
 .init4         0x0000011e       0x16 /usr/lib/gcc/avr/4.7.0/avr35/libgcc.a(_copy_data.o)
                0x0000011e                __do_copy_data
 .init4         0x00000134       0x10 /usr/lib/gcc/avr/4.7.0/avr35/libgcc.a(_clear_bss.o)
                0x00000134                __do_clear_bss
 *(.init4)
 *(.init5)
 *(.init5)
 *(.init6)
 *(.init6)
 *(.init7)
 *(.init7)
 *(.init8)
 *(.init8)
 *(.init9)
 .init9         0x00000144        0x6 /usr/lib/gcc/avr/4.7.0/../../../avr/lib/avr35/crtm32u2.o
 *(.init9)
 *(.text)
 .text          0x0000014a        0x2 /usr/lib/gcc/avr/4.7.0/../../../avr/lib/avr35/crtm32u2.o
                0x0000014a                __vector_22
                0x0000014a                __vector_28
                0x0000014a                __vector_1
                0x0000014a                __vector_24
                0x0000014a                __bad_interrupt
                0x0000014a                __vector_6
                0x0000014a                __vector_3
                0x0000014a                __vector_25
                0x0000014a                __vector_13
                0x0000014a                __vector_17
                0x0000014a                __vector_7
                0x0000014a                __vector_27
                0x0000014a                __vector_5
                0x0000014a                __vector_4
                0x0000014a                __vector_9
                0x0000014a                __vector_2
                0x0000014a                __vector_21
                0x0000014a                __vector_15
                0x0000014a                __vector_8
                0x0000014a                __vector_26
                0x0000014a                __vector_14
                0x0000014a                __vector_10
                0x0000014a                __vector_16
                0x0000014a                __vector_18
                0x0000014a                __vector_20
                0x0000014c                . = ALIGN (0x2)
 *(.text.*)
 .text.LEDs_SetAllLEDs
                0x0000014c        0xc XilinxFpgaProg.o
 .text.RingBuffer_Insert.constprop.1
                0x00000158       0x38 XilinxFpgaProg.o
 .text.debug    0x00000190       0x1a XilinxFpgaProg.o
 .text.__vector_23
                0x000001aa       0x54 XilinxFpgaProg.o
                0x000001aa                __vector_23
 .text.SetupHardware
                0x000001fe       0x62 XilinxFpgaProg.o
                0x000001fe                SetupHardware
 .text.startup.main
                0x00000260       0xe8 XilinxFpgaProg.o
                0x00000260                main
 .text.EVENT_USB_Device_Connect
                0x00000348        0x4 XilinxFpgaProg.o
                0x00000348                EVENT_USB_Device_Connect
 .text.EVENT_USB_Device_Disconnect
                0x0000034c        0x4 XilinxFpgaProg.o
                0x0000034c                EVENT_USB_Device_Disconnect
 .text.EVENT_USB_Device_ConfigurationChanged
                0x00000350       0x12 XilinxFpgaProg.o
                0x00000350                EVENT_USB_Device_ConfigurationChanged
 .text.EVENT_USB_Device_ControlRequest
                0x00000362        0x8 XilinxFpgaProg.o
                0x00000362                EVENT_USB_Device_ControlRequest
 .text.EVENT_CDC_Device_LineEncodingChanged
                0x0000036a       0x84 XilinxFpgaProg.o
                0x0000036a                EVENT_CDC_Device_LineEncodingChanged
 .text.CALLBACK_USB_GetDescriptor
                0x000003ee       0x7a Descriptors.o
                0x000003ee                CALLBACK_USB_GetDescriptor
 .text.__vector_19
                0x00000468       0x4a clock.o
                0x00000468                __vector_19
 .text.clockInit
                0x000004b2       0x28 clock.o
                0x000004b2                clockInit
 .text.clockGetTime
                0x000004da       0x52 clock.o
                0x000004da                clockGetTime
 .text.timerSet
                0x0000052c       0x36 timer.o
                0x0000052c                timerSet
 .text.timerRestart
                0x00000562       0x1a timer.o
                0x00000562                timerRestart
 .text.timerExpired
                0x0000057c       0x80 timer.o
                0x0000057c                timerExpired
 .text.RingBuffer_Insert
                0x000005fc       0x36 application.o
 .text.appInit  0x00000632       0x70 application.o
                0x00000632                appInit
 .text.appService
                0x000006a2       0xa8 application.o
                0x000006a2                appService
 .text.appSerialDataReceived
                0x0000074a       0x18 application.o
                0x0000074a                appSerialDataReceived
 .text.appUsbDataReceived
                0x00000762       0x42 application.o
                0x00000762                appUsbDataReceived
 .text.xilinxInit
                0x000007a4       0x20 XilinxProtocol.o
                0x000007a4                xilinxInit
 .text.xilinxSetupConfiguration
                0x000007c4       0x40 XilinxProtocol.o
                0x000007c4                xilinxSetupConfiguration
 .text.xilinxSend
                0x00000804        0xa XilinxProtocol.o
                0x00000804                xilinxSend
 .text.RingBuffer_Remove.constprop.1
                0x0000080e       0x34 serial.o
 .text.serialInit
                0x00000842       0x34 serial.o
                0x00000842                serialInit
 .text.serialAddByte
                0x00000876       0x82 serial.o
                0x00000876                serialAddByte
 .text.serialProcess
                0x000008f8      0x12a serial.o
                0x000008f8                serialProcess
 .text.Endpoint_ConfigureEndpoint_Prv
                0x00000a22       0x6e ../../LUFA/Drivers/USB/Core/AVR8/Endpoint_AVR8.o
                0x00000a22                Endpoint_ConfigureEndpoint_Prv
 .text.Endpoint_ConfigureEndpointTable
                0x00000a90       0x7c ../../LUFA/Drivers/USB/Core/AVR8/Endpoint_AVR8.o
                0x00000a90                Endpoint_ConfigureEndpointTable
 .text.Endpoint_ClearStatusStage
                0x00000b0c       0x3e ../../LUFA/Drivers/USB/Core/AVR8/Endpoint_AVR8.o
                0x00000b0c                Endpoint_ClearStatusStage
 .text.Endpoint_WaitUntilReady
                0x00000b4a       0x62 ../../LUFA/Drivers/USB/Core/AVR8/Endpoint_AVR8.o
                0x00000b4a                Endpoint_WaitUntilReady
 .text.USB_ResetInterface
                0x00000bac       0x70 ../../LUFA/Drivers/USB/Core/AVR8/USBController_AVR8.o
                0x00000bac                USB_ResetInterface
 .text.USB_Init
                0x00000c1c       0x12 ../../LUFA/Drivers/USB/Core/AVR8/USBController_AVR8.o
                0x00000c1c                USB_Init
 .text.USB_INT_DisableAllInterrupts
                0x00000c2e        0x6 ../../LUFA/Drivers/USB/Core/AVR8/USBInterrupt_AVR8.o
                0x00000c2e                USB_INT_DisableAllInterrupts
 .text.USB_INT_ClearAllInterrupts
                0x00000c34        0x6 ../../LUFA/Drivers/USB/Core/AVR8/USBInterrupt_AVR8.o
                0x00000c34                USB_INT_ClearAllInterrupts
 .text.__vector_11
                0x00000c3a      0x148 ../../LUFA/Drivers/USB/Core/AVR8/USBInterrupt_AVR8.o
                0x00000c3a                __vector_11
 .text.__vector_12
                0x00000d82       0x86 ../../LUFA/Drivers/USB/Core/AVR8/USBInterrupt_AVR8.o
                0x00000d82                __vector_12
 .text.Endpoint_Write_Control_Stream_LE
                0x00000e08       0xbc ../../LUFA/Drivers/USB/Core/AVR8/EndpointStream_AVR8.o
                0x00000e08                Endpoint_Write_Control_Stream_LE
 .text.Endpoint_Write_Control_PStream_LE
                0x00000ec4       0xbe ../../LUFA/Drivers/USB/Core/AVR8/EndpointStream_AVR8.o
                0x00000ec4                Endpoint_Write_Control_PStream_LE
 .text.USB_Device_ProcessControlRequest
                0x00000f82      0x2cc ../../LUFA/Drivers/USB/Core/DeviceStandardReq.o
                0x00000f82                USB_Device_ProcessControlRequest
 .text.USB_Event_Stub
                0x0000124e        0x2 ../../LUFA/Drivers/USB/Core/Events.o
                0x0000124e                EVENT_USB_Device_WakeUp
                0x0000124e                USB_Event_Stub
                0x0000124e                EVENT_USB_Device_Suspend
                0x0000124e                EVENT_USB_Device_StartOfFrame
                0x0000124e                EVENT_USB_Device_Reset
 .text.USB_USBTask
                0x00001250       0x36 ../../LUFA/Drivers/USB/Core/USBTask.o
                0x00001250                USB_USBTask
 .text.CDC_Device_ConfigureEndpoints
                0x00001286       0x4a ../../LUFA/Drivers/USB/Class/Device/CDCClassDevice.o
                0x00001286                CDC_Device_ConfigureEndpoints
 .text.CDC_Device_SendByte
                0x000012d0       0x4c ../../LUFA/Drivers/USB/Class/Device/CDCClassDevice.o
                0x000012d0                CDC_Device_SendByte
 .text.CDC_Device_Flush
                0x0000131c       0x54 ../../LUFA/Drivers/USB/Class/Device/CDCClassDevice.o
                0x0000131c                CDC_Device_Flush
 .text.CDC_Device_USBTask
                0x00001370       0x1c ../../LUFA/Drivers/USB/Class/Device/CDCClassDevice.o
                0x00001370                CDC_Device_USBTask
 .text.CDC_Device_BytesReceived
                0x0000138c       0x4c ../../LUFA/Drivers/USB/Class/Device/CDCClassDevice.o
                0x0000138c                CDC_Device_BytesReceived
 .text.CDC_Device_ReceiveByte
                0x000013d8       0x58 ../../LUFA/Drivers/USB/Class/Device/CDCClassDevice.o
                0x000013d8                CDC_Device_ReceiveByte
 .text.CDC_Device_Event_Stub
                0x00001430        0x2 ../../LUFA/Drivers/USB/Class/Device/CDCClassDevice.o
                0x00001430                EVENT_CDC_Device_ControLineStateChanged
                0x00001430                EVENT_CDC_Device_BreakSent
                0x00001430                CDC_Device_Event_Stub
 .text.CDC_Device_ProcessControlRequest
                0x00001432      0x17a ../../LUFA/Drivers/USB/Class/Device/CDCClassDevice.o
                0x00001432                CDC_Device_ProcessControlRequest
 .text.libgcc.div
                0x000015ac       0x44 /usr/lib/gcc/avr/4.7.0/avr35/libgcc.a(_udivmodsi4.o)
                0x000015ac                __udivmodsi4
                0x000015f0                . = ALIGN (0x2)
 *(.fini9)
 .fini9         0x000015f0        0x0 /usr/lib/gcc/avr/4.7.0/avr35/libgcc.a(_exit.o)
                0x000015f0                exit
                0x000015f0                _exit
 *(.fini9)
 *(.fini8)
 *(.fini8)
 *(.fini7)
 *(.fini7)
 *(.fini6)
 *(.fini6)
 *(.fini5)
 *(.fini5)
 *(.fini4)
 *(.fini4)
 *(.fini3)
 *(.fini3)
 *(.fini2)
 *(.fini2)
 *(.fini1)
 *(.fini1)
 *(.fini0)
 .fini0         0x000015f0        0x4 /usr/lib/gcc/avr/4.7.0/avr35/libgcc.a(_exit.o)
 *(.fini0)
                0x000015f4                _etext = .

.data           0x00800100      0x10e load address 0x000015f4
                0x00800100                PROVIDE (__data_start, .)
 *(.data)
 .data          0x00800100      0x10c XilinxFpgaProg.o
                0x00800100                VirtualSerial_CDC_Interface
 *(.data*)
 *(.rodata)
 .rodata        0x0080020c        0x2 XilinxFpgaProg.o
 *(.rodata*)
 *(.gnu.linkonce.d*)
                0x0080020e                . = ALIGN (0x2)
                0x0080020e                _edata = .
                0x0080020e                PROVIDE (__data_end, .)

.bss            0x0080020e       0xa3
                0x0080020e                PROVIDE (__bss_start, .)
 *(.bss)
 .bss           0x0080020e        0x4 clock.o
 .bss           0x00800212       0x8d serial.o
 *(.bss*)
 *(COMMON)
 COMMON         0x0080029f        0x3 ../../LUFA/Drivers/USB/Core/DeviceStandardReq.o
                0x0080029f                USB_Device_ConfigurationNumber
                0x008002a0                USB_Device_CurrentlySelfPowered
                0x008002a1                USB_Device_RemoteWakeupEnabled
 COMMON         0x008002a2        0x9 ../../LUFA/Drivers/USB/Core/USBTask.o
                0x008002a2                USB_IsInitialized
                0x008002a3                USB_ControlRequest
 COMMON         0x008002ab        0x6 /usr/lib/gcc/avr/4.7.0/../../../avr/lib/avr35/libc.a(iob.o)
                0x008002ab                __iob
                0x008002b1                PROVIDE (__bss_end, .)
                0x000015f4                __data_load_start = LOADADDR (.data)
                0x00001702                __data_load_end = (__data_load_start + SIZEOF (.data))

.noinit         0x008002b1        0x0
                0x008002b1                PROVIDE (__noinit_start, .)
 *(.noinit*)
                0x008002b1                PROVIDE (__noinit_end, .)
                0x008002b1                _end = .
                0x008002b1                PROVIDE (__heap_start, .)

.eeprom         0x00810000        0x0
 *(.eeprom*)
                0x00810000                __eeprom_end = .

.fuse
 *(.fuse)
 *(.lfuse)
 *(.hfuse)
 *(.efuse)

.lock
 *(.lock*)

.signature
 *(.signature*)

.stab           0x00000000      0xd98
 *(.stab)
 .stab          0x00000000      0x6cc /usr/lib/gcc/avr/4.7.0/../../../avr/lib/avr35/crtm32u2.o
 .stab          0x000006cc       0x84 /usr/lib/gcc/avr/4.7.0/../../../avr/lib/avr35/libc.a(memcpy_P.o)
                                 0x90 (size before relaxing)
 .stab          0x00000750       0xb4 /usr/lib/gcc/avr/4.7.0/../../../avr/lib/avr35/libc.a(memcmp.o)
                                 0xc0 (size before relaxing)
 .stab          0x00000804       0x84 /usr/lib/gcc/avr/4.7.0/../../../avr/lib/avr35/libc.a(memcpy.o)
                                 0x90 (size before relaxing)
 .stab          0x00000888       0x6c /usr/lib/gcc/avr/4.7.0/../../../avr/lib/avr35/libc.a(memset.o)
                                 0x78 (size before relaxing)
 .stab          0x000008f4      0x300 /usr/lib/gcc/avr/4.7.0/../../../avr/lib/avr35/libc.a(iob.o)
                                0x30c (size before relaxing)
 .stab          0x00000bf4       0x90 /usr/lib/gcc/avr/4.7.0/../../../avr/lib/avr35/libc.a(eerd_byte_atmega32u2.o)
                                 0x9c (size before relaxing)
 .stab          0x00000c84      0x114 /usr/lib/gcc/avr/4.7.0/../../../avr/lib/avr35/libc.a(eeupd_byte_atmega32u2.o)
                                0x120 (size before relaxing)

.stabstr        0x00000000      0x919
 *(.stabstr)
 .stabstr       0x00000000      0x919 /usr/lib/gcc/avr/4.7.0/../../../avr/lib/avr35/crtm32u2.o

.stab.excl
 *(.stab.excl)

.stab.exclstr
 *(.stab.exclstr)

.stab.index
 *(.stab.index)

.stab.indexstr
 *(.stab.indexstr)

.comment        0x00000000       0x11
 *(.comment)
 .comment       0x00000000       0x11 XilinxFpgaProg.o
                                 0x12 (size before relaxing)
 .comment       0x00000000       0x12 Descriptors.o
 .comment       0x00000000       0x12 clock.o
 .comment       0x00000000       0x12 timer.o
 .comment       0x00000000       0x12 application.o
 .comment       0x00000000       0x12 XilinxProtocol.o
 .comment       0x00000000       0x12 serial.o
 .comment       0x00000000       0x12 ../../LUFA/Drivers/USB/Core/AVR8/Device_AVR8.o
 .comment       0x00000000       0x12 ../../LUFA/Drivers/USB/Core/AVR8/Endpoint_AVR8.o
 .comment       0x00000000       0x12 ../../LUFA/Drivers/USB/Core/AVR8/Host_AVR8.o
 .comment       0x00000000       0x12 ../../LUFA/Drivers/USB/Core/AVR8/Pipe_AVR8.o
 .comment       0x00000000       0x12 ../../LUFA/Drivers/USB/Core/AVR8/USBController_AVR8.o
 .comment       0x00000000       0x12 ../../LUFA/Drivers/USB/Core/AVR8/USBInterrupt_AVR8.o
 .comment       0x00000000       0x12 ../../LUFA/Drivers/USB/Core/AVR8/EndpointStream_AVR8.o
 .comment       0x00000000       0x12 ../../LUFA/Drivers/USB/Core/AVR8/PipeStream_AVR8.o
 .comment       0x00000000       0x12 ../../LUFA/Drivers/USB/Core/ConfigDescriptors.o
 .comment       0x00000000       0x12 ../../LUFA/Drivers/USB/Core/DeviceStandardReq.o
 .comment       0x00000000       0x12 ../../LUFA/Drivers/USB/Core/Events.o
 .comment       0x00000000       0x12 ../../LUFA/Drivers/USB/Core/HostStandardReq.o
 .comment       0x00000000       0x12 ../../LUFA/Drivers/USB/Core/USBTask.o
 .comment       0x00000000       0x12 ../../LUFA/Drivers/USB/Class/Common/HIDParser.o
 .comment       0x00000000       0x12 ../../LUFA/Drivers/USB/Class/Device/AudioClassDevice.o
 .comment       0x00000000       0x12 ../../LUFA/Drivers/USB/Class/Device/CDCClassDevice.o
 .comment       0x00000000       0x12 ../../LUFA/Drivers/USB/Class/Device/HIDClassDevice.o
 .comment       0x00000000       0x12 ../../LUFA/Drivers/USB/Class/Device/MassStorageClassDevice.o
 .comment       0x00000000       0x12 ../../LUFA/Drivers/USB/Class/Device/MIDIClassDevice.o
 .comment       0x00000000       0x12 ../../LUFA/Drivers/USB/Class/Device/RNDISClassDevice.o
 .comment       0x00000000       0x12 ../../LUFA/Drivers/USB/Class/Host/AndroidAccessoryClassHost.o
 .comment       0x00000000       0x12 ../../LUFA/Drivers/USB/Class/Host/AudioClassHost.o
 .comment       0x00000000       0x12 ../../LUFA/Drivers/USB/Class/Host/CDCClassHost.o
 .comment       0x00000000       0x12 ../../LUFA/Drivers/USB/Class/Host/HIDClassHost.o
 .comment       0x00000000       0x12 ../../LUFA/Drivers/USB/Class/Host/MassStorageClassHost.o
 .comment       0x00000000       0x12 ../../LUFA/Drivers/USB/Class/Host/MIDIClassHost.o
 .comment       0x00000000       0x12 ../../LUFA/Drivers/USB/Class/Host/PrinterClassHost.o
 .comment       0x00000000       0x12 ../../LUFA/Drivers/USB/Class/Host/RNDISClassHost.o
 .comment       0x00000000       0x12 ../../LUFA/Drivers/USB/Class/Host/StillImageClassHost.o
 .comment       0x00000000       0x12 /usr/lib/gcc/avr/4.7.0/../../../avr/lib/avr35/libc.a(iob.o)

.debug
 *(.debug)

.line
 *(.line)

.debug_srcinfo
 *(.debug_srcinfo)

.debug_sfnames
 *(.debug_sfnames)

.debug_aranges  0x00000000      0x6f8
 *(.debug_aranges)
 .debug_aranges
                0x00000000       0x70 XilinxFpgaProg.o
 .debug_aranges
                0x00000070       0x20 Descriptors.o
 .debug_aranges
                0x00000090       0x30 clock.o
 .debug_aranges
                0x000000c0       0x40 timer.o
 .debug_aranges
                0x00000100       0x40 application.o
 .debug_aranges
                0x00000140       0x30 XilinxProtocol.o
 .debug_aranges
                0x00000170       0x38 serial.o
 .debug_aranges
                0x000001a8       0x20 ../../LUFA/Drivers/USB/Core/AVR8/Device_AVR8.o
 .debug_aranges
                0x000001c8       0x40 ../../LUFA/Drivers/USB/Core/AVR8/Endpoint_AVR8.o
 .debug_aranges
                0x00000208       0x18 ../../LUFA/Drivers/USB/Core/AVR8/Host_AVR8.o
 .debug_aranges
                0x00000220       0x18 ../../LUFA/Drivers/USB/Core/AVR8/Pipe_AVR8.o
 .debug_aranges
                0x00000238       0x30 ../../LUFA/Drivers/USB/Core/AVR8/USBController_AVR8.o
 .debug_aranges
                0x00000268       0x38 ../../LUFA/Drivers/USB/Core/AVR8/USBInterrupt_AVR8.o
 .debug_aranges
                0x000002a0       0xc8 ../../LUFA/Drivers/USB/Core/AVR8/EndpointStream_AVR8.o
 .debug_aranges
                0x00000368       0x18 ../../LUFA/Drivers/USB/Core/AVR8/PipeStream_AVR8.o
 .debug_aranges
                0x00000380       0x40 ../../LUFA/Drivers/USB/Core/ConfigDescriptors.o
 .debug_aranges
                0x000003c0       0x20 ../../LUFA/Drivers/USB/Core/DeviceStandardReq.o
 .debug_aranges
                0x000003e0       0x20 ../../LUFA/Drivers/USB/Core/Events.o
 .debug_aranges
                0x00000400       0x18 ../../LUFA/Drivers/USB/Core/HostStandardReq.o
 .debug_aranges
                0x00000418       0x20 ../../LUFA/Drivers/USB/Core/USBTask.o
 .debug_aranges
                0x00000438       0x38 ../../LUFA/Drivers/USB/Class/Common/HIDParser.o
 .debug_aranges
                0x00000470       0x30 ../../LUFA/Drivers/USB/Class/Device/AudioClassDevice.o
 .debug_aranges
                0x000004a0       0x98 ../../LUFA/Drivers/USB/Class/Device/CDCClassDevice.o
 .debug_aranges
                0x00000538       0x30 ../../LUFA/Drivers/USB/Class/Device/HIDClassDevice.o
 .debug_aranges
                0x00000568       0x30 ../../LUFA/Drivers/USB/Class/Device/MassStorageClassDevice.o
 .debug_aranges
                0x00000598       0x40 ../../LUFA/Drivers/USB/Class/Device/MIDIClassDevice.o
 .debug_aranges
                0x000005d8       0x48 ../../LUFA/Drivers/USB/Class/Device/RNDISClassDevice.o
 .debug_aranges
                0x00000620       0x18 ../../LUFA/Drivers/USB/Class/Host/AndroidAccessoryClassHost.o
 .debug_aranges
                0x00000638       0x18 ../../LUFA/Drivers/USB/Class/Host/AudioClassHost.o
 .debug_aranges
                0x00000650       0x18 ../../LUFA/Drivers/USB/Class/Host/CDCClassHost.o
 .debug_aranges
                0x00000668       0x18 ../../LUFA/Drivers/USB/Class/Host/HIDClassHost.o
 .debug_aranges
                0x00000680       0x18 ../../LUFA/Drivers/USB/Class/Host/MassStorageClassHost.o
 .debug_aranges
                0x00000698       0x18 ../../LUFA/Drivers/USB/Class/Host/MIDIClassHost.o
 .debug_aranges
                0x000006b0       0x18 ../../LUFA/Drivers/USB/Class/Host/PrinterClassHost.o
 .debug_aranges
                0x000006c8       0x18 ../../LUFA/Drivers/USB/Class/Host/RNDISClassHost.o
 .debug_aranges
                0x000006e0       0x18 ../../LUFA/Drivers/USB/Class/Host/StillImageClassHost.o

.debug_pubnames
 *(.debug_pubnames)

.debug_info     0x00000000     0xb242
 *(.debug_info)
 .debug_info    0x00000000      0xd13 XilinxFpgaProg.o
 .debug_info    0x00000d13      0x744 Descriptors.o
 .debug_info    0x00001457      0x170 clock.o
 .debug_info    0x000015c7      0x1f8 timer.o
 .debug_info    0x000017bf      0x93f application.o
 .debug_info    0x000020fe      0x2c0 XilinxProtocol.o
 .debug_info    0x000023be      0x8d1 serial.o
 .debug_info    0x00002c8f       0xd6 ../../LUFA/Drivers/USB/Core/AVR8/Device_AVR8.o
 .debug_info    0x00002d65      0x60d ../../LUFA/Drivers/USB/Core/AVR8/Endpoint_AVR8.o
 .debug_info    0x00003372       0x5a ../../LUFA/Drivers/USB/Core/AVR8/Host_AVR8.o
 .debug_info    0x000033cc       0x5a ../../LUFA/Drivers/USB/Core/AVR8/Pipe_AVR8.o
 .debug_info    0x00003426      0x45d ../../LUFA/Drivers/USB/Core/AVR8/USBController_AVR8.o
 .debug_info    0x00003883      0x700 ../../LUFA/Drivers/USB/Core/AVR8/USBInterrupt_AVR8.o
 .debug_info    0x00003f83     0x1738 ../../LUFA/Drivers/USB/Core/AVR8/EndpointStream_AVR8.o
 .debug_info    0x000056bb       0x5a ../../LUFA/Drivers/USB/Core/AVR8/PipeStream_AVR8.o
 .debug_info    0x00005715      0x3cd ../../LUFA/Drivers/USB/Core/ConfigDescriptors.o
 .debug_info    0x00005ae2      0xa71 ../../LUFA/Drivers/USB/Core/DeviceStandardReq.o
 .debug_info    0x00006553       0x7c ../../LUFA/Drivers/USB/Core/Events.o
 .debug_info    0x000065cf       0x21 ../../LUFA/Drivers/USB/Core/HostStandardReq.o
 .debug_info    0x000065f0      0x25c ../../LUFA/Drivers/USB/Core/USBTask.o
 .debug_info    0x0000684c      0x73c ../../LUFA/Drivers/USB/Class/Common/HIDParser.o
 .debug_info    0x00006f88      0x8e2 ../../LUFA/Drivers/USB/Class/Device/AudioClassDevice.o
 .debug_info    0x0000786a      0xe46 ../../LUFA/Drivers/USB/Class/Device/CDCClassDevice.o
 .debug_info    0x000086b0      0x9d3 ../../LUFA/Drivers/USB/Class/Device/HIDClassDevice.o
 .debug_info    0x00009083      0x949 ../../LUFA/Drivers/USB/Class/Device/MassStorageClassDevice.o
 .debug_info    0x000099cc      0x5cc ../../LUFA/Drivers/USB/Class/Device/MIDIClassDevice.o
 .debug_info    0x00009f98     0x1181 ../../LUFA/Drivers/USB/Class/Device/RNDISClassDevice.o
 .debug_info    0x0000b119       0x21 ../../LUFA/Drivers/USB/Class/Host/AndroidAccessoryClassHost.o
 .debug_info    0x0000b13a       0x21 ../../LUFA/Drivers/USB/Class/Host/AudioClassHost.o
 .debug_info    0x0000b15b       0x21 ../../LUFA/Drivers/USB/Class/Host/CDCClassHost.o
 .debug_info    0x0000b17c       0x21 ../../LUFA/Drivers/USB/Class/Host/HIDClassHost.o
 .debug_info    0x0000b19d       0x21 ../../LUFA/Drivers/USB/Class/Host/MassStorageClassHost.o
 .debug_info    0x0000b1be       0x21 ../../LUFA/Drivers/USB/Class/Host/MIDIClassHost.o
 .debug_info    0x0000b1df       0x21 ../../LUFA/Drivers/USB/Class/Host/PrinterClassHost.o
 .debug_info    0x0000b200       0x21 ../../LUFA/Drivers/USB/Class/Host/RNDISClassHost.o
 .debug_info    0x0000b221       0x21 ../../LUFA/Drivers/USB/Class/Host/StillImageClassHost.o
 *(.gnu.linkonce.wi.*)

.debug_abbrev   0x00000000     0x31f9
 *(.debug_abbrev)
 .debug_abbrev  0x00000000      0x433 XilinxFpgaProg.o
 .debug_abbrev  0x00000433      0x139 Descriptors.o
 .debug_abbrev  0x0000056c      0x138 clock.o
 .debug_abbrev  0x000006a4      0x123 timer.o
 .debug_abbrev  0x000007c7      0x33a application.o
 .debug_abbrev  0x00000b01      0x170 XilinxProtocol.o
 .debug_abbrev  0x00000c71      0x2ed serial.o
 .debug_abbrev  0x00000f5e       0x83 ../../LUFA/Drivers/USB/Core/AVR8/Device_AVR8.o
 .debug_abbrev  0x00000fe1      0x21e ../../LUFA/Drivers/USB/Core/AVR8/Endpoint_AVR8.o
 .debug_abbrev  0x000011ff       0x29 ../../LUFA/Drivers/USB/Core/AVR8/Host_AVR8.o
 .debug_abbrev  0x00001228       0x29 ../../LUFA/Drivers/USB/Core/AVR8/Pipe_AVR8.o
 .debug_abbrev  0x00001251      0x19f ../../LUFA/Drivers/USB/Core/AVR8/USBController_AVR8.o
 .debug_abbrev  0x000013f0      0x22b ../../LUFA/Drivers/USB/Core/AVR8/USBInterrupt_AVR8.o
 .debug_abbrev  0x0000161b      0x216 ../../LUFA/Drivers/USB/Core/AVR8/EndpointStream_AVR8.o
 .debug_abbrev  0x00001831       0x29 ../../LUFA/Drivers/USB/Core/AVR8/PipeStream_AVR8.o
 .debug_abbrev  0x0000185a      0x179 ../../LUFA/Drivers/USB/Core/ConfigDescriptors.o
 .debug_abbrev  0x000019d3      0x29a ../../LUFA/Drivers/USB/Core/DeviceStandardReq.o
 .debug_abbrev  0x00001c6d       0x47 ../../LUFA/Drivers/USB/Core/Events.o
 .debug_abbrev  0x00001cb4       0x13 ../../LUFA/Drivers/USB/Core/HostStandardReq.o
 .debug_abbrev  0x00001cc7      0x172 ../../LUFA/Drivers/USB/Core/USBTask.o
 .debug_abbrev  0x00001e39      0x22e ../../LUFA/Drivers/USB/Class/Common/HIDParser.o
 .debug_abbrev  0x00002067      0x206 ../../LUFA/Drivers/USB/Class/Device/AudioClassDevice.o
 .debug_abbrev  0x0000226d      0x419 ../../LUFA/Drivers/USB/Class/Device/CDCClassDevice.o
 .debug_abbrev  0x00002686      0x27b ../../LUFA/Drivers/USB/Class/Device/HIDClassDevice.o
 .debug_abbrev  0x00002901      0x2b2 ../../LUFA/Drivers/USB/Class/Device/MassStorageClassDevice.o
 .debug_abbrev  0x00002bb3      0x230 ../../LUFA/Drivers/USB/Class/Device/MIDIClassDevice.o
 .debug_abbrev  0x00002de3      0x36b ../../LUFA/Drivers/USB/Class/Device/RNDISClassDevice.o
 .debug_abbrev  0x0000314e       0x13 ../../LUFA/Drivers/USB/Class/Host/AndroidAccessoryClassHost.o
 .debug_abbrev  0x00003161       0x13 ../../LUFA/Drivers/USB/Class/Host/AudioClassHost.o
 .debug_abbrev  0x00003174       0x13 ../../LUFA/Drivers/USB/Class/Host/CDCClassHost.o
 .debug_abbrev  0x00003187       0x13 ../../LUFA/Drivers/USB/Class/Host/HIDClassHost.o
 .debug_abbrev  0x0000319a       0x13 ../../LUFA/Drivers/USB/Class/Host/MassStorageClassHost.o
 .debug_abbrev  0x000031ad       0x13 ../../LUFA/Drivers/USB/Class/Host/MIDIClassHost.o
 .debug_abbrev  0x000031c0       0x13 ../../LUFA/Drivers/USB/Class/Host/PrinterClassHost.o
 .debug_abbrev  0x000031d3       0x13 ../../LUFA/Drivers/USB/Class/Host/RNDISClassHost.o
 .debug_abbrev  0x000031e6       0x13 ../../LUFA/Drivers/USB/Class/Host/StillImageClassHost.o

.debug_line     0x00000000     0xeddb
 *(.debug_line)
 .debug_line    0x00000000      0xf7d XilinxFpgaProg.o
 .debug_line    0x00000f7d      0xaef Descriptors.o
 .debug_line    0x00001a6c      0x1ca clock.o
 .debug_line    0x00001c36      0x1a2 timer.o
 .debug_line    0x00001dd8      0xdb8 application.o
 .debug_line    0x00002b90      0x41a XilinxProtocol.o
 .debug_line    0x00002faa      0xf86 serial.o
 .debug_line    0x00003f30      0x773 ../../LUFA/Drivers/USB/Core/AVR8/Device_AVR8.o
 .debug_line    0x000046a3      0x8e7 ../../LUFA/Drivers/USB/Core/AVR8/Endpoint_AVR8.o
 .debug_line    0x00004f8a      0x324 ../../LUFA/Drivers/USB/Core/AVR8/Host_AVR8.o
 .debug_line    0x000052ae      0x324 ../../LUFA/Drivers/USB/Core/AVR8/Pipe_AVR8.o
 .debug_line    0x000055d2      0x6ac ../../LUFA/Drivers/USB/Core/AVR8/USBController_AVR8.o
 .debug_line    0x00005c7e      0x87a ../../LUFA/Drivers/USB/Core/AVR8/USBInterrupt_AVR8.o
 .debug_line    0x000064f8     0x1166 ../../LUFA/Drivers/USB/Core/AVR8/EndpointStream_AVR8.o
 .debug_line    0x0000765e      0x32a ../../LUFA/Drivers/USB/Core/AVR8/PipeStream_AVR8.o
 .debug_line    0x00007988      0x6a6 ../../LUFA/Drivers/USB/Core/ConfigDescriptors.o
 .debug_line    0x0000802e      0x782 ../../LUFA/Drivers/USB/Core/DeviceStandardReq.o
 .debug_line    0x000087b0      0x30b ../../LUFA/Drivers/USB/Core/Events.o
 .debug_line    0x00008abb       0x58 ../../LUFA/Drivers/USB/Core/HostStandardReq.o
 .debug_line    0x00008b13      0x647 ../../LUFA/Drivers/USB/Core/USBTask.o
 .debug_line    0x0000915a      0x589 ../../LUFA/Drivers/USB/Class/Common/HIDParser.o
 .debug_line    0x000096e3      0xcd3 ../../LUFA/Drivers/USB/Class/Device/AudioClassDevice.o
 .debug_line    0x0000a3b6      0xf3a ../../LUFA/Drivers/USB/Class/Device/CDCClassDevice.o
 .debug_line    0x0000b2f0      0xd72 ../../LUFA/Drivers/USB/Class/Device/HIDClassDevice.o
 .debug_line    0x0000c062      0xd82 ../../LUFA/Drivers/USB/Class/Device/MassStorageClassDevice.o
 .debug_line    0x0000cde4      0xd03 ../../LUFA/Drivers/USB/Class/Device/MIDIClassDevice.o
 .debug_line    0x0000dae7      0xe07 ../../LUFA/Drivers/USB/Class/Device/RNDISClassDevice.o
 .debug_line    0x0000e8ee       0x95 ../../LUFA/Drivers/USB/Class/Host/AndroidAccessoryClassHost.o
 .debug_line    0x0000e983       0x8a ../../LUFA/Drivers/USB/Class/Host/AudioClassHost.o
 .debug_line    0x0000ea0d       0x88 ../../LUFA/Drivers/USB/Class/Host/CDCClassHost.o
 .debug_line    0x0000ea95       0x88 ../../LUFA/Drivers/USB/Class/Host/HIDClassHost.o
 .debug_line    0x0000eb1d       0x90 ../../LUFA/Drivers/USB/Class/Host/MassStorageClassHost.o
 .debug_line    0x0000ebad       0x89 ../../LUFA/Drivers/USB/Class/Host/MIDIClassHost.o
 .debug_line    0x0000ec36       0x8c ../../LUFA/Drivers/USB/Class/Host/PrinterClassHost.o
 .debug_line    0x0000ecc2       0x8a ../../LUFA/Drivers/USB/Class/Host/RNDISClassHost.o
 .debug_line    0x0000ed4c       0x8f ../../LUFA/Drivers/USB/Class/Host/StillImageClassHost.o

.debug_frame    0x00000000     0x1180
 *(.debug_frame)
 .debug_frame   0x00000000      0x12c XilinxFpgaProg.o
 .debug_frame   0x0000012c       0x24 Descriptors.o
 .debug_frame   0x00000150       0x80 clock.o
 .debug_frame   0x000001d0       0xd8 timer.o
 .debug_frame   0x000002a8       0xac application.o
 .debug_frame   0x00000354       0x44 XilinxProtocol.o
 .debug_frame   0x00000398       0x60 serial.o
 .debug_frame   0x000003f8       0x24 ../../LUFA/Drivers/USB/Core/AVR8/Device_AVR8.o
 .debug_frame   0x0000041c       0x78 ../../LUFA/Drivers/USB/Core/AVR8/Endpoint_AVR8.o
 .debug_frame   0x00000494       0x44 ../../LUFA/Drivers/USB/Core/AVR8/USBController_AVR8.o
 .debug_frame   0x000004d8       0xe8 ../../LUFA/Drivers/USB/Core/AVR8/USBInterrupt_AVR8.o
 .debug_frame   0x000005c0      0x40c ../../LUFA/Drivers/USB/Core/AVR8/EndpointStream_AVR8.o
 .debug_frame   0x000009cc      0x108 ../../LUFA/Drivers/USB/Core/ConfigDescriptors.o
 .debug_frame   0x00000ad4       0x48 ../../LUFA/Drivers/USB/Core/DeviceStandardReq.o
 .debug_frame   0x00000b1c       0x24 ../../LUFA/Drivers/USB/Core/Events.o
 .debug_frame   0x00000b40       0x2c ../../LUFA/Drivers/USB/Core/USBTask.o
 .debug_frame   0x00000b6c      0x114 ../../LUFA/Drivers/USB/Class/Common/HIDParser.o
 .debug_frame   0x00000c80       0xb0 ../../LUFA/Drivers/USB/Class/Device/AudioClassDevice.o
 .debug_frame   0x00000d30      0x170 ../../LUFA/Drivers/USB/Class/Device/CDCClassDevice.o
 .debug_frame   0x00000ea0       0xe8 ../../LUFA/Drivers/USB/Class/Device/HIDClassDevice.o
 .debug_frame   0x00000f88       0x80 ../../LUFA/Drivers/USB/Class/Device/MassStorageClassDevice.o
 .debug_frame   0x00001008       0x70 ../../LUFA/Drivers/USB/Class/Device/MIDIClassDevice.o
 .debug_frame   0x00001078      0x108 ../../LUFA/Drivers/USB/Class/Device/RNDISClassDevice.o

.debug_str      0x00000000    0x15e1a
 *(.debug_str)
 .debug_str     0x00000000    0x11d97 XilinxFpgaProg.o
                              0x12068 (size before relaxing)
 .debug_str     0x00011d97      0x8b2 Descriptors.o
                              0x1102d (size before relaxing)
 .debug_str     0x00012649      0x1fd clock.o
                               0x5cb2 (size before relaxing)
 .debug_str     0x00012846       0x27 timer.o
                               0x5794 (size before relaxing)
 .debug_str     0x0001286d      0x17a application.o
                              0x112cf (size before relaxing)
 .debug_str     0x000129e7      0x340 XilinxProtocol.o
                               0xa428 (size before relaxing)
 .debug_str     0x00012d27       0x64 serial.o
                              0x11dc3 (size before relaxing)
 .debug_str     0x00012d8b       0x77 ../../LUFA/Drivers/USB/Core/AVR8/Device_AVR8.o
                               0xaaaf (size before relaxing)
 .debug_str     0x00012e02      0x2d2 ../../LUFA/Drivers/USB/Core/AVR8/Endpoint_AVR8.o
                               0xaec1 (size before relaxing)
 .debug_str     0x000130d4       0x2d ../../LUFA/Drivers/USB/Core/AVR8/Host_AVR8.o
                               0xa064 (size before relaxing)
 .debug_str     0x00013101       0x2d ../../LUFA/Drivers/USB/Core/AVR8/Pipe_AVR8.o
                               0xa064 (size before relaxing)
 .debug_str     0x0001312e      0x249 ../../LUFA/Drivers/USB/Core/AVR8/USBController_AVR8.o
                               0xadf8 (size before relaxing)
 .debug_str     0x00013377      0x147 ../../LUFA/Drivers/USB/Core/AVR8/USBInterrupt_AVR8.o
                               0xae2c (size before relaxing)
 .debug_str     0x000134be      0x9eb ../../LUFA/Drivers/USB/Core/AVR8/EndpointStream_AVR8.o
                               0xb813 (size before relaxing)
 .debug_str     0x00013ea9       0x33 ../../LUFA/Drivers/USB/Core/AVR8/PipeStream_AVR8.o
                               0xa06a (size before relaxing)
 .debug_str     0x00013edc      0x227 ../../LUFA/Drivers/USB/Core/ConfigDescriptors.o
                               0xae21 (size before relaxing)
 .debug_str     0x00014103      0x391 ../../LUFA/Drivers/USB/Core/DeviceStandardReq.o
                               0xb258 (size before relaxing)
 .debug_str     0x00014494       0x4d ../../LUFA/Drivers/USB/Core/Events.o
                               0xa095 (size before relaxing)
 .debug_str     0x000144e1       0x2e ../../LUFA/Drivers/USB/Core/HostStandardReq.o
                               0x190f (size before relaxing)
 .debug_str     0x0001450f       0x5c ../../LUFA/Drivers/USB/Core/USBTask.o
                               0xac40 (size before relaxing)
 .debug_str     0x0001456b      0x495 ../../LUFA/Drivers/USB/Class/Common/HIDParser.o
                               0xe33e (size before relaxing)
 .debug_str     0x00014a00      0x2a2 ../../LUFA/Drivers/USB/Class/Device/AudioClassDevice.o
                              0x10b66 (size before relaxing)
 .debug_str     0x00014ca2      0x263 ../../LUFA/Drivers/USB/Class/Device/CDCClassDevice.o
                              0x10eb9 (size before relaxing)
 .debug_str     0x00014f05      0x268 ../../LUFA/Drivers/USB/Class/Device/HIDClassDevice.o
                              0x10bb6 (size before relaxing)
 .debug_str     0x0001516d      0x289 ../../LUFA/Drivers/USB/Class/Device/MassStorageClassDevice.o
                              0x10cb8 (size before relaxing)
 .debug_str     0x000153f6      0x136 ../../LUFA/Drivers/USB/Class/Device/MIDIClassDevice.o
                              0x10afc (size before relaxing)
 .debug_str     0x0001552c      0x710 ../../LUFA/Drivers/USB/Class/Device/RNDISClassDevice.o
                              0x11219 (size before relaxing)
 .debug_str     0x00015c3c       0x3e ../../LUFA/Drivers/USB/Class/Host/AndroidAccessoryClassHost.o
                               0x191f (size before relaxing)
 .debug_str     0x00015c7a       0x33 ../../LUFA/Drivers/USB/Class/Host/AudioClassHost.o
                               0x1914 (size before relaxing)
 .debug_str     0x00015cad       0x31 ../../LUFA/Drivers/USB/Class/Host/CDCClassHost.o
                               0x1912 (size before relaxing)
 .debug_str     0x00015cde       0x31 ../../LUFA/Drivers/USB/Class/Host/HIDClassHost.o
                               0x1912 (size before relaxing)
 .debug_str     0x00015d0f       0x39 ../../LUFA/Drivers/USB/Class/Host/MassStorageClassHost.o
                               0x191a (size before relaxing)
 .debug_str     0x00015d48       0x32 ../../LUFA/Drivers/USB/Class/Host/MIDIClassHost.o
                               0x1913 (size before relaxing)
 .debug_str     0x00015d7a       0x35 ../../LUFA/Drivers/USB/Class/Host/PrinterClassHost.o
                               0x1916 (size before relaxing)
 .debug_str     0x00015daf       0x33 ../../LUFA/Drivers/USB/Class/Host/RNDISClassHost.o
                               0x1914 (size before relaxing)
 .debug_str     0x00015de2       0x38 ../../LUFA/Drivers/USB/Class/Host/StillImageClassHost.o
                               0x1919 (size before relaxing)

.debug_loc      0x00000000     0x71dc
 *(.debug_loc)
 .debug_loc     0x00000000      0x35f XilinxFpgaProg.o
 .debug_loc     0x0000035f      0x1f0 Descriptors.o
 .debug_loc     0x0000054f      0x11b clock.o
 .debug_loc     0x0000066a      0x27f timer.o
 .debug_loc     0x000008e9      0x4e9 application.o
 .debug_loc     0x00000dd2       0x8b XilinxProtocol.o
 .debug_loc     0x00000e5d      0x484 serial.o
 .debug_loc     0x000012e1      0x403 ../../LUFA/Drivers/USB/Core/AVR8/Endpoint_AVR8.o
 .debug_loc     0x000016e4      0x31e ../../LUFA/Drivers/USB/Core/AVR8/USBInterrupt_AVR8.o
 .debug_loc     0x00001a02     0x20c1 ../../LUFA/Drivers/USB/Core/AVR8/EndpointStream_AVR8.o
 .debug_loc     0x00003ac3      0x5bd ../../LUFA/Drivers/USB/Core/ConfigDescriptors.o
 .debug_loc     0x00004080      0x2f0 ../../LUFA/Drivers/USB/Core/DeviceStandardReq.o
 .debug_loc     0x00004370       0x49 ../../LUFA/Drivers/USB/Core/USBTask.o
 .debug_loc     0x000043b9      0xa84 ../../LUFA/Drivers/USB/Class/Common/HIDParser.o
 .debug_loc     0x00004e3d      0x3c6 ../../LUFA/Drivers/USB/Class/Device/AudioClassDevice.o
 .debug_loc     0x00005203      0x8cd ../../LUFA/Drivers/USB/Class/Device/CDCClassDevice.o
 .debug_loc     0x00005ad0      0x485 ../../LUFA/Drivers/USB/Class/Device/HIDClassDevice.o
 .debug_loc     0x00005f55      0x29f ../../LUFA/Drivers/USB/Class/Device/MassStorageClassDevice.o
 .debug_loc     0x000061f4      0x2b0 ../../LUFA/Drivers/USB/Class/Device/MIDIClassDevice.o
 .debug_loc     0x000064a4      0xd38 ../../LUFA/Drivers/USB/Class/Device/RNDISClassDevice.o

.debug_macinfo
 *(.debug_macinfo)
OUTPUT(XilinxFpgaProg.elf elf32-avr)
LOAD linker stubs

.debug_ranges   0x00000000      0x908
 .debug_ranges  0x00000000       0xa8 XilinxFpgaProg.o
 .debug_ranges  0x000000a8       0x10 Descriptors.o
 .debug_ranges  0x000000b8       0x20 clock.o
 .debug_ranges  0x000000d8       0x48 timer.o
 .debug_ranges  0x00000120       0x48 application.o
 .debug_ranges  0x00000168       0x20 XilinxProtocol.o
 .debug_ranges  0x00000188       0x58 serial.o
 .debug_ranges  0x000001e0       0x10 ../../LUFA/Drivers/USB/Core/AVR8/Device_AVR8.o
 .debug_ranges  0x000001f0       0x98 ../../LUFA/Drivers/USB/Core/AVR8/Endpoint_AVR8.o
 .debug_ranges  0x00000288       0x20 ../../LUFA/Drivers/USB/Core/AVR8/USBController_AVR8.o
 .debug_ranges  0x000002a8       0x28 ../../LUFA/Drivers/USB/Core/AVR8/USBInterrupt_AVR8.o
 .debug_ranges  0x000002d0      0x328 ../../LUFA/Drivers/USB/Core/AVR8/EndpointStream_AVR8.o
 .debug_ranges  0x000005f8       0x30 ../../LUFA/Drivers/USB/Core/ConfigDescriptors.o
 .debug_ranges  0x00000628       0x28 ../../LUFA/Drivers/USB/Core/DeviceStandardReq.o
 .debug_ranges  0x00000650       0x10 ../../LUFA/Drivers/USB/Core/Events.o
 .debug_ranges  0x00000660       0x10 ../../LUFA/Drivers/USB/Core/USBTask.o
 .debug_ranges  0x00000670       0xc8 ../../LUFA/Drivers/USB/Class/Common/HIDParser.o
 .debug_ranges  0x00000738       0x20 ../../LUFA/Drivers/USB/Class/Device/AudioClassDevice.o
 .debug_ranges  0x00000758       0x88 ../../LUFA/Drivers/USB/Class/Device/CDCClassDevice.o
 .debug_ranges  0x000007e0       0x20 ../../LUFA/Drivers/USB/Class/Device/HIDClassDevice.o
 .debug_ranges  0x00000800       0x38 ../../LUFA/Drivers/USB/Class/Device/MassStorageClassDevice.o
 .debug_ranges  0x00000838       0x30 ../../LUFA/Drivers/USB/Class/Device/MIDIClassDevice.o
 .debug_ranges  0x00000868       0xa0 ../../LUFA/Drivers/USB/Class/Device/RNDISClassDevice.o

.debug_macro    0x00000000    0x15e32
 .debug_macro   0x00000000      0xa48 XilinxFpgaProg.o
 .debug_macro   0x00000a48       0x22 XilinxFpgaProg.o
 .debug_macro   0x00000a6a      0x1ad XilinxFpgaProg.o
 .debug_macro   0x00000c17      0x293 XilinxFpgaProg.o
 .debug_macro   0x00000eaa       0x58 XilinxFpgaProg.o
 .debug_macro   0x00000f02       0x10 XilinxFpgaProg.o
 .debug_macro   0x00000f12       0x97 XilinxFpgaProg.o
 .debug_macro   0x00000fa9       0xeb XilinxFpgaProg.o
 .debug_macro   0x00001094       0xaa XilinxFpgaProg.o
 .debug_macro   0x0000113e     0x1583 XilinxFpgaProg.o
 .debug_macro   0x000026c1      0x13a XilinxFpgaProg.o
 .debug_macro   0x000027fb       0xcb XilinxFpgaProg.o
 .debug_macro   0x000028c6       0x34 XilinxFpgaProg.o
 .debug_macro   0x000028fa       0x18 XilinxFpgaProg.o
 .debug_macro   0x00002912       0x6c XilinxFpgaProg.o
 .debug_macro   0x0000297e       0x76 XilinxFpgaProg.o
 .debug_macro   0x000029f4       0x69 XilinxFpgaProg.o
 .debug_macro   0x00002a5d       0x65 XilinxFpgaProg.o
 .debug_macro   0x00002ac2       0x10 XilinxFpgaProg.o
 .debug_macro   0x00002ad2       0x12 XilinxFpgaProg.o
 .debug_macro   0x00002ae4       0xc4 XilinxFpgaProg.o
 .debug_macro   0x00002ba8       0x12 XilinxFpgaProg.o
 .debug_macro   0x00002bba       0x10 XilinxFpgaProg.o
 .debug_macro   0x00002bca       0x22 XilinxFpgaProg.o
 .debug_macro   0x00002bec       0x16 XilinxFpgaProg.o
 .debug_macro   0x00002c02       0x20 XilinxFpgaProg.o
 .debug_macro   0x00002c22       0xf5 XilinxFpgaProg.o
 .debug_macro   0x00002d17       0x22 XilinxFpgaProg.o
 .debug_macro   0x00002d39      0x161 XilinxFpgaProg.o
 .debug_macro   0x00002e9a       0x36 XilinxFpgaProg.o
 .debug_macro   0x00002ed0       0x1c XilinxFpgaProg.o
 .debug_macro   0x00002eec       0x68 XilinxFpgaProg.o
 .debug_macro   0x00002f54       0x34 XilinxFpgaProg.o
 .debug_macro   0x00002f88       0x87 XilinxFpgaProg.o
 .debug_macro   0x0000300f       0x35 XilinxFpgaProg.o
 .debug_macro   0x00003044      0x10c XilinxFpgaProg.o
 .debug_macro   0x00003150      0x160 XilinxFpgaProg.o
 .debug_macro   0x000032b0      0x167 XilinxFpgaProg.o
 .debug_macro   0x00003417       0x10 XilinxFpgaProg.o
 .debug_macro   0x00003427       0x1c XilinxFpgaProg.o
 .debug_macro   0x00003443       0x86 XilinxFpgaProg.o
 .debug_macro   0x000034c9       0x2e XilinxFpgaProg.o
 .debug_macro   0x000034f7       0x26 XilinxFpgaProg.o
 .debug_macro   0x0000351d       0x4d XilinxFpgaProg.o
 .debug_macro   0x0000356a       0x81 XilinxFpgaProg.o
 .debug_macro   0x000035eb       0x16 XilinxFpgaProg.o
 .debug_macro   0x00003601       0x12 XilinxFpgaProg.o
 .debug_macro   0x00003613       0x1c XilinxFpgaProg.o
 .debug_macro   0x0000362f       0x64 XilinxFpgaProg.o
 .debug_macro   0x00003693       0x3a XilinxFpgaProg.o
 .debug_macro   0x000036cd       0x20 XilinxFpgaProg.o
 .debug_macro   0x000036ed       0x10 XilinxFpgaProg.o
 .debug_macro   0x000036fd       0x1c XilinxFpgaProg.o
 .debug_macro   0x00003719       0x16 XilinxFpgaProg.o
 .debug_macro   0x0000372f       0x16 XilinxFpgaProg.o
 .debug_macro   0x00003745      0x12c XilinxFpgaProg.o
 .debug_macro   0x00003871       0x16 XilinxFpgaProg.o
 .debug_macro   0x00003887       0x46 XilinxFpgaProg.o
 .debug_macro   0x000038cd       0x16 XilinxFpgaProg.o
 .debug_macro   0x000038e3      0x154 XilinxFpgaProg.o
 .debug_macro   0x00003a37       0x2a XilinxFpgaProg.o
 .debug_macro   0x00003a61      0x647 XilinxFpgaProg.o
 .debug_macro   0x000040a8       0x16 XilinxFpgaProg.o
 .debug_macro   0x000040be      0x12b XilinxFpgaProg.o
 .debug_macro   0x000041e9       0x16 XilinxFpgaProg.o
 .debug_macro   0x000041ff       0x10 XilinxFpgaProg.o
 .debug_macro   0x0000420f       0x22 XilinxFpgaProg.o
 .debug_macro   0x00004231       0x16 XilinxFpgaProg.o
 .debug_macro   0x00004247       0x16 XilinxFpgaProg.o
 .debug_macro   0x0000425d       0x10 XilinxFpgaProg.o
 .debug_macro   0x0000426d      0x1c5 XilinxFpgaProg.o
 .debug_macro   0x00004432       0x16 XilinxFpgaProg.o
 .debug_macro   0x00004448       0x22 XilinxFpgaProg.o
 .debug_macro   0x0000446a       0x10 XilinxFpgaProg.o
 .debug_macro   0x0000447a       0x1c XilinxFpgaProg.o
 .debug_macro   0x00004496       0x12 XilinxFpgaProg.o
 .debug_macro   0x000044a8       0x10 XilinxFpgaProg.o
 .debug_macro   0x000044b8      0x10e XilinxFpgaProg.o
 .debug_macro   0x000045c6       0x10 XilinxFpgaProg.o
 .debug_macro   0x000045d6       0x1c XilinxFpgaProg.o
 .debug_macro   0x000045f2       0x34 XilinxFpgaProg.o
 .debug_macro   0x00004626       0x10 XilinxFpgaProg.o
 .debug_macro   0x00004636       0x10 XilinxFpgaProg.o
 .debug_macro   0x00004646      0x9a5 Descriptors.o
 .debug_macro   0x00004feb       0x89 Descriptors.o
 .debug_macro   0x00005074       0x35 Descriptors.o
 .debug_macro   0x000050a9      0x630 clock.o
 .debug_macro   0x000056d9       0x10 clock.o
 .debug_macro   0x000056e9       0x9e clock.o
 .debug_macro   0x00005787       0x34 clock.o
 .debug_macro   0x000057bb      0x627 timer.o
 .debug_macro   0x00005de2      0x9e7 application.o
 .debug_macro   0x000067c9       0x16 application.o
 .debug_macro   0x000067df      0x299 application.o
 .debug_macro   0x00006a78       0xb8 application.o
 .debug_macro   0x00006b30       0x52 application.o
 .debug_macro   0x00006b82      0x71c XilinxProtocol.o
 .debug_macro   0x0000729e      0x16d XilinxProtocol.o
 .debug_macro   0x0000740b       0x10 XilinxProtocol.o
 .debug_macro   0x0000741b       0x10 XilinxProtocol.o
 .debug_macro   0x0000742b       0x6c XilinxProtocol.o
 .debug_macro   0x00007497      0xa52 serial.o
 .debug_macro   0x00007ee9       0x4c serial.o
 .debug_macro   0x00007f35       0x2e serial.o
 .debug_macro   0x00007f63       0x72 serial.o
 .debug_macro   0x00007fd5      0x823 ../../LUFA/Drivers/USB/Core/AVR8/Device_AVR8.o
 .debug_macro   0x000087f8       0x47 ../../LUFA/Drivers/USB/Core/AVR8/Device_AVR8.o
 .debug_macro   0x0000883f      0x82b ../../LUFA/Drivers/USB/Core/AVR8/Endpoint_AVR8.o
 .debug_macro   0x0000906a       0x10 ../../LUFA/Drivers/USB/Core/AVR8/Endpoint_AVR8.o
 .debug_macro   0x0000907a      0x700 ../../LUFA/Drivers/USB/Core/AVR8/Host_AVR8.o
 .debug_macro   0x0000977a      0x700 ../../LUFA/Drivers/USB/Core/AVR8/Pipe_AVR8.o
 .debug_macro   0x00009e7a      0x803 ../../LUFA/Drivers/USB/Core/AVR8/USBController_AVR8.o
 .debug_macro   0x0000a67d       0x87 ../../LUFA/Drivers/USB/Core/AVR8/USBController_AVR8.o
 .debug_macro   0x0000a704      0x80b ../../LUFA/Drivers/USB/Core/AVR8/USBInterrupt_AVR8.o
 .debug_macro   0x0000af0f      0xb94 ../../LUFA/Drivers/USB/Core/AVR8/EndpointStream_AVR8.o
 .debug_macro   0x0000baa3       0x28 ../../LUFA/Drivers/USB/Core/AVR8/EndpointStream_AVR8.o
 .debug_macro   0x0000bacb       0x1c ../../LUFA/Drivers/USB/Core/AVR8/EndpointStream_AVR8.o
 .debug_macro   0x0000bae7       0x1c ../../LUFA/Drivers/USB/Core/AVR8/EndpointStream_AVR8.o
 .debug_macro   0x0000bb03      0x700 ../../LUFA/Drivers/USB/Core/AVR8/PipeStream_AVR8.o
 .debug_macro   0x0000c203      0x81a ../../LUFA/Drivers/USB/Core/ConfigDescriptors.o
 .debug_macro   0x0000ca1d      0x803 ../../LUFA/Drivers/USB/Core/DeviceStandardReq.o
 .debug_macro   0x0000d220       0x18 ../../LUFA/Drivers/USB/Core/DeviceStandardReq.o
 .debug_macro   0x0000d238      0x710 ../../LUFA/Drivers/USB/Core/Events.o
 .debug_macro   0x0000d948      0x5ae ../../LUFA/Drivers/USB/Core/HostStandardReq.o
 .debug_macro   0x0000def6      0x80f ../../LUFA/Drivers/USB/Core/USBTask.o
 .debug_macro   0x0000e705      0x74e ../../LUFA/Drivers/USB/Class/Common/HIDParser.o
 .debug_macro   0x0000ee53      0x9ae ../../LUFA/Drivers/USB/Class/Device/AudioClassDevice.o
 .debug_macro   0x0000f801       0x40 ../../LUFA/Drivers/USB/Class/Device/AudioClassDevice.o
 .debug_macro   0x0000f841      0x132 ../../LUFA/Drivers/USB/Class/Device/AudioClassDevice.o
 .debug_macro   0x0000f973      0x9ae ../../LUFA/Drivers/USB/Class/Device/CDCClassDevice.o
 .debug_macro   0x00010321      0x9b2 ../../LUFA/Drivers/USB/Class/Device/HIDClassDevice.o
 .debug_macro   0x00010cd3      0x9b8 ../../LUFA/Drivers/USB/Class/Device/MassStorageClassDevice.o
 .debug_macro   0x0001168b      0x125 ../../LUFA/Drivers/USB/Class/Device/MassStorageClassDevice.o
 .debug_macro   0x000117b0      0x9b2 ../../LUFA/Drivers/USB/Class/Device/MIDIClassDevice.o
 .debug_macro   0x00012162      0x9b2 ../../LUFA/Drivers/USB/Class/Device/RNDISClassDevice.o
 .debug_macro   0x00012b14      0x5ae ../../LUFA/Drivers/USB/Class/Host/AndroidAccessoryClassHost.o
 .debug_macro   0x000130c2      0x5ae ../../LUFA/Drivers/USB/Class/Host/AudioClassHost.o
 .debug_macro   0x00013670      0x5ae ../../LUFA/Drivers/USB/Class/Host/CDCClassHost.o
 .debug_macro   0x00013c1e      0x5ae ../../LUFA/Drivers/USB/Class/Host/HIDClassHost.o
 .debug_macro   0x000141cc      0x5ae ../../LUFA/Drivers/USB/Class/Host/MassStorageClassHost.o
 .debug_macro   0x0001477a      0x5ae ../../LUFA/Drivers/USB/Class/Host/MIDIClassHost.o
 .debug_macro   0x00014d28      0x5ae ../../LUFA/Drivers/USB/Class/Host/PrinterClassHost.o
 .debug_macro   0x000152d6      0x5ae ../../LUFA/Drivers/USB/Class/Host/RNDISClassHost.o
 .debug_macro   0x00015884      0x5ae ../../LUFA/Drivers/USB/Class/Host/StillImageClassHost.o

Cross Reference Table

Symbol                                            File
Audio_Device_ConfigureEndpoints                   ../../LUFA/Drivers/USB/Class/Device/AudioClassDevice.o
Audio_Device_Event_Stub                           ../../LUFA/Drivers/USB/Class/Device/AudioClassDevice.o
Audio_Device_ProcessControlRequest                ../../LUFA/Drivers/USB/Class/Device/AudioClassDevice.o
CALLBACK_Audio_Device_GetSetEndpointProperty      ../../LUFA/Drivers/USB/Class/Device/AudioClassDevice.o
CALLBACK_Audio_Device_GetSetInterfaceProperty     ../../LUFA/Drivers/USB/Class/Device/AudioClassDevice.o
CALLBACK_HIDParser_FilterHIDReportItem            ../../LUFA/Drivers/USB/Class/Common/HIDParser.o
CALLBACK_HID_Device_CreateHIDReport               ../../LUFA/Drivers/USB/Class/Device/HIDClassDevice.o
CALLBACK_HID_Device_ProcessHIDReport              ../../LUFA/Drivers/USB/Class/Device/HIDClassDevice.o
CALLBACK_MS_Device_SCSICommandReceived            ../../LUFA/Drivers/USB/Class/Device/MassStorageClassDevice.o
CALLBACK_USB_GetDescriptor                        Descriptors.o
                                                  ../../LUFA/Drivers/USB/Core/DeviceStandardReq.o
CDC_Device_BytesReceived                          ../../LUFA/Drivers/USB/Class/Device/CDCClassDevice.o
                                                  XilinxFpgaProg.o
CDC_Device_ConfigureEndpoints                     ../../LUFA/Drivers/USB/Class/Device/CDCClassDevice.o
                                                  XilinxFpgaProg.o
CDC_Device_CreateBlockingStream                   ../../LUFA/Drivers/USB/Class/Device/CDCClassDevice.o
CDC_Device_CreateStream                           ../../LUFA/Drivers/USB/Class/Device/CDCClassDevice.o
CDC_Device_Event_Stub                             ../../LUFA/Drivers/USB/Class/Device/CDCClassDevice.o
CDC_Device_Flush                                  ../../LUFA/Drivers/USB/Class/Device/CDCClassDevice.o
CDC_Device_ProcessControlRequest                  ../../LUFA/Drivers/USB/Class/Device/CDCClassDevice.o
                                                  XilinxFpgaProg.o
CDC_Device_ReceiveByte                            ../../LUFA/Drivers/USB/Class/Device/CDCClassDevice.o
                                                  application.o
CDC_Device_SendByte                               ../../LUFA/Drivers/USB/Class/Device/CDCClassDevice.o
                                                  XilinxFpgaProg.o
CDC_Device_SendControlLineStateChange             ../../LUFA/Drivers/USB/Class/Device/CDCClassDevice.o
CDC_Device_SendData                               ../../LUFA/Drivers/USB/Class/Device/CDCClassDevice.o
CDC_Device_SendString                             ../../LUFA/Drivers/USB/Class/Device/CDCClassDevice.o
CDC_Device_USBTask                                ../../LUFA/Drivers/USB/Class/Device/CDCClassDevice.o
                                                  XilinxFpgaProg.o
ConfigurationDescriptor                           Descriptors.o
DeviceDescriptor                                  Descriptors.o
EVENT_Audio_Device_StreamStartStop                ../../LUFA/Drivers/USB/Class/Device/AudioClassDevice.o
EVENT_CDC_Device_BreakSent                        ../../LUFA/Drivers/USB/Class/Device/CDCClassDevice.o
EVENT_CDC_Device_ControLineStateChanged           ../../LUFA/Drivers/USB/Class/Device/CDCClassDevice.o
EVENT_CDC_Device_LineEncodingChanged              XilinxFpgaProg.o
EVENT_USB_Device_ConfigurationChanged             XilinxFpgaProg.o
                                                  ../../LUFA/Drivers/USB/Core/DeviceStandardReq.o
EVENT_USB_Device_Connect                          XilinxFpgaProg.o
                                                  ../../LUFA/Drivers/USB/Core/AVR8/USBInterrupt_AVR8.o
EVENT_USB_Device_ControlRequest                   XilinxFpgaProg.o
                                                  ../../LUFA/Drivers/USB/Core/DeviceStandardReq.o
EVENT_USB_Device_Disconnect                       XilinxFpgaProg.o
                                                  ../../LUFA/Drivers/USB/Core/AVR8/USBInterrupt_AVR8.o
EVENT_USB_Device_Reset                            ../../LUFA/Drivers/USB/Core/Events.o
                                                  ../../LUFA/Drivers/USB/Core/AVR8/USBInterrupt_AVR8.o
EVENT_USB_Device_StartOfFrame                     ../../LUFA/Drivers/USB/Core/Events.o
                                                  ../../LUFA/Drivers/USB/Core/AVR8/USBInterrupt_AVR8.o
EVENT_USB_Device_Suspend                          ../../LUFA/Drivers/USB/Core/Events.o
EVENT_USB_Device_WakeUp                           ../../LUFA/Drivers/USB/Core/Events.o
Endpoint_ClearEndpoints                           ../../LUFA/Drivers/USB/Core/AVR8/Endpoint_AVR8.o
Endpoint_ClearStatusStage                         ../../LUFA/Drivers/USB/Core/AVR8/Endpoint_AVR8.o
                                                  ../../LUFA/Drivers/USB/Class/Device/MassStorageClassDevice.o
                                                  ../../LUFA/Drivers/USB/Class/Device/HIDClassDevice.o
                                                  ../../LUFA/Drivers/USB/Class/Device/CDCClassDevice.o
                                                  ../../LUFA/Drivers/USB/Class/Device/AudioClassDevice.o
                                                  ../../LUFA/Drivers/USB/Core/DeviceStandardReq.o
Endpoint_ConfigureEndpointTable                   ../../LUFA/Drivers/USB/Core/AVR8/Endpoint_AVR8.o
                                                  ../../LUFA/Drivers/USB/Class/Device/RNDISClassDevice.o
                                                  ../../LUFA/Drivers/USB/Class/Device/MIDIClassDevice.o
                                                  ../../LUFA/Drivers/USB/Class/Device/MassStorageClassDevice.o
                                                  ../../LUFA/Drivers/USB/Class/Device/HIDClassDevice.o
                                                  ../../LUFA/Drivers/USB/Class/Device/CDCClassDevice.o
                                                  ../../LUFA/Drivers/USB/Class/Device/AudioClassDevice.o
Endpoint_ConfigureEndpoint_Prv                    ../../LUFA/Drivers/USB/Core/AVR8/Endpoint_AVR8.o
                                                  ../../LUFA/Drivers/USB/Core/AVR8/USBInterrupt_AVR8.o
                                                  ../../LUFA/Drivers/USB/Core/AVR8/USBController_AVR8.o
Endpoint_Discard_Stream                           ../../LUFA/Drivers/USB/Core/AVR8/EndpointStream_AVR8.o
Endpoint_Null_Stream                              ../../LUFA/Drivers/USB/Core/AVR8/EndpointStream_AVR8.o
Endpoint_Read_Control_EStream_BE                  ../../LUFA/Drivers/USB/Core/AVR8/EndpointStream_AVR8.o
Endpoint_Read_Control_EStream_LE                  ../../LUFA/Drivers/USB/Core/AVR8/EndpointStream_AVR8.o
Endpoint_Read_Control_Stream_BE                   ../../LUFA/Drivers/USB/Core/AVR8/EndpointStream_AVR8.o
Endpoint_Read_Control_Stream_LE                   ../../LUFA/Drivers/USB/Core/AVR8/EndpointStream_AVR8.o
                                                  ../../LUFA/Drivers/USB/Class/Device/RNDISClassDevice.o
                                                  ../../LUFA/Drivers/USB/Class/Device/HIDClassDevice.o
                                                  ../../LUFA/Drivers/USB/Class/Device/AudioClassDevice.o
Endpoint_Read_EStream_BE                          ../../LUFA/Drivers/USB/Core/AVR8/EndpointStream_AVR8.o
Endpoint_Read_EStream_LE                          ../../LUFA/Drivers/USB/Core/AVR8/EndpointStream_AVR8.o
Endpoint_Read_Stream_BE                           ../../LUFA/Drivers/USB/Core/AVR8/EndpointStream_AVR8.o
Endpoint_Read_Stream_LE                           ../../LUFA/Drivers/USB/Core/AVR8/EndpointStream_AVR8.o
                                                  ../../LUFA/Drivers/USB/Class/Device/RNDISClassDevice.o
                                                  ../../LUFA/Drivers/USB/Class/Device/MIDIClassDevice.o
                                                  ../../LUFA/Drivers/USB/Class/Device/MassStorageClassDevice.o
Endpoint_WaitUntilReady                           ../../LUFA/Drivers/USB/Core/AVR8/Endpoint_AVR8.o
                                                  ../../LUFA/Drivers/USB/Class/Device/RNDISClassDevice.o
                                                  ../../LUFA/Drivers/USB/Class/Device/MIDIClassDevice.o
                                                  ../../LUFA/Drivers/USB/Class/Device/CDCClassDevice.o
                                                  ../../LUFA/Drivers/USB/Core/AVR8/EndpointStream_AVR8.o
Endpoint_Write_Control_EStream_BE                 ../../LUFA/Drivers/USB/Core/AVR8/EndpointStream_AVR8.o
Endpoint_Write_Control_EStream_LE                 ../../LUFA/Drivers/USB/Core/AVR8/EndpointStream_AVR8.o
Endpoint_Write_Control_PStream_BE                 ../../LUFA/Drivers/USB/Core/AVR8/EndpointStream_AVR8.o
Endpoint_Write_Control_PStream_LE                 ../../LUFA/Drivers/USB/Core/AVR8/EndpointStream_AVR8.o
                                                  ../../LUFA/Drivers/USB/Core/DeviceStandardReq.o
Endpoint_Write_Control_Stream_BE                  ../../LUFA/Drivers/USB/Core/AVR8/EndpointStream_AVR8.o
Endpoint_Write_Control_Stream_LE                  ../../LUFA/Drivers/USB/Core/AVR8/EndpointStream_AVR8.o
                                                  ../../LUFA/Drivers/USB/Class/Device/RNDISClassDevice.o
                                                  ../../LUFA/Drivers/USB/Class/Device/HIDClassDevice.o
                                                  ../../LUFA/Drivers/USB/Class/Device/AudioClassDevice.o
                                                  ../../LUFA/Drivers/USB/Core/DeviceStandardReq.o
Endpoint_Write_EStream_BE                         ../../LUFA/Drivers/USB/Core/AVR8/EndpointStream_AVR8.o
Endpoint_Write_EStream_LE                         ../../LUFA/Drivers/USB/Core/AVR8/EndpointStream_AVR8.o
Endpoint_Write_PStream_BE                         ../../LUFA/Drivers/USB/Core/AVR8/EndpointStream_AVR8.o
Endpoint_Write_PStream_LE                         ../../LUFA/Drivers/USB/Core/AVR8/EndpointStream_AVR8.o
Endpoint_Write_Stream_BE                          ../../LUFA/Drivers/USB/Core/AVR8/EndpointStream_AVR8.o
Endpoint_Write_Stream_LE                          ../../LUFA/Drivers/USB/Core/AVR8/EndpointStream_AVR8.o
                                                  ../../LUFA/Drivers/USB/Class/Device/RNDISClassDevice.o
                                                  ../../LUFA/Drivers/USB/Class/Device/MIDIClassDevice.o
                                                  ../../LUFA/Drivers/USB/Class/Device/MassStorageClassDevice.o
                                                  ../../LUFA/Drivers/USB/Class/Device/HIDClassDevice.o
                                                  ../../LUFA/Drivers/USB/Class/Device/CDCClassDevice.o
HID_Device_ConfigureEndpoints                     ../../LUFA/Drivers/USB/Class/Device/HIDClassDevice.o
HID_Device_ProcessControlRequest                  ../../LUFA/Drivers/USB/Class/Device/HIDClassDevice.o
HID_Device_USBTask                                ../../LUFA/Drivers/USB/Class/Device/HIDClassDevice.o
LanguageString                                    Descriptors.o
MIDI_Device_ConfigureEndpoints                    ../../LUFA/Drivers/USB/Class/Device/MIDIClassDevice.o
MIDI_Device_Flush                                 ../../LUFA/Drivers/USB/Class/Device/MIDIClassDevice.o
MIDI_Device_ReceiveEventPacket                    ../../LUFA/Drivers/USB/Class/Device/MIDIClassDevice.o
MIDI_Device_SendEventPacket                       ../../LUFA/Drivers/USB/Class/Device/MIDIClassDevice.o
MIDI_Device_USBTask                               ../../LUFA/Drivers/USB/Class/Device/MIDIClassDevice.o
MS_Device_ConfigureEndpoints                      ../../LUFA/Drivers/USB/Class/Device/MassStorageClassDevice.o
MS_Device_ProcessControlRequest                   ../../LUFA/Drivers/USB/Class/Device/MassStorageClassDevice.o
MS_Device_USBTask                                 ../../LUFA/Drivers/USB/Class/Device/MassStorageClassDevice.o
ManufacturerString                                Descriptors.o
ProductString                                     Descriptors.o
RNDIS_Device_ConfigureEndpoints                   ../../LUFA/Drivers/USB/Class/Device/RNDISClassDevice.o
RNDIS_Device_IsPacketReceived                     ../../LUFA/Drivers/USB/Class/Device/RNDISClassDevice.o
RNDIS_Device_ProcessControlRequest                ../../LUFA/Drivers/USB/Class/Device/RNDISClassDevice.o
RNDIS_Device_ReadPacket                           ../../LUFA/Drivers/USB/Class/Device/RNDISClassDevice.o
RNDIS_Device_SendPacket                           ../../LUFA/Drivers/USB/Class/Device/RNDISClassDevice.o
RNDIS_Device_USBTask                              ../../LUFA/Drivers/USB/Class/Device/RNDISClassDevice.o
SetupHardware                                     XilinxFpgaProg.o
USB_ControlRequest                                ../../LUFA/Drivers/USB/Class/Device/RNDISClassDevice.o
                                                  ../../LUFA/Drivers/USB/Class/Device/MassStorageClassDevice.o
                                                  ../../LUFA/Drivers/USB/Class/Device/HIDClassDevice.o
                                                  ../../LUFA/Drivers/USB/Class/Device/CDCClassDevice.o
                                                  ../../LUFA/Drivers/USB/Class/Device/AudioClassDevice.o
                                                  ../../LUFA/Drivers/USB/Core/USBTask.o
                                                  ../../LUFA/Drivers/USB/Core/DeviceStandardReq.o
                                                  ../../LUFA/Drivers/USB/Core/AVR8/EndpointStream_AVR8.o
                                                  ../../LUFA/Drivers/USB/Core/AVR8/Endpoint_AVR8.o
USB_Device_ConfigurationNumber                    ../../LUFA/Drivers/USB/Core/DeviceStandardReq.o
                                                  ../../LUFA/Drivers/USB/Core/AVR8/USBInterrupt_AVR8.o
                                                  ../../LUFA/Drivers/USB/Core/AVR8/USBController_AVR8.o
USB_Device_CurrentlySelfPowered                   ../../LUFA/Drivers/USB/Core/DeviceStandardReq.o
                                                  ../../LUFA/Drivers/USB/Core/AVR8/USBController_AVR8.o
USB_Device_ProcessControlRequest                  ../../LUFA/Drivers/USB/Core/DeviceStandardReq.o
                                                  ../../LUFA/Drivers/USB/Core/USBTask.o
                                                  ../../LUFA/Drivers/USB/Core/AVR8/USBInterrupt_AVR8.o
USB_Device_RemoteWakeupEnabled                    ../../LUFA/Drivers/USB/Core/DeviceStandardReq.o
                                                  ../../LUFA/Drivers/USB/Core/AVR8/USBController_AVR8.o
USB_Device_SendRemoteWakeup                       ../../LUFA/Drivers/USB/Core/AVR8/Device_AVR8.o
USB_Disable                                       ../../LUFA/Drivers/USB/Core/AVR8/USBController_AVR8.o
USB_Event_Stub                                    ../../LUFA/Drivers/USB/Core/Events.o
USB_GetHIDReportItemInfo                          ../../LUFA/Drivers/USB/Class/Common/HIDParser.o
USB_GetHIDReportSize                              ../../LUFA/Drivers/USB/Class/Common/HIDParser.o
USB_GetNextDescriptorComp                         ../../LUFA/Drivers/USB/Core/ConfigDescriptors.o
USB_GetNextDescriptorOfType                       ../../LUFA/Drivers/USB/Core/ConfigDescriptors.o
USB_GetNextDescriptorOfTypeAfter                  ../../LUFA/Drivers/USB/Core/ConfigDescriptors.o
USB_GetNextDescriptorOfTypeBefore                 ../../LUFA/Drivers/USB/Core/ConfigDescriptors.o
USB_INT_ClearAllInterrupts                        ../../LUFA/Drivers/USB/Core/AVR8/USBInterrupt_AVR8.o
                                                  ../../LUFA/Drivers/USB/Core/AVR8/USBController_AVR8.o
USB_INT_DisableAllInterrupts                      ../../LUFA/Drivers/USB/Core/AVR8/USBInterrupt_AVR8.o
                                                  ../../LUFA/Drivers/USB/Core/AVR8/USBController_AVR8.o
USB_Init                                          ../../LUFA/Drivers/USB/Core/AVR8/USBController_AVR8.o
                                                  XilinxFpgaProg.o
USB_IsInitialized                                 ../../LUFA/Drivers/USB/Core/USBTask.o
                                                  ../../LUFA/Drivers/USB/Core/AVR8/USBController_AVR8.o
USB_ProcessHIDReport                              ../../LUFA/Drivers/USB/Class/Common/HIDParser.o
USB_ResetInterface                                ../../LUFA/Drivers/USB/Core/AVR8/USBController_AVR8.o
USB_SetHIDReportItemInfo                          ../../LUFA/Drivers/USB/Class/Common/HIDParser.o
USB_USBTask                                       ../../LUFA/Drivers/USB/Core/USBTask.o
                                                  ../../LUFA/Drivers/USB/Class/Device/CDCClassDevice.o
                                                  XilinxFpgaProg.o
VirtualSerial_CDC_Interface                       XilinxFpgaProg.o
__bad_interrupt                                   /usr/lib/gcc/avr/4.7.0/../../../avr/lib/avr35/crtm32u2.o
__bss_end                                         /usr/lib/gcc/avr/4.7.0/avr35/libgcc.a(_clear_bss.o)
__bss_start                                       /usr/lib/gcc/avr/4.7.0/avr35/libgcc.a(_clear_bss.o)
__data_end                                        /usr/lib/gcc/avr/4.7.0/avr35/libgcc.a(_copy_data.o)
__data_load_start                                 /usr/lib/gcc/avr/4.7.0/avr35/libgcc.a(_copy_data.o)
__data_start                                      /usr/lib/gcc/avr/4.7.0/avr35/libgcc.a(_copy_data.o)
__do_clear_bss                                    /usr/lib/gcc/avr/4.7.0/avr35/libgcc.a(_clear_bss.o)
                                                  /usr/lib/gcc/avr/4.7.0/../../../avr/lib/avr35/libc.a(iob.o)
                                                  ../../LUFA/Drivers/USB/Core/USBTask.o
                                                  ../../LUFA/Drivers/USB/Core/DeviceStandardReq.o
                                                  serial.o
                                                  clock.o
__do_copy_data                                    /usr/lib/gcc/avr/4.7.0/avr35/libgcc.a(_copy_data.o)
                                                  ../../LUFA/Drivers/USB/Class/Device/RNDISClassDevice.o
                                                  ../../LUFA/Drivers/USB/Class/Device/CDCClassDevice.o
                                                  XilinxFpgaProg.o
__eerd_byte_m32u2                                 /usr/lib/gcc/avr/4.7.0/../../../avr/lib/avr35/libc.a(eerd_byte_atmega32u2.o)
                                                  ../../LUFA/Drivers/USB/Core/AVR8/EndpointStream_AVR8.o
__eeupd_byte_m32u2                                /usr/lib/gcc/avr/4.7.0/../../../avr/lib/avr35/libc.a(eeupd_byte_atmega32u2.o)
                                                  ../../LUFA/Drivers/USB/Core/AVR8/EndpointStream_AVR8.o
__eeupd_r18_m32u2                                 /usr/lib/gcc/avr/4.7.0/../../../avr/lib/avr35/libc.a(eeupd_byte_atmega32u2.o)
__heap_end                                        /usr/lib/gcc/avr/4.7.0/../../../avr/lib/avr35/crtm32u2.o
__init                                            /usr/lib/gcc/avr/4.7.0/../../../avr/lib/avr35/crtm32u2.o
__iob                                             /usr/lib/gcc/avr/4.7.0/../../../avr/lib/avr35/libc.a(iob.o)
                                                  XilinxFpgaProg.o
__mulhi3                                          /usr/lib/gcc/avr/4.7.0/avr35/libgcc.a(_mulhi3.o)
                                                  ../../LUFA/Drivers/USB/Class/Common/HIDParser.o
__stack                                           /usr/lib/gcc/avr/4.7.0/../../../avr/lib/avr35/crtm32u2.o
__udivmodsi4                                      /usr/lib/gcc/avr/4.7.0/avr35/libgcc.a(_udivmodsi4.o)
                                                  XilinxFpgaProg.o
__vector_1                                        /usr/lib/gcc/avr/4.7.0/../../../avr/lib/avr35/crtm32u2.o
__vector_10                                       /usr/lib/gcc/avr/4.7.0/../../../avr/lib/avr35/crtm32u2.o
__vector_11                                       ../../LUFA/Drivers/USB/Core/AVR8/USBInterrupt_AVR8.o
                                                  /usr/lib/gcc/avr/4.7.0/../../../avr/lib/avr35/crtm32u2.o
__vector_12                                       ../../LUFA/Drivers/USB/Core/AVR8/USBInterrupt_AVR8.o
                                                  /usr/lib/gcc/avr/4.7.0/../../../avr/lib/avr35/crtm32u2.o
__vector_13                                       /usr/lib/gcc/avr/4.7.0/../../../avr/lib/avr35/crtm32u2.o
__vector_14                                       /usr/lib/gcc/avr/4.7.0/../../../avr/lib/avr35/crtm32u2.o
__vector_15                                       /usr/lib/gcc/avr/4.7.0/../../../avr/lib/avr35/crtm32u2.o
__vector_16                                       /usr/lib/gcc/avr/4.7.0/../../../avr/lib/avr35/crtm32u2.o
__vector_17                                       /usr/lib/gcc/avr/4.7.0/../../../avr/lib/avr35/crtm32u2.o
__vector_18                                       /usr/lib/gcc/avr/4.7.0/../../../avr/lib/avr35/crtm32u2.o
__vector_19                                       clock.o
                                                  /usr/lib/gcc/avr/4.7.0/../../../avr/lib/avr35/crtm32u2.o
__vector_2                                        /usr/lib/gcc/avr/4.7.0/../../../avr/lib/avr35/crtm32u2.o
__vector_20                                       /usr/lib/gcc/avr/4.7.0/../../../avr/lib/avr35/crtm32u2.o
__vector_21                                       /usr/lib/gcc/avr/4.7.0/../../../avr/lib/avr35/crtm32u2.o
__vector_22                                       /usr/lib/gcc/avr/4.7.0/../../../avr/lib/avr35/crtm32u2.o
__vector_23                                       XilinxFpgaProg.o
                                                  /usr/lib/gcc/avr/4.7.0/../../../avr/lib/avr35/crtm32u2.o
__vector_24                                       /usr/lib/gcc/avr/4.7.0/../../../avr/lib/avr35/crtm32u2.o
__vector_25                                       /usr/lib/gcc/avr/4.7.0/../../../avr/lib/avr35/crtm32u2.o
__vector_26                                       /usr/lib/gcc/avr/4.7.0/../../../avr/lib/avr35/crtm32u2.o
__vector_27                                       /usr/lib/gcc/avr/4.7.0/../../../avr/lib/avr35/crtm32u2.o
__vector_28                                       /usr/lib/gcc/avr/4.7.0/../../../avr/lib/avr35/crtm32u2.o
__vector_3                                        /usr/lib/gcc/avr/4.7.0/../../../avr/lib/avr35/crtm32u2.o
__vector_4                                        /usr/lib/gcc/avr/4.7.0/../../../avr/lib/avr35/crtm32u2.o
__vector_5                                        /usr/lib/gcc/avr/4.7.0/../../../avr/lib/avr35/crtm32u2.o
__vector_6                                        /usr/lib/gcc/avr/4.7.0/../../../avr/lib/avr35/crtm32u2.o
__vector_7                                        /usr/lib/gcc/avr/4.7.0/../../../avr/lib/avr35/crtm32u2.o
__vector_8                                        /usr/lib/gcc/avr/4.7.0/../../../avr/lib/avr35/crtm32u2.o
__vector_9                                        /usr/lib/gcc/avr/4.7.0/../../../avr/lib/avr35/crtm32u2.o
__vector_default                                  /usr/lib/gcc/avr/4.7.0/../../../avr/lib/avr35/crtm32u2.o
__vectors                                         /usr/lib/gcc/avr/4.7.0/../../../avr/lib/avr35/crtm32u2.o
_exit                                             /usr/lib/gcc/avr/4.7.0/avr35/libgcc.a(_exit.o)
appInit                                           application.o
                                                  XilinxFpgaProg.o
appSerialDataReceived                             application.o
                                                  XilinxFpgaProg.o
appService                                        application.o
                                                  XilinxFpgaProg.o
appUsbDataReceived                                application.o
                                                  XilinxFpgaProg.o
clockGetTime                                      clock.o
                                                  timer.o
clockInit                                         clock.o
                                                  XilinxFpgaProg.o
exit                                              /usr/lib/gcc/avr/4.7.0/avr35/libgcc.a(_exit.o)
                                                  /usr/lib/gcc/avr/4.7.0/../../../avr/lib/avr35/crtm32u2.o
main                                              XilinxFpgaProg.o
                                                  /usr/lib/gcc/avr/4.7.0/../../../avr/lib/avr35/crtm32u2.o
memcmp                                            /usr/lib/gcc/avr/4.7.0/../../../avr/lib/avr35/libc.a(memcmp.o)
                                                  ../../LUFA/Drivers/USB/Class/Device/HIDClassDevice.o
memcpy                                            /usr/lib/gcc/avr/4.7.0/../../../avr/lib/avr35/libc.a(memcpy.o)
                                                  ../../LUFA/Drivers/USB/Class/Device/RNDISClassDevice.o
                                                  ../../LUFA/Drivers/USB/Class/Device/HIDClassDevice.o
memcpy_P                                          /usr/lib/gcc/avr/4.7.0/../../../avr/lib/avr35/libc.a(memcpy_P.o)
                                                  ../../LUFA/Drivers/USB/Class/Device/RNDISClassDevice.o
memset                                            /usr/lib/gcc/avr/4.7.0/../../../avr/lib/avr35/libc.a(memset.o)
                                                  ../../LUFA/Drivers/USB/Class/Device/HIDClassDevice.o
serialAddByte                                     serial.o
                                                  application.o
serialInit                                        serial.o
                                                  XilinxFpgaProg.o
serialProcess                                     serial.o
                                                  application.o
timerExpired                                      timer.o
                                                  application.o
                                                  XilinxFpgaProg.o
timerReset                                        timer.o
timerRestart                                      timer.o
                                                  application.o
                                                  XilinxFpgaProg.o
timerSet                                          timer.o
                                                  application.o
                                                  XilinxFpgaProg.o
timerStop                                         timer.o
xilinxInit                                        XilinxProtocol.o
                                                  XilinxFpgaProg.o
xilinxSend                                        XilinxProtocol.o
                                                  serial.o
xilinxSetupConfiguration                          XilinxProtocol.o
                                                  serial.o
