Archive member included because of file (symbol)

/usr/lib/gcc/avr/4.5.3/avr51/libgcc.a(_mulsi3.o)
                              ../../../../LUFA/Drivers/USB/Class/Host/MassStorageClassHost.o (__mulsi3)
/usr/lib/gcc/avr/4.5.3/avr51/libgcc.a(_udivmodsi4.o)
                              AudioInput.o (__udivmodsi4)
/usr/lib/gcc/avr/4.5.3/avr51/libgcc.a(_exit.o)
                              /usr/lib/gcc/avr/4.5.3/../../../avr/lib/avr51/crtusb1286.o (exit)
/usr/lib/gcc/avr/4.5.3/avr51/libgcc.a(_copy_data.o)
                              AudioInput.o (__do_copy_data)
/usr/lib/gcc/avr/4.5.3/avr51/libgcc.a(_clear_bss.o)
                              AudioInput.o (__do_clear_bss)
/usr/lib/gcc/avr/4.5.3/../../../avr/lib/avr51/libc.a(memcpy_P.o)
                              ../../../../LUFA/Drivers/USB/Class/Device/RNDISClassDevice.o (memcpy_P)
/usr/lib/gcc/avr/4.5.3/../../../avr/lib/avr51/libc.a(memcmp.o)
                              ../../../../LUFA/Drivers/USB/Class/Device/HIDClassDevice.o (memcmp)
/usr/lib/gcc/avr/4.5.3/../../../avr/lib/avr51/libc.a(memcpy.o)
                              ../../../../LUFA/Drivers/USB/Class/Device/HIDClassDevice.o (memcpy)
/usr/lib/gcc/avr/4.5.3/../../../avr/lib/avr51/libc.a(memmove.o)
                              ../../../../LUFA/Drivers/USB/Class/Host/PrinterClassHost.o (memmove)
/usr/lib/gcc/avr/4.5.3/../../../avr/lib/avr51/libc.a(memset.o)
                              ../../../../LUFA/Drivers/USB/Class/Device/HIDClassDevice.o (memset)
/usr/lib/gcc/avr/4.5.3/../../../avr/lib/avr51/libc.a(eerd_byte_at90usb1287.o)
                              ../../../../LUFA/Drivers/USB/Core/AVR8/EndpointStream_AVR8.o (__eerd_byte_usb1287)
/usr/lib/gcc/avr/4.5.3/../../../avr/lib/avr51/libc.a(eeupd_byte_at90usb1287.o)
                              ../../../../LUFA/Drivers/USB/Core/AVR8/EndpointStream_AVR8.o (__eeupd_byte_usb1287)

Allocating common symbols
Common symbol       size              file

USB_IsInitialized   0x1               ../../../../LUFA/Drivers/USB/Core/USBTask.o
USB_Host_ConfigurationNumber
                    0x1               ../../../../LUFA/Drivers/USB/Core/HostStandardReq.o
USB_DeviceState     0x1               ../../../../LUFA/Drivers/USB/Core/USBTask.o
USB_Device_ConfigurationNumber
                    0x1               ../../../../LUFA/Drivers/USB/Core/DeviceStandardReq.o
USB_Device_CurrentlySelfPowered
                    0x1               ../../../../LUFA/Drivers/USB/Core/DeviceStandardReq.o
USB_ControlRequest  0x8               ../../../../LUFA/Drivers/USB/Core/USBTask.o
USB_Device_RemoteWakeupEnabled
                    0x1               ../../../../LUFA/Drivers/USB/Core/DeviceStandardReq.o

Discarded input sections

 .data          0x00000000        0x0 /usr/lib/gcc/avr/4.5.3/../../../avr/lib/avr51/crtusb1286.o
 .bss           0x00000000        0x0 /usr/lib/gcc/avr/4.5.3/../../../avr/lib/avr51/crtusb1286.o
 .text          0x00000000        0x0 AudioInput.o
 .text          0x00000000        0x0 Descriptors.o
 .data          0x00000000        0x0 Descriptors.o
 .bss           0x00000000        0x0 Descriptors.o
 .text          0x00000000        0x0 ../../../../LUFA/Drivers/USB/Core/AVR8/Device_AVR8.o
 .data          0x00000000        0x0 ../../../../LUFA/Drivers/USB/Core/AVR8/Device_AVR8.o
 .bss           0x00000000        0x0 ../../../../LUFA/Drivers/USB/Core/AVR8/Device_AVR8.o
 .text.USB_Device_SendRemoteWakeup
                0x00000000       0x2c ../../../../LUFA/Drivers/USB/Core/AVR8/Device_AVR8.o
 .text          0x00000000        0x0 ../../../../LUFA/Drivers/USB/Core/AVR8/Endpoint_AVR8.o
 .data          0x00000000        0x0 ../../../../LUFA/Drivers/USB/Core/AVR8/Endpoint_AVR8.o
 .bss           0x00000000        0x0 ../../../../LUFA/Drivers/USB/Core/AVR8/Endpoint_AVR8.o
 .text.Endpoint_ClearEndpoints
                0x00000000       0x2c ../../../../LUFA/Drivers/USB/Core/AVR8/Endpoint_AVR8.o
 .text.Endpoint_WaitUntilReady
                0x00000000       0x68 ../../../../LUFA/Drivers/USB/Core/AVR8/Endpoint_AVR8.o
 .text          0x00000000        0x0 ../../../../LUFA/Drivers/USB/Core/AVR8/Host_AVR8.o
 .data          0x00000000        0x0 ../../../../LUFA/Drivers/USB/Core/AVR8/Host_AVR8.o
 .bss           0x00000000        0x0 ../../../../LUFA/Drivers/USB/Core/AVR8/Host_AVR8.o
 .text          0x00000000        0x0 ../../../../LUFA/Drivers/USB/Core/AVR8/Pipe_AVR8.o
 .data          0x00000000        0x0 ../../../../LUFA/Drivers/USB/Core/AVR8/Pipe_AVR8.o
 .bss           0x00000000        0x0 ../../../../LUFA/Drivers/USB/Core/AVR8/Pipe_AVR8.o
 .text          0x00000000        0x0 ../../../../LUFA/Drivers/USB/Core/AVR8/USBController_AVR8.o
 .data          0x00000000        0x0 ../../../../LUFA/Drivers/USB/Core/AVR8/USBController_AVR8.o
 .bss           0x00000000        0x0 ../../../../LUFA/Drivers/USB/Core/AVR8/USBController_AVR8.o
 .text.USB_Disable
                0x00000000       0x34 ../../../../LUFA/Drivers/USB/Core/AVR8/USBController_AVR8.o
[...]
Memory Configuration

Name             Origin             Length             Attributes
text             0x00000000         0x00020000         xr
data             0x00800100         0x0000ff00         rw !x
eeprom           0x00810000         0x00010000         rw !x
fuse             0x00820000         0x00000400         rw !x
lock             0x00830000         0x00000400         rw !x
signature        0x00840000         0x00000400         rw !x
*default*        0x00000000         0xffffffff

Linker script and memory map

Address of section .data set to 0x800100
LOAD /usr/lib/gcc/avr/4.5.3/../../../avr/lib/avr51/crtusb1286.o
LOAD /usr/lib/gcc/avr/4.5.3/../../../avr/lib/avr51/libm.a
LOAD AudioInput.o
LOAD Descriptors.o
LOAD ../../../../LUFA/Drivers/USB/Core/AVR8/Device_AVR8.o
LOAD ../../../../LUFA/Drivers/USB/Core/AVR8/Endpoint_AVR8.o
LOAD ../../../../LUFA/Drivers/USB/Core/AVR8/Host_AVR8.o
LOAD ../../../../LUFA/Drivers/USB/Core/AVR8/Pipe_AVR8.o
LOAD ../../../../LUFA/Drivers/USB/Core/AVR8/USBController_AVR8.o
LOAD ../../../../LUFA/Drivers/USB/Core/AVR8/USBInterrupt_AVR8.o
LOAD ../../../../LUFA/Drivers/USB/Core/AVR8/EndpointStream_AVR8.o
LOAD ../../../../LUFA/Drivers/USB/Core/AVR8/PipeStream_AVR8.o
LOAD ../../../../LUFA/Drivers/USB/Core/ConfigDescriptors.o
LOAD ../../../../LUFA/Drivers/USB/Core/DeviceStandardReq.o
LOAD ../../../../LUFA/Drivers/USB/Core/Events.o
LOAD ../../../../LUFA/Drivers/USB/Core/HostStandardReq.o
LOAD ../../../../LUFA/Drivers/USB/Core/USBTask.o
LOAD ../../../../LUFA/Drivers/USB/Class/Common/HIDParser.o
LOAD ../../../../LUFA/Drivers/USB/Class/Device/AudioClassDevice.o
LOAD ../../../../LUFA/Drivers/USB/Class/Device/CDCClassDevice.o
LOAD ../../../../LUFA/Drivers/USB/Class/Device/HIDClassDevice.o
LOAD ../../../../LUFA/Drivers/USB/Class/Device/MassStorageClassDevice.o
LOAD ../../../../LUFA/Drivers/USB/Class/Device/MIDIClassDevice.o
LOAD ../../../../LUFA/Drivers/USB/Class/Device/RNDISClassDevice.o
LOAD ../../../../LUFA/Drivers/USB/Class/Host/AndroidAccessoryClassHost.o
LOAD ../../../../LUFA/Drivers/USB/Class/Host/AudioClassHost.o
LOAD ../../../../LUFA/Drivers/USB/Class/Host/CDCClassHost.o
LOAD ../../../../LUFA/Drivers/USB/Class/Host/HIDClassHost.o
LOAD ../../../../LUFA/Drivers/USB/Class/Host/MassStorageClassHost.o
LOAD ../../../../LUFA/Drivers/USB/Class/Host/MIDIClassHost.o
LOAD ../../../../LUFA/Drivers/USB/Class/Host/PrinterClassHost.o
LOAD ../../../../LUFA/Drivers/USB/Class/Host/RNDISClassHost.o
LOAD ../../../../LUFA/Drivers/USB/Class/Host/StillImageClassHost.o
LOAD /usr/lib/gcc/avr/4.5.3/avr51/libgcc.a
LOAD /usr/lib/gcc/avr/4.5.3/../../../avr/lib/avr51/libc.a
LOAD /usr/lib/gcc/avr/4.5.3/avr51/libgcc.a

.hash
 *(.hash)

.dynsym
 *(.dynsym)

.dynstr
 *(.dynstr)

.gnu.version
 *(.gnu.version)

.gnu.version_d
 *(.gnu.version_d)

.gnu.version_r
 *(.gnu.version_r)

.rel.init
 *(.rel.init)

.rela.init
 *(.rela.init)

.rel.text
 *(.rel.text)
 *(.rel.text.*)
 *(.rel.gnu.linkonce.t*)

.rela.text
 *(.rela.text)
 *(.rela.text.*)
 *(.rela.gnu.linkonce.t*)

.rel.fini
 *(.rel.fini)

.rela.fini
 *(.rela.fini)

.rel.rodata
 *(.rel.rodata)
 *(.rel.rodata.*)
 *(.rel.gnu.linkonce.r*)

.rela.rodata
 *(.rela.rodata)
 *(.rela.rodata.*)
 *(.rela.gnu.linkonce.r*)

.rel.data
 *(.rel.data)
 *(.rel.data.*)
 *(.rel.gnu.linkonce.d*)

.rela.data
 *(.rela.data)
 *(.rela.data.*)
 *(.rela.gnu.linkonce.d*)

.rel.ctors
 *(.rel.ctors)

.rela.ctors
 *(.rela.ctors)

.rel.dtors
 *(.rel.dtors)

.rela.dtors
 *(.rela.dtors)

.rel.got
 *(.rel.got)

.rela.got
 *(.rela.got)

.rel.bss
 *(.rel.bss)

.rela.bss
 *(.rela.bss)

.rel.plt
 *(.rel.plt)

.rela.plt
 *(.rela.plt)

.text           0x00000000     0x1036
 *(.vectors)
 .vectors       0x00000000       0x98 /usr/lib/gcc/avr/4.5.3/../../../avr/lib/avr51/crtusb1286.o
                0x00000000                __vectors
                0x00000000                __vector_default
 *(.vectors)
 *(.progmem.gcc*)
 *(.progmem*)
 .progmem.data  0x00000098       0xc8 Descriptors.o
                0x00000098                DeviceDescriptor
                0x000000aa                ConfigurationDescriptor
                0x0000011a                LanguageString
                0x0000011e                ManufacturerString
                0x00000138                ProductString
                0x00000160                . = ALIGN (0x2)
                0x00000160                __trampolines_start = .
 *(.trampolines)
 .trampolines   0x00000160        0x0 linker stubs
 *(.trampolines*)
                0x00000160                __trampolines_end = .
 *(.jumptables)
 *(.jumptables*)
 *(.lowtext)
 *(.lowtext*)
                0x00000160                __ctors_start = .
 *(.ctors)
                0x00000160                __ctors_end = .
                0x00000160                __dtors_start = .
 *(.dtors)
                0x00000160                __dtors_end = .
 SORT(*)(.ctors)
 SORT(*)(.dtors)
 *(.init0)
 .init0         0x00000160        0x0 /usr/lib/gcc/avr/4.5.3/../../../avr/lib/avr51/crtusb1286.o
                0x00000160                __init
 *(.init0)
 *(.init1)
 *(.init1)
 *(.init2)
 .init2         0x00000160        0xc /usr/lib/gcc/avr/4.5.3/../../../avr/lib/avr51/crtusb1286.o
 *(.init2)
 *(.init3)
 *(.init3)
 *(.init4)
 .init4         0x0000016c       0x1a /usr/lib/gcc/avr/4.5.3/avr51/libgcc.a(_copy_data.o)
                0x0000016c                __do_copy_data
 .init4         0x00000186       0x10 /usr/lib/gcc/avr/4.5.3/avr51/libgcc.a(_clear_bss.o)
                0x00000186                __do_clear_bss
 *(.init4)
 *(.init5)
 *(.init5)
 *(.init6)
 *(.init6)
 *(.init7)
 *(.init7)
 *(.init8)
 *(.init8)
 *(.init9)
 .init9         0x00000196        0x4 /usr/lib/gcc/avr/4.5.3/../../../avr/lib/avr51/crtusb1286.o
 *(.init9)
 *(.text)
 .text          0x0000019a        0x2 /usr/lib/gcc/avr/4.5.3/../../../avr/lib/avr51/crtusb1286.o
                0x0000019a                __vector_22
                0x0000019a                __vector_28
                0x0000019a                __vector_1
                0x0000019a                __vector_32
                0x0000019a                __vector_34
                0x0000019a                __vector_24
                0x0000019a                __vector_12
                0x0000019a                __bad_interrupt
                0x0000019a                __vector_6
                0x0000019a                __vector_31
                0x0000019a                __vector_35
                0x0000019a                __vector_3
                0x0000019a                __vector_23
                0x0000019a                __vector_30
                0x0000019a                __vector_25
                0x0000019a                __vector_11
                0x0000019a                __vector_13
                0x0000019a                __vector_17
                0x0000019a                __vector_19
                0x0000019a                __vector_7
                0x0000019a                __vector_27
                0x0000019a                __vector_5
                0x0000019a                __vector_33
                0x0000019a                __vector_37
                0x0000019a                __vector_4
                0x0000019a                __vector_9
                0x0000019a                __vector_2
                0x0000019a                __vector_15
                0x0000019a                __vector_36
                0x0000019a                __vector_29
                0x0000019a                __vector_8
                0x0000019a                __vector_26
                0x0000019a                __vector_14
                0x0000019a                __vector_16
                0x0000019a                __vector_18
                0x0000019a                __vector_20
                0x0000019c                . = ALIGN (0x2)
 *(.text.*)
 .text.LEDs_SetAllLEDs
                0x0000019c        0xa AudioInput.o
 .text.SetupHardware
                0x000001a6       0x64 AudioInput.o
                0x000001a6                SetupHardware
 .text.main     0x0000020a        0xc AudioInput.o
                0x0000020a                main
 .text.__vector_21
                0x00000216       0xca AudioInput.o
                0x00000216                __vector_21
 .text.EVENT_USB_Device_Connect
                0x000002e0       0x32 AudioInput.o
                0x000002e0                EVENT_USB_Device_Connect
 .text.EVENT_USB_Device_Disconnect
                0x00000312        0x6 AudioInput.o
                0x00000312                EVENT_USB_Device_Disconnect
 .text.EVENT_USB_Device_ConfigurationChanged
                0x00000318       0x12 AudioInput.o
                0x00000318                EVENT_USB_Device_ConfigurationChanged
 .text.EVENT_USB_Device_ControlRequest
                0x0000032a        0x6 AudioInput.o
                0x0000032a                EVENT_USB_Device_ControlRequest
 .text.CALLBACK_Audio_Device_GetSetEndpointProperty
                0x00000330       0xb6 AudioInput.o
                0x00000330                CALLBACK_Audio_Device_GetSetEndpointProperty
 .text.CALLBACK_Audio_Device_GetSetInterfaceProperty
                0x000003e6        0x4 AudioInput.o
                0x000003e6                CALLBACK_Audio_Device_GetSetInterfaceProperty
 .text.CALLBACK_USB_GetDescriptor
                0x000003ea       0x5a Descriptors.o
                0x000003ea                CALLBACK_USB_GetDescriptor
 .text.Endpoint_ConfigureEndpoint_Prv
                0x00000444       0x6e ../../../../LUFA/Drivers/USB/Core/AVR8/Endpoint_AVR8.o
                0x00000444                Endpoint_ConfigureEndpoint_Prv
 .text.Endpoint_ConfigureEndpointTable
                0x000004b2       0x88 ../../../../LUFA/Drivers/USB/Core/AVR8/Endpoint_AVR8.o
                0x000004b2                Endpoint_ConfigureEndpointTable
 .text.Endpoint_ClearStatusStage
                0x0000053a       0x42 ../../../../LUFA/Drivers/USB/Core/AVR8/Endpoint_AVR8.o
                0x0000053a                Endpoint_ClearStatusStage
 .text.USB_ResetInterface
                0x0000057c       0x8a ../../../../LUFA/Drivers/USB/Core/AVR8/USBController_AVR8.o
                0x0000057c                USB_ResetInterface
 .text.USB_Init
                0x00000606       0x12 ../../../../LUFA/Drivers/USB/Core/AVR8/USBController_AVR8.o
                0x00000606                USB_Init
 .text.USB_INT_DisableAllInterrupts
                0x00000618       0x10 ../../../../LUFA/Drivers/USB/Core/AVR8/USBInterrupt_AVR8.o
                0x00000618                USB_INT_DisableAllInterrupts
 .text.USB_INT_ClearAllInterrupts
                0x00000628        0xa ../../../../LUFA/Drivers/USB/Core/AVR8/USBInterrupt_AVR8.o
                0x00000628                USB_INT_ClearAllInterrupts
 .text.__vector_10
                0x00000632      0x190 ../../../../LUFA/Drivers/USB/Core/AVR8/USBInterrupt_AVR8.o
                0x00000632                __vector_10
 .text.Endpoint_Write_Control_Stream_LE
                0x000007c2       0xbc ../../../../LUFA/Drivers/USB/Core/AVR8/EndpointStream_AVR8.o
                0x000007c2                Endpoint_Write_Control_Stream_LE
 .text.Endpoint_Read_Control_Stream_LE
                0x0000087e       0x82 ../../../../LUFA/Drivers/USB/Core/AVR8/EndpointStream_AVR8.o
                0x0000087e                Endpoint_Read_Control_Stream_LE
 .text.Endpoint_Write_Control_PStream_LE
                0x00000900       0xbc ../../../../LUFA/Drivers/USB/Core/AVR8/EndpointStream_AVR8.o
                0x00000900                Endpoint_Write_Control_PStream_LE
 .text.USB_Device_ProcessControlRequest
                0x000009bc      0x2cc ../../../../LUFA/Drivers/USB/Core/DeviceStandardReq.o
                0x000009bc                USB_Device_ProcessControlRequest
 .text.USB_Event_Stub
                0x00000c88        0x2 ../../../../LUFA/Drivers/USB/Core/Events.o
                0x00000c88                EVENT_USB_Device_WakeUp
                0x00000c88                USB_Event_Stub
                0x00000c88                EVENT_USB_Device_Suspend
                0x00000c88                EVENT_USB_Device_StartOfFrame
                0x00000c88                EVENT_USB_Device_Reset
 .text.USB_USBTask
                0x00000c8a       0x38 ../../../../LUFA/Drivers/USB/Core/USBTask.o
                0x00000c8a                USB_USBTask
 .text.Audio_Device_ProcessControlRequest
                0x00000cc2      0x2fe ../../../../LUFA/Drivers/USB/Class/Device/AudioClassDevice.o
                0x00000cc2                Audio_Device_ProcessControlRequest
 .text.Audio_Device_ConfigureEndpoints
                0x00000fc0       0x2c ../../../../LUFA/Drivers/USB/Class/Device/AudioClassDevice.o
                0x00000fc0                Audio_Device_ConfigureEndpoints
 .text.Audio_Device_Event_Stub
                0x00000fec        0x2 ../../../../LUFA/Drivers/USB/Class/Device/AudioClassDevice.o
                0x00000fec                Audio_Device_Event_Stub
                0x00000fec                EVENT_Audio_Device_StreamStartStop
 .text.libgcc   0x00000fee       0x44 /usr/lib/gcc/avr/4.5.3/avr51/libgcc.a(_udivmodsi4.o)
                0x00000fee                __udivmodsi4
                0x00001032                . = ALIGN (0x2)
 *(.fini9)
 .fini9         0x00001032        0x0 /usr/lib/gcc/avr/4.5.3/avr51/libgcc.a(_exit.o)
                0x00001032                exit
                0x00001032                _exit
 *(.fini9)
 *(.fini8)
 *(.fini8)
 *(.fini7)
 *(.fini7)
 *(.fini6)
 *(.fini6)
 *(.fini5)
 *(.fini5)
 *(.fini4)
 *(.fini4)
 *(.fini3)
 *(.fini3)
 *(.fini2)
 *(.fini2)
 *(.fini1)
 *(.fini1)
 *(.fini0)
 .fini0         0x00001032        0x4 /usr/lib/gcc/avr/4.5.3/avr51/libgcc.a(_exit.o)
 *(.fini0)
                0x00001036                _etext = .

.data           0x00800100       0x12 load address 0x00001036
                0x00800100                PROVIDE (__data_start, .)
 *(.data)
 .data          0x00800100       0x11 AudioInput.o
                0x00800100                Microphone_Audio_Interface
 *(.data*)
 *(.rodata)
 *(.rodata*)
 *(.gnu.linkonce.d*)
                0x00800112                . = ALIGN (0x2)
 *fill*         0x00800111        0x1 00
                0x00800112                _edata = .
                0x00800112                PROVIDE (__data_end, .)

.bss            0x00800112       0x10
                0x00800112                PROVIDE (__bss_start, .)
 *(.bss)
 .bss           0x00800112        0x3 AudioInput.o
 *(.bss*)
 *(COMMON)
 COMMON         0x00800115        0x3 ../../../../LUFA/Drivers/USB/Core/DeviceStandardReq.o
                0x00800115                USB_Device_ConfigurationNumber
                0x00800116                USB_Device_CurrentlySelfPowered
                0x00800117                USB_Device_RemoteWakeupEnabled
 COMMON         0x00800118        0xa ../../../../LUFA/Drivers/USB/Core/USBTask.o
                0x00800118                USB_IsInitialized
                0x00800119                USB_DeviceState
                0x0080011a                USB_ControlRequest
                0x00800122                PROVIDE (__bss_end, .)
                0x00001036                __data_load_start = LOADADDR (.data)
                0x00001048                __data_load_end = (__data_load_start + SIZEOF (.data))

.noinit         0x00800122        0x0
                0x00800122                PROVIDE (__noinit_start, .)
 *(.noinit*)
                0x00800122                PROVIDE (__noinit_end, .)
                0x00800122                _end = .
                0x00800122                PROVIDE (__heap_start, .)

.eeprom         0x00810000        0x0
 *(.eeprom*)
                0x00810000                __eeprom_end = .

.fuse
 *(.fuse)
 *(.lfuse)
 *(.hfuse)
 *(.efuse)

.lock
 *(.lock*)

.signature
 *(.signature*)

.stab           0x00000000      0xb7c
 *(.stab)
 .stab          0x00000000      0x6cc /usr/lib/gcc/avr/4.5.3/../../../avr/lib/avr51/crtusb1286.o
 .stab          0x000006cc       0x84 /usr/lib/gcc/avr/4.5.3/../../../avr/lib/avr51/libc.a(memcpy_P.o)
                                 0x90 (size before relaxing)
 .stab          0x00000750       0xb4 /usr/lib/gcc/avr/4.5.3/../../../avr/lib/avr51/libc.a(memcmp.o)
                                 0xc0 (size before relaxing)
 .stab          0x00000804       0x84 /usr/lib/gcc/avr/4.5.3/../../../avr/lib/avr51/libc.a(memcpy.o)
                                 0x90 (size before relaxing)
 .stab          0x00000888       0xe4 /usr/lib/gcc/avr/4.5.3/../../../avr/lib/avr51/libc.a(memmove.o)
                                 0xf0 (size before relaxing)
 .stab          0x0000096c       0x6c /usr/lib/gcc/avr/4.5.3/../../../avr/lib/avr51/libc.a(memset.o)
                                 0x78 (size before relaxing)
 .stab          0x000009d8       0x90 /usr/lib/gcc/avr/4.5.3/../../../avr/lib/avr51/libc.a(eerd_byte_at90usb1287.o)
                                 0x9c (size before relaxing)
 .stab          0x00000a68      0x114 /usr/lib/gcc/avr/4.5.3/../../../avr/lib/avr51/libc.a(eeupd_byte_at90usb1287.o)
                                0x120 (size before relaxing)

.stabstr        0x00000000      0x19e
 *(.stabstr)
 .stabstr       0x00000000      0x19e /usr/lib/gcc/avr/4.5.3/../../../avr/lib/avr51/crtusb1286.o

.stab.excl
 *(.stab.excl)

.stab.exclstr
 *(.stab.exclstr)

.stab.index
 *(.stab.index)

.stab.indexstr
 *(.stab.indexstr)

.comment
 *(.comment)

.debug
 *(.debug)

.line
 *(.line)

.debug_srcinfo
 *(.debug_srcinfo)

.debug_sfnames
 *(.debug_sfnames)

.debug_aranges  0x00000000      0x960
 *(.debug_aranges)
 .debug_aranges
                0x00000000       0x68 AudioInput.o
 .debug_aranges
                0x00000068       0x20 Descriptors.o
 .debug_aranges
                0x00000088       0x20 ../../../../LUFA/Drivers/USB/Core/AVR8/Device_AVR8.o
 .debug_aranges
                0x000000a8       0x40 ../../../../LUFA/Drivers/USB/Core/AVR8/Endpoint_AVR8.o
 .debug_aranges
                0x000000e8       0x30 ../../../../LUFA/Drivers/USB/Core/AVR8/USBController_AVR8.o
 .debug_aranges
                0x00000118       0x30 ../../../../LUFA/Drivers/USB/Core/AVR8/USBInterrupt_AVR8.o
 .debug_aranges
                0x00000148       0xc8 ../../../../LUFA/Drivers/USB/Core/AVR8/EndpointStream_AVR8.o
 .debug_aranges
                0x00000210       0x38 ../../../../LUFA/Drivers/USB/Core/ConfigDescriptors.o
 .debug_aranges
                0x00000248       0x20 ../../../../LUFA/Drivers/USB/Core/DeviceStandardReq.o
 .debug_aranges
                0x00000268       0x20 ../../../../LUFA/Drivers/USB/Core/Events.o
 .debug_aranges
                0x00000288       0x60 ../../../../LUFA/Drivers/USB/Core/HostStandardReq.o
 .debug_aranges
                0x000002e8       0x20 ../../../../LUFA/Drivers/USB/Core/USBTask.o
 .debug_aranges
                0x00000308       0x38 ../../../../LUFA/Drivers/USB/Class/Common/HIDParser.o
 .debug_aranges
                0x00000340       0x30 ../../../../LUFA/Drivers/USB/Class/Device/AudioClassDevice.o
 .debug_aranges
                0x00000370       0x98 ../../../../LUFA/Drivers/USB/Class/Device/CDCClassDevice.o
 .debug_aranges
                0x00000408       0x30 ../../../../LUFA/Drivers/USB/Class/Device/HIDClassDevice.o
 .debug_aranges
                0x00000438       0x30 ../../../../LUFA/Drivers/USB/Class/Device/MassStorageClassDevice.o
 .debug_aranges
                0x00000468       0x40 ../../../../LUFA/Drivers/USB/Class/Device/MIDIClassDevice.o
 .debug_aranges
                0x000004a8       0x48 ../../../../LUFA/Drivers/USB/Class/Device/RNDISClassDevice.o
 .debug_aranges
                0x000004f0       0xa0 ../../../../LUFA/Drivers/USB/Class/Host/AndroidAccessoryClassHost.o
 .debug_aranges
                0x00000590       0x48 ../../../../LUFA/Drivers/USB/Class/Host/AudioClassHost.o
 .debug_aranges
                0x000005d8       0xb8 ../../../../LUFA/Drivers/USB/Class/Host/CDCClassHost.o
 .debug_aranges
                0x00000690       0x70 ../../../../LUFA/Drivers/USB/Class/Host/HIDClassHost.o
 .debug_aranges
                0x00000700       0x88 ../../../../LUFA/Drivers/USB/Class/Host/MassStorageClassHost.o
 .debug_aranges
                0x00000788       0x50 ../../../../LUFA/Drivers/USB/Class/Host/MIDIClassHost.o
 .debug_aranges
                0x000007d8       0x88 ../../../../LUFA/Drivers/USB/Class/Host/PrinterClassHost.o
 .debug_aranges
                0x00000860       0x80 ../../../../LUFA/Drivers/USB/Class/Host/RNDISClassHost.o
 .debug_aranges
                0x000008e0       0x80 ../../../../LUFA/Drivers/USB/Class/Host/StillImageClassHost.o

.debug_pubnames
                0x00000000     0x17a4
 *(.debug_pubnames)
 .debug_pubnames
                0x00000000      0x14a AudioInput.o
 .debug_pubnames
                0x0000014a       0x9e Descriptors.o
 .debug_pubnames
                0x000001e8       0x32 ../../../../LUFA/Drivers/USB/Core/AVR8/Device_AVR8.o
 .debug_pubnames
                0x0000021a       0xaf ../../../../LUFA/Drivers/USB/Core/AVR8/Endpoint_AVR8.o
 .debug_pubnames
                0x000002c9       0x46 ../../../../LUFA/Drivers/USB/Core/AVR8/USBController_AVR8.o
 .debug_pubnames
                0x0000030f       0x62 ../../../../LUFA/Drivers/USB/Core/AVR8/USBInterrupt_AVR8.o
 .debug_pubnames
                0x00000371      0x2df ../../../../LUFA/Drivers/USB/Core/AVR8/EndpointStream_AVR8.o
 .debug_pubnames
                0x00000650       0x9b ../../../../LUFA/Drivers/USB/Core/ConfigDescriptors.o
 .debug_pubnames
                0x000006eb       0xa1 ../../../../LUFA/Drivers/USB/Core/DeviceStandardReq.o
 .debug_pubnames
                0x0000078c       0x25 ../../../../LUFA/Drivers/USB/Core/Events.o
 .debug_pubnames
                0x000007b1      0x13b ../../../../LUFA/Drivers/USB/Core/HostStandardReq.o
 .debug_pubnames
                0x000008ec       0x63 ../../../../LUFA/Drivers/USB/Core/USBTask.o
 .debug_pubnames
                0x0000094f       0x7e ../../../../LUFA/Drivers/USB/Class/Common/HIDParser.o
 .debug_pubnames
                0x000009cd       0x79 ../../../../LUFA/Drivers/USB/Class/Device/AudioClassDevice.o
 .debug_pubnames
                0x00000a46      0x18b ../../../../LUFA/Drivers/USB/Class/Device/CDCClassDevice.o
 .debug_pubnames
                0x00000bd1       0x70 ../../../../LUFA/Drivers/USB/Class/Device/HIDClassDevice.o
 .debug_pubnames
                0x00000c41       0x6d ../../../../LUFA/Drivers/USB/Class/Device/MassStorageClassDevice.o
 .debug_pubnames
                0x00000cae       0xa6 ../../../../LUFA/Drivers/USB/Class/Device/MIDIClassDevice.o
 .debug_pubnames
                0x00000d54       0xd0 ../../../../LUFA/Drivers/USB/Class/Device/RNDISClassDevice.o
 .debug_pubnames
                0x00000e24      0x14f ../../../../LUFA/Drivers/USB/Class/Host/AndroidAccessoryClassHost.o
 .debug_pubnames
                0x00000f73       0x78 ../../../../LUFA/Drivers/USB/Class/Host/AudioClassHost.o
 .debug_pubnames
                0x00000feb      0x17e ../../../../LUFA/Drivers/USB/Class/Host/CDCClassHost.o
 .debug_pubnames
                0x00001169       0xf9 ../../../../LUFA/Drivers/USB/Class/Host/HIDClassHost.o
 .debug_pubnames
                0x00001262      0x12e ../../../../LUFA/Drivers/USB/Class/Host/MassStorageClassHost.o
 .debug_pubnames
                0x00001390       0x98 ../../../../LUFA/Drivers/USB/Class/Host/MIDIClassHost.o
 .debug_pubnames
                0x00001428      0x147 ../../../../LUFA/Drivers/USB/Class/Host/PrinterClassHost.o
 .debug_pubnames
                0x0000156f      0x103 ../../../../LUFA/Drivers/USB/Class/Host/RNDISClassHost.o
 .debug_pubnames
                0x00001672      0x132 ../../../../LUFA/Drivers/USB/Class/Host/StillImageClassHost.o

.debug_info     0x00000000    0x11115
 *(.debug_info)
 .debug_info    0x00000000      0x7f7 AudioInput.o
 .debug_info    0x000007f7      0xaa9 Descriptors.o
 .debug_info    0x000012a0       0xdc ../../../../LUFA/Drivers/USB/Core/AVR8/Device_AVR8.o
 .debug_info    0x0000137c      0x626 ../../../../LUFA/Drivers/USB/Core/AVR8/Endpoint_AVR8.o
 .debug_info    0x000019a2       0x70 ../../../../LUFA/Drivers/USB/Core/AVR8/Host_AVR8.o
 .debug_info    0x00001a12       0x70 ../../../../LUFA/Drivers/USB/Core/AVR8/Pipe_AVR8.o
 .debug_info    0x00001a82      0x48b ../../../../LUFA/Drivers/USB/Core/AVR8/USBController_AVR8.o
 .debug_info    0x00001f0d      0x5e0 ../../../../LUFA/Drivers/USB/Core/AVR8/USBInterrupt_AVR8.o
 .debug_info    0x000024ed     0x156f ../../../../LUFA/Drivers/USB/Core/AVR8/EndpointStream_AVR8.o
 .debug_info    0x00003a5c       0x70 ../../../../LUFA/Drivers/USB/Core/AVR8/PipeStream_AVR8.o
 .debug_info    0x00003acc      0x390 ../../../../LUFA/Drivers/USB/Core/ConfigDescriptors.o
 .debug_info    0x00003e5c      0x9d5 ../../../../LUFA/Drivers/USB/Core/DeviceStandardReq.o
 .debug_info    0x00004831       0x89 ../../../../LUFA/Drivers/USB/Core/Events.o
 .debug_info    0x000048ba      0x98c ../../../../LUFA/Drivers/USB/Core/HostStandardReq.o
 .debug_info    0x00005246      0x26f ../../../../LUFA/Drivers/USB/Core/USBTask.o
 .debug_info    0x000054b5      0x6fd ../../../../LUFA/Drivers/USB/Class/Common/HIDParser.o
 .debug_info    0x00005bb2      0x5a9 ../../../../LUFA/Drivers/USB/Class/Device/AudioClassDevice.o
 .debug_info    0x0000615b      0xc3e ../../../../LUFA/Drivers/USB/Class/Device/CDCClassDevice.o
 .debug_info    0x00006d99      0x6b7 ../../../../LUFA/Drivers/USB/Class/Device/HIDClassDevice.o
 .debug_info    0x00007450      0x807 ../../../../LUFA/Drivers/USB/Class/Device/MassStorageClassDevice.o
 .debug_info    0x00007c57      0x4c4 ../../../../LUFA/Drivers/USB/Class/Device/MIDIClassDevice.o
 .debug_info    0x0000811b      0xf30 ../../../../LUFA/Drivers/USB/Class/Device/RNDISClassDevice.o
 .debug_info    0x0000904b     0x104e ../../../../LUFA/Drivers/USB/Class/Host/AndroidAccessoryClassHost.o
 .debug_info    0x0000a099      0x788 ../../../../LUFA/Drivers/USB/Class/Host/AudioClassHost.o
 .debug_info    0x0000a821     0x100c ../../../../LUFA/Drivers/USB/Class/Host/CDCClassHost.o
 .debug_info    0x0000b82d      0xf9d ../../../../LUFA/Drivers/USB/Class/Host/HIDClassHost.o
 .debug_info    0x0000c7ca     0x140a ../../../../LUFA/Drivers/USB/Class/Host/MassStorageClassHost.o
 .debug_info    0x0000dbd4      0x8da ../../../../LUFA/Drivers/USB/Class/Host/MIDIClassHost.o
 .debug_info    0x0000e4ae      0xdab ../../../../LUFA/Drivers/USB/Class/Host/PrinterClassHost.o
 .debug_info    0x0000f259     0x116f ../../../../LUFA/Drivers/USB/Class/Host/RNDISClassHost.o
 .debug_info    0x000103c8      0xd4d ../../../../LUFA/Drivers/USB/Class/Host/StillImageClassHost.o
 *(.gnu.linkonce.wi.*)

.debug_abbrev   0x00000000     0x383f
 *(.debug_abbrev)
 .debug_abbrev  0x00000000      0x2ec AudioInput.o
 .debug_abbrev  0x000002ec      0x196 Descriptors.o
 .debug_abbrev  0x00000482       0x7f ../../../../LUFA/Drivers/USB/Core/AVR8/Device_AVR8.o
 .debug_abbrev  0x00000501      0x1f7 ../../../../LUFA/Drivers/USB/Core/AVR8/Endpoint_AVR8.o
 .debug_abbrev  0x000006f8       0x2c ../../../../LUFA/Drivers/USB/Core/AVR8/Host_AVR8.o
 .debug_abbrev  0x00000724       0x2c ../../../../LUFA/Drivers/USB/Core/AVR8/Pipe_AVR8.o
 .debug_abbrev  0x00000750      0x12f ../../../../LUFA/Drivers/USB/Core/AVR8/USBController_AVR8.o
 .debug_abbrev  0x0000087f      0x180 ../../../../LUFA/Drivers/USB/Core/AVR8/USBInterrupt_AVR8.o
 .debug_abbrev  0x000009ff      0x194 ../../../../LUFA/Drivers/USB/Core/AVR8/EndpointStream_AVR8.o
 .debug_abbrev  0x00000b93       0x2c ../../../../LUFA/Drivers/USB/Core/AVR8/PipeStream_AVR8.o
 .debug_abbrev  0x00000bbf      0x14a ../../../../LUFA/Drivers/USB/Core/ConfigDescriptors.o
 .debug_abbrev  0x00000d09      0x214 ../../../../LUFA/Drivers/USB/Core/DeviceStandardReq.o
 .debug_abbrev  0x00000f1d       0x43 ../../../../LUFA/Drivers/USB/Core/Events.o
 .debug_abbrev  0x00000f60      0x27a ../../../../LUFA/Drivers/USB/Core/HostStandardReq.o
 .debug_abbrev  0x000011da      0x163 ../../../../LUFA/Drivers/USB/Core/USBTask.o
 .debug_abbrev  0x0000133d      0x1ee ../../../../LUFA/Drivers/USB/Class/Common/HIDParser.o
 .debug_abbrev  0x0000152b      0x169 ../../../../LUFA/Drivers/USB/Class/Device/AudioClassDevice.o
 .debug_abbrev  0x00001694      0x2f0 ../../../../LUFA/Drivers/USB/Class/Device/CDCClassDevice.o
 .debug_abbrev  0x00001984      0x1be ../../../../LUFA/Drivers/USB/Class/Device/HIDClassDevice.o
 .debug_abbrev  0x00001b42      0x207 ../../../../LUFA/Drivers/USB/Class/Device/MassStorageClassDevice.o
 .debug_abbrev  0x00001d49      0x186 ../../../../LUFA/Drivers/USB/Class/Device/MIDIClassDevice.o
 .debug_abbrev  0x00001ecf      0x2bb ../../../../LUFA/Drivers/USB/Class/Device/RNDISClassDevice.o
 .debug_abbrev  0x0000218a      0x346 ../../../../LUFA/Drivers/USB/Class/Host/AndroidAccessoryClassHost.o
 .debug_abbrev  0x000024d0      0x1b3 ../../../../LUFA/Drivers/USB/Class/Host/AudioClassHost.o
 .debug_abbrev  0x00002683      0x30a ../../../../LUFA/Drivers/USB/Class/Host/CDCClassHost.o
 .debug_abbrev  0x0000298d      0x299 ../../../../LUFA/Drivers/USB/Class/Host/HIDClassHost.o
 .debug_abbrev  0x00002c26      0x300 ../../../../LUFA/Drivers/USB/Class/Host/MassStorageClassHost.o
 .debug_abbrev  0x00002f26      0x1b4 ../../../../LUFA/Drivers/USB/Class/Host/MIDIClassHost.o
 .debug_abbrev  0x000030da      0x2b2 ../../../../LUFA/Drivers/USB/Class/Host/PrinterClassHost.o
 .debug_abbrev  0x0000338c      0x252 ../../../../LUFA/Drivers/USB/Class/Host/RNDISClassHost.o
 .debug_abbrev  0x000035de      0x261 ../../../../LUFA/Drivers/USB/Class/Host/StillImageClassHost.o

.debug_line     0x00000000    0x205c7
 *(.debug_line)
 .debug_line    0x00000000     0x11ca AudioInput.o
 .debug_line    0x000011ca      0xc74 Descriptors.o
 .debug_line    0x00001e3e      0x8b7 ../../../../LUFA/Drivers/USB/Core/AVR8/Device_AVR8.o
 .debug_line    0x000026f5      0xc0e ../../../../LUFA/Drivers/USB/Core/AVR8/Endpoint_AVR8.o
 .debug_line    0x00003303      0x379 ../../../../LUFA/Drivers/USB/Core/AVR8/Host_AVR8.o
 .debug_line    0x0000367c      0x379 ../../../../LUFA/Drivers/USB/Core/AVR8/Pipe_AVR8.o
 .debug_line    0x000039f5      0x84a ../../../../LUFA/Drivers/USB/Core/AVR8/USBController_AVR8.o
 .debug_line    0x0000423f      0xb02 ../../../../LUFA/Drivers/USB/Core/AVR8/USBInterrupt_AVR8.o
 .debug_line    0x00004d41     0x2060 ../../../../LUFA/Drivers/USB/Core/AVR8/EndpointStream_AVR8.o
 .debug_line    0x00006da1      0x37f ../../../../LUFA/Drivers/USB/Core/AVR8/PipeStream_AVR8.o
 .debug_line    0x00007120      0x826 ../../../../LUFA/Drivers/USB/Core/ConfigDescriptors.o
 .debug_line    0x00007946      0xc7d ../../../../LUFA/Drivers/USB/Core/DeviceStandardReq.o
 .debug_line    0x000085c3      0x362 ../../../../LUFA/Drivers/USB/Core/Events.o
 .debug_line    0x00008925      0xd48 ../../../../LUFA/Drivers/USB/Core/HostStandardReq.o
 .debug_line    0x0000966d      0x729 ../../../../LUFA/Drivers/USB/Core/USBTask.o
 .debug_line    0x00009d96      0xaef ../../../../LUFA/Drivers/USB/Class/Common/HIDParser.o
 .debug_line    0x0000a885     0x1480 ../../../../LUFA/Drivers/USB/Class/Device/AudioClassDevice.o
 .debug_line    0x0000bd05     0x191d ../../../../LUFA/Drivers/USB/Class/Device/CDCClassDevice.o
 .debug_line    0x0000d622     0x1592 ../../../../LUFA/Drivers/USB/Class/Device/HIDClassDevice.o
 .debug_line    0x0000ebb4     0x1565 ../../../../LUFA/Drivers/USB/Class/Device/MassStorageClassDevice.o
 .debug_line    0x00010119     0x13ab ../../../../LUFA/Drivers/USB/Class/Device/MIDIClassDevice.o
 .debug_line    0x000114c4     0x172d ../../../../LUFA/Drivers/USB/Class/Device/RNDISClassDevice.o
 .debug_line    0x00012bf1     0x19a9 ../../../../LUFA/Drivers/USB/Class/Host/AndroidAccessoryClassHost.o
 .debug_line    0x0001459a     0x14d0 ../../../../LUFA/Drivers/USB/Class/Host/AudioClassHost.o
 .debug_line    0x00015a6a     0x1a22 ../../../../LUFA/Drivers/USB/Class/Host/CDCClassHost.o
 .debug_line    0x0001748c     0x1748 ../../../../LUFA/Drivers/USB/Class/Host/HIDClassHost.o
 .debug_line    0x00018bd4     0x196a ../../../../LUFA/Drivers/USB/Class/Host/MassStorageClassHost.o
 .debug_line    0x0001a53e     0x157b ../../../../LUFA/Drivers/USB/Class/Host/MIDIClassHost.o
 .debug_line    0x0001bab9     0x18fe ../../../../LUFA/Drivers/USB/Class/Host/PrinterClassHost.o
 .debug_line    0x0001d3b7     0x1858 ../../../../LUFA/Drivers/USB/Class/Host/RNDISClassHost.o
 .debug_line    0x0001ec0f     0x19b8 ../../../../LUFA/Drivers/USB/Class/Host/StillImageClassHost.o

.debug_frame    0x00000000      0xf40
 *(.debug_frame)
 .debug_frame   0x00000000       0xb0 AudioInput.o
 .debug_frame   0x000000b0       0x20 Descriptors.o
 .debug_frame   0x000000d0       0x20 ../../../../LUFA/Drivers/USB/Core/AVR8/Device_AVR8.o
 .debug_frame   0x000000f0       0x60 ../../../../LUFA/Drivers/USB/Core/AVR8/Endpoint_AVR8.o
 .debug_frame   0x00000150       0x40 ../../../../LUFA/Drivers/USB/Core/AVR8/USBController_AVR8.o
 .debug_frame   0x00000190       0x40 ../../../../LUFA/Drivers/USB/Core/AVR8/USBInterrupt_AVR8.o
 .debug_frame   0x000001d0      0x170 ../../../../LUFA/Drivers/USB/Core/AVR8/EndpointStream_AVR8.o
 .debug_frame   0x00000340       0x50 ../../../../LUFA/Drivers/USB/Core/ConfigDescriptors.o
 .debug_frame   0x00000390       0x20 ../../../../LUFA/Drivers/USB/Core/DeviceStandardReq.o
 .debug_frame   0x000003b0       0x20 ../../../../LUFA/Drivers/USB/Core/Events.o
 .debug_frame   0x000003d0       0xa0 ../../../../LUFA/Drivers/USB/Core/HostStandardReq.o
 .debug_frame   0x00000470       0x20 ../../../../LUFA/Drivers/USB/Core/USBTask.o
 .debug_frame   0x00000490       0x50 ../../../../LUFA/Drivers/USB/Class/Common/HIDParser.o
 .debug_frame   0x000004e0       0x40 ../../../../LUFA/Drivers/USB/Class/Device/AudioClassDevice.o
 .debug_frame   0x00000520      0x110 ../../../../LUFA/Drivers/USB/Class/Device/CDCClassDevice.o
 .debug_frame   0x00000630       0x40 ../../../../LUFA/Drivers/USB/Class/Device/HIDClassDevice.o
 .debug_frame   0x00000670       0x40 ../../../../LUFA/Drivers/USB/Class/Device/MassStorageClassDevice.o
 .debug_frame   0x000006b0       0x60 ../../../../LUFA/Drivers/USB/Class/Device/MIDIClassDevice.o
 .debug_frame   0x00000710       0x70 ../../../../LUFA/Drivers/USB/Class/Device/RNDISClassDevice.o
 .debug_frame   0x00000780      0x120 ../../../../LUFA/Drivers/USB/Class/Host/AndroidAccessoryClassHost.o
 .debug_frame   0x000008a0       0x70 ../../../../LUFA/Drivers/USB/Class/Host/AudioClassHost.o
 .debug_frame   0x00000910      0x150 ../../../../LUFA/Drivers/USB/Class/Host/CDCClassHost.o
 .debug_frame   0x00000a60       0xc0 ../../../../LUFA/Drivers/USB/Class/Host/HIDClassHost.o
 .debug_frame   0x00000b20       0xf0 ../../../../LUFA/Drivers/USB/Class/Host/MassStorageClassHost.o
 .debug_frame   0x00000c10       0x80 ../../../../LUFA/Drivers/USB/Class/Host/MIDIClassHost.o
 .debug_frame   0x00000c90       0xf0 ../../../../LUFA/Drivers/USB/Class/Host/PrinterClassHost.o
 .debug_frame   0x00000d80       0xe0 ../../../../LUFA/Drivers/USB/Class/Host/RNDISClassHost.o
 .debug_frame   0x00000e60       0xe0 ../../../../LUFA/Drivers/USB/Class/Host/StillImageClassHost.o

.debug_str      0x00000000     0x6464
 *(.debug_str)
 .debug_str     0x00000000      0x71b AudioInput.o
                                0x7c1 (size before relaxing)
 .debug_str     0x0000071b      0xb41 Descriptors.o
                                0xce9 (size before relaxing)
 .debug_str     0x0000125c       0x7d ../../../../LUFA/Drivers/USB/Core/AVR8/Device_AVR8.o
                                0x159 (size before relaxing)
 .debug_str     0x000012d9      0x342 ../../../../LUFA/Drivers/USB/Core/AVR8/Endpoint_AVR8.o
                                0x57b (size before relaxing)
 .debug_str     0x0000161b       0x33 ../../../../LUFA/Drivers/USB/Core/AVR8/Host_AVR8.o
                                0x101 (size before relaxing)
 .debug_str     0x0000164e       0x33 ../../../../LUFA/Drivers/USB/Core/AVR8/Pipe_AVR8.o
                                0x101 (size before relaxing)
 .debug_str     0x00001681      0x253 ../../../../LUFA/Drivers/USB/Core/AVR8/USBController_AVR8.o
                                0x463 (size before relaxing)
 .debug_str     0x000018d4       0xef ../../../../LUFA/Drivers/USB/Core/AVR8/USBInterrupt_AVR8.o
                                0x3d5 (size before relaxing)
 .debug_str     0x000019c3      0x4ea ../../../../LUFA/Drivers/USB/Core/AVR8/EndpointStream_AVR8.o
                                0x77f (size before relaxing)
 .debug_str     0x00001ead       0x39 ../../../../LUFA/Drivers/USB/Core/AVR8/PipeStream_AVR8.o
                                0x107 (size before relaxing)
 .debug_str     0x00001ee6      0x22d ../../../../LUFA/Drivers/USB/Core/ConfigDescriptors.o
                                0x341 (size before relaxing)
 .debug_str     0x00002113      0x3f4 ../../../../LUFA/Drivers/USB/Core/DeviceStandardReq.o
                                0x855 (size before relaxing)
 .debug_str     0x00002507       0x3a ../../../../LUFA/Drivers/USB/Core/Events.o
                                0x108 (size before relaxing)
 .debug_str     0x00002541      0x621 ../../../../LUFA/Drivers/USB/Core/HostStandardReq.o
                                0x90c (size before relaxing)
 .debug_str     0x00002b62       0x47 ../../../../LUFA/Drivers/USB/Core/USBTask.o
                                0x2bf (size before relaxing)
 .debug_str     0x00002ba9      0x466 ../../../../LUFA/Drivers/USB/Class/Common/HIDParser.o
                                0x5f6 (size before relaxing)
 .debug_str     0x0000300f       0xab ../../../../LUFA/Drivers/USB/Class/Device/AudioClassDevice.o
                                0x54d (size before relaxing)
 .debug_str     0x000030ba      0x3b8 ../../../../LUFA/Drivers/USB/Class/Device/CDCClassDevice.o
                                0x901 (size before relaxing)
 .debug_str     0x00003472      0x1f3 ../../../../LUFA/Drivers/USB/Class/Device/HIDClassDevice.o
                                0x57c (size before relaxing)
 .debug_str     0x00003665      0x243 ../../../../LUFA/Drivers/USB/Class/Device/MassStorageClassDevice.o
                                0x6dd (size before relaxing)
 .debug_str     0x000038a8      0x11e ../../../../LUFA/Drivers/USB/Class/Device/MIDIClassDevice.o
                                0x551 (size before relaxing)
 .debug_str     0x000039c6      0x77c ../../../../LUFA/Drivers/USB/Class/Device/RNDISClassDevice.o
                                0xcb0 (size before relaxing)
 .debug_str     0x00004142      0x563 ../../../../LUFA/Drivers/USB/Class/Host/AndroidAccessoryClassHost.o
                                0xde8 (size before relaxing)
 .debug_str     0x000046a5      0x26a ../../../../LUFA/Drivers/USB/Class/Host/AudioClassHost.o
                                0x975 (size before relaxing)
 .debug_str     0x0000490f      0x408 ../../../../LUFA/Drivers/USB/Class/Host/CDCClassHost.o
                                0xd88 (size before relaxing)
 .debug_str     0x00004d17      0x4af ../../../../LUFA/Drivers/USB/Class/Host/HIDClassHost.o
                               0x1194 (size before relaxing)
 .debug_str     0x000051c6      0x587 ../../../../LUFA/Drivers/USB/Class/Host/MassStorageClassHost.o
                                0xfa7 (size before relaxing)
 .debug_str     0x0000574d      0x1ee ../../../../LUFA/Drivers/USB/Class/Host/MIDIClassHost.o
                                0xb55 (size before relaxing)
 .debug_str     0x0000593b      0x386 ../../../../LUFA/Drivers/USB/Class/Host/PrinterClassHost.o
                                0xca2 (size before relaxing)
 .debug_str     0x00005cc1      0x3b7 ../../../../LUFA/Drivers/USB/Class/Host/RNDISClassHost.o
                               0x108f (size before relaxing)
 .debug_str     0x00006078      0x3ec ../../../../LUFA/Drivers/USB/Class/Host/StillImageClassHost.o
                                0xba4 (size before relaxing)

.debug_loc      0x00000000     0x8db4
 *(.debug_loc)
 .debug_loc     0x00000000      0x151 AudioInput.o
 .debug_loc     0x00000151       0xd3 Descriptors.o
 .debug_loc     0x00000224      0x390 ../../../../LUFA/Drivers/USB/Core/AVR8/Endpoint_AVR8.o
 .debug_loc     0x000005b4      0x1a4 ../../../../LUFA/Drivers/USB/Core/AVR8/USBInterrupt_AVR8.o
 .debug_loc     0x00000758     0x1992 ../../../../LUFA/Drivers/USB/Core/AVR8/EndpointStream_AVR8.o
 .debug_loc     0x000020ea      0x2bc ../../../../LUFA/Drivers/USB/Core/ConfigDescriptors.o
 .debug_loc     0x000023a6      0x25c ../../../../LUFA/Drivers/USB/Core/DeviceStandardReq.o
 .debug_loc     0x00002602      0x43b ../../../../LUFA/Drivers/USB/Core/HostStandardReq.o
 .debug_loc     0x00002a3d       0x27 ../../../../LUFA/Drivers/USB/Core/USBTask.o
 .debug_loc     0x00002a64      0x90e ../../../../LUFA/Drivers/USB/Class/Common/HIDParser.o
 .debug_loc     0x00003372      0x16d ../../../../LUFA/Drivers/USB/Class/Device/AudioClassDevice.o
 .debug_loc     0x000034df      0x517 ../../../../LUFA/Drivers/USB/Class/Device/CDCClassDevice.o
 .debug_loc     0x000039f6      0x249 ../../../../LUFA/Drivers/USB/Class/Device/HIDClassDevice.o
 .debug_loc     0x00003c3f      0x152 ../../../../LUFA/Drivers/USB/Class/Device/MassStorageClassDevice.o
 .debug_loc     0x00003d91      0x1e2 ../../../../LUFA/Drivers/USB/Class/Device/MIDIClassDevice.o
 .debug_loc     0x00003f73      0x754 ../../../../LUFA/Drivers/USB/Class/Device/RNDISClassDevice.o
 .debug_loc     0x000046c7      0x77d ../../../../LUFA/Drivers/USB/Class/Host/AndroidAccessoryClassHost.o
 .debug_loc     0x00004e44      0x586 ../../../../LUFA/Drivers/USB/Class/Host/AudioClassHost.o
 .debug_loc     0x000053ca      0x854 ../../../../LUFA/Drivers/USB/Class/Host/CDCClassHost.o
 .debug_loc     0x00005c1e      0x753 ../../../../LUFA/Drivers/USB/Class/Host/HIDClassHost.o
 .debug_loc     0x00006371      0xba1 ../../../../LUFA/Drivers/USB/Class/Host/MassStorageClassHost.o
 .debug_loc     0x00006f12      0x4db ../../../../LUFA/Drivers/USB/Class/Host/MIDIClassHost.o
 .debug_loc     0x000073ed      0x7a4 ../../../../LUFA/Drivers/USB/Class/Host/PrinterClassHost.o
 .debug_loc     0x00007b91      0x82b ../../../../LUFA/Drivers/USB/Class/Host/RNDISClassHost.o
 .debug_loc     0x000083bc      0x9f8 ../../../../LUFA/Drivers/USB/Class/Host/StillImageClassHost.o

.debug_macinfo  0x00000000   0x2178a2
 *(.debug_macinfo)
 .debug_macinfo
                0x00000000    0x14ca9 AudioInput.o
 .debug_macinfo
                0x00014ca9    0x13cc1 Descriptors.o
 .debug_macinfo
                0x0002896a     0xd777 ../../../../LUFA/Drivers/USB/Core/AVR8/Device_AVR8.o
 .debug_macinfo
                0x000360e1     0xd77f ../../../../LUFA/Drivers/USB/Core/AVR8/Endpoint_AVR8.o
 .debug_macinfo
                0x00043860     0xcc92 ../../../../LUFA/Drivers/USB/Core/AVR8/Host_AVR8.o
 .debug_macinfo
                0x000504f2     0xcc92 ../../../../LUFA/Drivers/USB/Core/AVR8/Pipe_AVR8.o
 .debug_macinfo
                0x0005d184     0xd77a ../../../../LUFA/Drivers/USB/Core/AVR8/USBController_AVR8.o
 .debug_macinfo
                0x0006a8fe     0xd76b ../../../../LUFA/Drivers/USB/Core/AVR8/USBInterrupt_AVR8.o
 .debug_macinfo
                0x00078069     0xf656 ../../../../LUFA/Drivers/USB/Core/AVR8/EndpointStream_AVR8.o
 .debug_macinfo
                0x000876bf     0xcc92 ../../../../LUFA/Drivers/USB/Core/AVR8/PipeStream_AVR8.o
 .debug_macinfo
                0x00094351     0xd8fb ../../../../LUFA/Drivers/USB/Core/ConfigDescriptors.o
 .debug_macinfo
                0x000a1c4c     0xdad1 ../../../../LUFA/Drivers/USB/Core/DeviceStandardReq.o
 .debug_macinfo
                0x000af71d     0xccc4 ../../../../LUFA/Drivers/USB/Core/Events.o
 .debug_macinfo
                0x000bc3e1     0xdacb ../../../../LUFA/Drivers/USB/Core/HostStandardReq.o
 .debug_macinfo
                0x000c9eac     0xd77f ../../../../LUFA/Drivers/USB/Core/USBTask.o
 .debug_macinfo
                0x000d762b    0x10dbb ../../../../LUFA/Drivers/USB/Class/Common/HIDParser.o
 .debug_macinfo
                0x000e83e6    0x14385 ../../../../LUFA/Drivers/USB/Class/Device/AudioClassDevice.o
 .debug_macinfo
                0x000fc76b    0x14381 ../../../../LUFA/Drivers/USB/Class/Device/CDCClassDevice.o
 .debug_macinfo
                0x00110aec    0x14380 ../../../../LUFA/Drivers/USB/Class/Device/HIDClassDevice.o
 .debug_macinfo
                0x00124e6c    0x14387 ../../../../LUFA/Drivers/USB/Class/Device/MassStorageClassDevice.o
 .debug_macinfo
                0x001391f3    0x14382 ../../../../LUFA/Drivers/USB/Class/Device/MIDIClassDevice.o
 .debug_macinfo
                0x0014d575    0x14384 ../../../../LUFA/Drivers/USB/Class/Device/RNDISClassDevice.o
 .debug_macinfo
                0x001618f9    0x14390 ../../../../LUFA/Drivers/USB/Class/Host/AndroidAccessoryClassHost.o
 .debug_macinfo
                0x00175c89    0x14382 ../../../../LUFA/Drivers/USB/Class/Host/AudioClassHost.o
 .debug_macinfo
                0x0018a00b    0x1437e ../../../../LUFA/Drivers/USB/Class/Host/CDCClassHost.o
 .debug_macinfo
                0x0019e389    0x1437e ../../../../LUFA/Drivers/USB/Class/Host/HIDClassHost.o
 .debug_macinfo
                0x001b2707    0x14385 ../../../../LUFA/Drivers/USB/Class/Host/MassStorageClassHost.o
 .debug_macinfo
                0x001c6a8c    0x14380 ../../../../LUFA/Drivers/USB/Class/Host/MIDIClassHost.o
 .debug_macinfo
                0x001dae0c    0x1438b ../../../../LUFA/Drivers/USB/Class/Host/PrinterClassHost.o
 .debug_macinfo
                0x001ef197    0x14382 ../../../../LUFA/Drivers/USB/Class/Host/RNDISClassHost.o
 .debug_macinfo
                0x00203519    0x14389 ../../../../LUFA/Drivers/USB/Class/Host/StillImageClassHost.o
OUTPUT(AudioInput.elf elf32-avr)
LOAD linker stubs

.debug_pubtypes
                0x00000000     0x27b9
 .debug_pubtypes
                0x00000000       0xdd AudioInput.o
 .debug_pubtypes
                0x000000dd      0x338 Descriptors.o
 .debug_pubtypes
                0x00000415       0x1e ../../../../LUFA/Drivers/USB/Core/AVR8/Device_AVR8.o
 .debug_pubtypes
                0x00000433       0x9e ../../../../LUFA/Drivers/USB/Core/AVR8/Endpoint_AVR8.o
 .debug_pubtypes
                0x000004d1       0x12 ../../../../LUFA/Drivers/USB/Core/AVR8/Host_AVR8.o
 .debug_pubtypes
                0x000004e3       0x12 ../../../../LUFA/Drivers/USB/Core/AVR8/Pipe_AVR8.o
 .debug_pubtypes
                0x000004f5       0x68 ../../../../LUFA/Drivers/USB/Core/AVR8/USBController_AVR8.o
 .debug_pubtypes
                0x0000055d       0x58 ../../../../LUFA/Drivers/USB/Core/AVR8/USBInterrupt_AVR8.o
 .debug_pubtypes
                0x000005b5       0xab ../../../../LUFA/Drivers/USB/Core/AVR8/EndpointStream_AVR8.o
 .debug_pubtypes
                0x00000660       0x12 ../../../../LUFA/Drivers/USB/Core/AVR8/PipeStream_AVR8.o
 .debug_pubtypes
                0x00000672       0xb4 ../../../../LUFA/Drivers/USB/Core/ConfigDescriptors.o
 .debug_pubtypes
                0x00000726       0xd7 ../../../../LUFA/Drivers/USB/Core/DeviceStandardReq.o
 .debug_pubtypes
                0x000007fd       0x12 ../../../../LUFA/Drivers/USB/Core/Events.o
 .debug_pubtypes
                0x0000080f       0xec ../../../../LUFA/Drivers/USB/Core/HostStandardReq.o
 .debug_pubtypes
                0x000008fb       0x5c ../../../../LUFA/Drivers/USB/Core/USBTask.o
 .debug_pubtypes
                0x00000957      0x145 ../../../../LUFA/Drivers/USB/Class/Common/HIDParser.o
 .debug_pubtypes
                0x00000a9c       0xb2 ../../../../LUFA/Drivers/USB/Class/Device/AudioClassDevice.o
 .debug_pubtypes
                0x00000b4e      0x151 ../../../../LUFA/Drivers/USB/Class/Device/CDCClassDevice.o
 .debug_pubtypes
                0x00000c9f       0xc6 ../../../../LUFA/Drivers/USB/Class/Device/HIDClassDevice.o
 .debug_pubtypes
                0x00000d65      0x132 ../../../../LUFA/Drivers/USB/Class/Device/MassStorageClassDevice.o
 .debug_pubtypes
                0x00000e97       0xe0 ../../../../LUFA/Drivers/USB/Class/Device/MIDIClassDevice.o
 .debug_pubtypes
                0x00000f77      0x2ae ../../../../LUFA/Drivers/USB/Class/Device/RNDISClassDevice.o
 .debug_pubtypes
                0x00001225      0x252 ../../../../LUFA/Drivers/USB/Class/Host/AndroidAccessoryClassHost.o
 .debug_pubtypes
                0x00001477      0x1b1 ../../../../LUFA/Drivers/USB/Class/Host/AudioClassHost.o
 .debug_pubtypes
                0x00001628      0x231 ../../../../LUFA/Drivers/USB/Class/Host/CDCClassHost.o
 .debug_pubtypes
                0x00001859      0x374 ../../../../LUFA/Drivers/USB/Class/Host/HIDClassHost.o
 .debug_pubtypes
                0x00001bcd      0x2ab ../../../../LUFA/Drivers/USB/Class/Host/MassStorageClassHost.o
 .debug_pubtypes
                0x00001e78      0x208 ../../../../LUFA/Drivers/USB/Class/Host/MIDIClassHost.o
 .debug_pubtypes
                0x00002080      0x22e ../../../../LUFA/Drivers/USB/Class/Host/PrinterClassHost.o
 .debug_pubtypes
                0x000022ae      0x32e ../../../../LUFA/Drivers/USB/Class/Host/RNDISClassHost.o
 .debug_pubtypes
                0x000025dc      0x1dd ../../../../LUFA/Drivers/USB/Class/Host/StillImageClassHost.o

.debug_ranges   0x00000000      0xdc0
 .debug_ranges  0x00000000       0x58 AudioInput.o
 .debug_ranges  0x00000058       0x10 Descriptors.o
 .debug_ranges  0x00000068       0x10 ../../../../LUFA/Drivers/USB/Core/AVR8/Device_AVR8.o
 .debug_ranges  0x00000078       0xa8 ../../../../LUFA/Drivers/USB/Core/AVR8/Endpoint_AVR8.o
 .debug_ranges  0x00000120       0x20 ../../../../LUFA/Drivers/USB/Core/AVR8/USBController_AVR8.o
 .debug_ranges  0x00000140       0x20 ../../../../LUFA/Drivers/USB/Core/AVR8/USBInterrupt_AVR8.o
 .debug_ranges  0x00000160      0x298 ../../../../LUFA/Drivers/USB/Core/AVR8/EndpointStream_AVR8.o
 .debug_ranges  0x000003f8       0x28 ../../../../LUFA/Drivers/USB/Core/ConfigDescriptors.o
 .debug_ranges  0x00000420       0x10 ../../../../LUFA/Drivers/USB/Core/DeviceStandardReq.o
 .debug_ranges  0x00000430       0x10 ../../../../LUFA/Drivers/USB/Core/Events.o
 .debug_ranges  0x00000440       0x98 ../../../../LUFA/Drivers/USB/Core/HostStandardReq.o
 .debug_ranges  0x000004d8       0x10 ../../../../LUFA/Drivers/USB/Core/USBTask.o
 .debug_ranges  0x000004e8      0x100 ../../../../LUFA/Drivers/USB/Class/Common/HIDParser.o
 .debug_ranges  0x000005e8       0x20 ../../../../LUFA/Drivers/USB/Class/Device/AudioClassDevice.o
 .debug_ranges  0x00000608       0x88 ../../../../LUFA/Drivers/USB/Class/Device/CDCClassDevice.o
 .debug_ranges  0x00000690       0x20 ../../../../LUFA/Drivers/USB/Class/Device/HIDClassDevice.o
 .debug_ranges  0x000006b0       0x20 ../../../../LUFA/Drivers/USB/Class/Device/MassStorageClassDevice.o
 .debug_ranges  0x000006d0       0x30 ../../../../LUFA/Drivers/USB/Class/Device/MIDIClassDevice.o
 .debug_ranges  0x00000700       0x80 ../../../../LUFA/Drivers/USB/Class/Device/RNDISClassDevice.o
 .debug_ranges  0x00000780       0xc0 ../../../../LUFA/Drivers/USB/Class/Host/AndroidAccessoryClassHost.o
 .debug_ranges  0x00000840       0xa0 ../../../../LUFA/Drivers/USB/Class/Host/AudioClassHost.o
 .debug_ranges  0x000008e0       0xd8 ../../../../LUFA/Drivers/USB/Class/Host/CDCClassHost.o
 .debug_ranges  0x000009b8       0xa8 ../../../../LUFA/Drivers/USB/Class/Host/HIDClassHost.o
 .debug_ranges  0x00000a60       0xf0 ../../../../LUFA/Drivers/USB/Class/Host/MassStorageClassHost.o
 .debug_ranges  0x00000b50       0x70 ../../../../LUFA/Drivers/USB/Class/Host/MIDIClassHost.o
 .debug_ranges  0x00000bc0       0xa8 ../../../../LUFA/Drivers/USB/Class/Host/PrinterClassHost.o
 .debug_ranges  0x00000c68       0xa0 ../../../../LUFA/Drivers/USB/Class/Host/RNDISClassHost.o
 .debug_ranges  0x00000d08       0xb8 ../../../../LUFA/Drivers/USB/Class/Host/StillImageClassHost.o

Cross Reference Table

Symbol                                            File
AOA_Host_BytesReceived                            ../../../../LUFA/Drivers/USB/Class/Host/AndroidAccessoryClassHost.o
AOA_Host_ConfigurePipes                           ../../../../LUFA/Drivers/USB/Class/Host/AndroidAccessoryClassHost.o
AOA_Host_CreateBlockingStream                     ../../../../LUFA/Drivers/USB/Class/Host/AndroidAccessoryClassHost.o
AOA_Host_CreateStream                             ../../../../LUFA/Drivers/USB/Class/Host/AndroidAccessoryClassHost.o
AOA_Host_Flush                                    ../../../../LUFA/Drivers/USB/Class/Host/AndroidAccessoryClassHost.o
AOA_Host_ReceiveByte                              ../../../../LUFA/Drivers/USB/Class/Host/AndroidAccessoryClassHost.o
AOA_Host_SendByte                                 ../../../../LUFA/Drivers/USB/Class/Host/AndroidAccessoryClassHost.o
AOA_Host_SendData                                 ../../../../LUFA/Drivers/USB/Class/Host/AndroidAccessoryClassHost.o
AOA_Host_SendString                               ../../../../LUFA/Drivers/USB/Class/Host/AndroidAccessoryClassHost.o
AOA_Host_StartAccessoryMode                       ../../../../LUFA/Drivers/USB/Class/Host/AndroidAccessoryClassHost.o
AOA_Host_USBTask                                  ../../../../LUFA/Drivers/USB/Class/Host/AndroidAccessoryClassHost.o
AOA_Host_ValidateAccessoryDevice                  ../../../../LUFA/Drivers/USB/Class/Host/AndroidAccessoryClassHost.o
Audio_Device_ConfigureEndpoints                   ../../../../LUFA/Drivers/USB/Class/Device/AudioClassDevice.o
                                                  AudioInput.o
Audio_Device_Event_Stub                           ../../../../LUFA/Drivers/USB/Class/Device/AudioClassDevice.o
Audio_Device_ProcessControlRequest                ../../../../LUFA/Drivers/USB/Class/Device/AudioClassDevice.o
                                                  AudioInput.o
Audio_Host_ConfigurePipes                         ../../../../LUFA/Drivers/USB/Class/Host/AudioClassHost.o
Audio_Host_GetSetEndpointProperty                 ../../../../LUFA/Drivers/USB/Class/Host/AudioClassHost.o
Audio_Host_StartStopStreaming                     ../../../../LUFA/Drivers/USB/Class/Host/AudioClassHost.o
CALLBACK_Audio_Device_GetSetEndpointProperty      AudioInput.o
                                                  ../../../../LUFA/Drivers/USB/Class/Device/AudioClassDevice.o
CALLBACK_Audio_Device_GetSetInterfaceProperty     AudioInput.o
                                                  ../../../../LUFA/Drivers/USB/Class/Device/AudioClassDevice.o
CALLBACK_HIDParser_FilterHIDReportItem            ../../../../LUFA/Drivers/USB/Class/Common/HIDParser.o
CALLBACK_HID_Device_CreateHIDReport               ../../../../LUFA/Drivers/USB/Class/Device/HIDClassDevice.o
CALLBACK_HID_Device_ProcessHIDReport              ../../../../LUFA/Drivers/USB/Class/Device/HIDClassDevice.o
CALLBACK_MS_Device_SCSICommandReceived            ../../../../LUFA/Drivers/USB/Class/Device/MassStorageClassDevice.o
CALLBACK_USB_GetDescriptor                        Descriptors.o
                                                  ../../../../LUFA/Drivers/USB/Core/DeviceStandardReq.o
CDC_Device_BytesReceived                          ../../../../LUFA/Drivers/USB/Class/Device/CDCClassDevice.o
CDC_Device_ConfigureEndpoints                     ../../../../LUFA/Drivers/USB/Class/Device/CDCClassDevice.o
CDC_Device_CreateBlockingStream                   ../../../../LUFA/Drivers/USB/Class/Device/CDCClassDevice.o
CDC_Device_CreateStream                           ../../../../LUFA/Drivers/USB/Class/Device/CDCClassDevice.o
CDC_Device_Event_Stub                             ../../../../LUFA/Drivers/USB/Class/Device/CDCClassDevice.o
CDC_Device_Flush                                  ../../../../LUFA/Drivers/USB/Class/Device/CDCClassDevice.o
CDC_Device_ProcessControlRequest                  ../../../../LUFA/Drivers/USB/Class/Device/CDCClassDevice.o
CDC_Device_ReceiveByte                            ../../../../LUFA/Drivers/USB/Class/Device/CDCClassDevice.o
CDC_Device_SendByte                               ../../../../LUFA/Drivers/USB/Class/Device/CDCClassDevice.o
CDC_Device_SendControlLineStateChange             ../../../../LUFA/Drivers/USB/Class/Device/CDCClassDevice.o
CDC_Device_SendData                               ../../../../LUFA/Drivers/USB/Class/Device/CDCClassDevice.o
CDC_Device_SendString                             ../../../../LUFA/Drivers/USB/Class/Device/CDCClassDevice.o
CDC_Device_USBTask                                ../../../../LUFA/Drivers/USB/Class/Device/CDCClassDevice.o
CDC_Host_BytesReceived                            ../../../../LUFA/Drivers/USB/Class/Host/CDCClassHost.o
CDC_Host_ConfigurePipes                           ../../../../LUFA/Drivers/USB/Class/Host/CDCClassHost.o
CDC_Host_CreateBlockingStream                     ../../../../LUFA/Drivers/USB/Class/Host/CDCClassHost.o
CDC_Host_CreateStream                             ../../../../LUFA/Drivers/USB/Class/Host/CDCClassHost.o
CDC_Host_Event_Stub                               ../../../../LUFA/Drivers/USB/Class/Host/CDCClassHost.o
CDC_Host_Flush                                    ../../../../LUFA/Drivers/USB/Class/Host/CDCClassHost.o
CDC_Host_ReceiveByte                              ../../../../LUFA/Drivers/USB/Class/Host/CDCClassHost.o
CDC_Host_SendBreak                                ../../../../LUFA/Drivers/USB/Class/Host/CDCClassHost.o
CDC_Host_SendByte                                 ../../../../LUFA/Drivers/USB/Class/Host/CDCClassHost.o
CDC_Host_SendControlLineStateChange               ../../../../LUFA/Drivers/USB/Class/Host/CDCClassHost.o
CDC_Host_SendData                                 ../../../../LUFA/Drivers/USB/Class/Host/CDCClassHost.o
CDC_Host_SendString                               ../../../../LUFA/Drivers/USB/Class/Host/CDCClassHost.o
CDC_Host_SetLineEncoding                          ../../../../LUFA/Drivers/USB/Class/Host/CDCClassHost.o
CDC_Host_USBTask                                  ../../../../LUFA/Drivers/USB/Class/Host/CDCClassHost.o
ConfigurationDescriptor                           Descriptors.o
DeviceDescriptor                                  Descriptors.o
EVENT_Audio_Device_StreamStartStop                ../../../../LUFA/Drivers/USB/Class/Device/AudioClassDevice.o
EVENT_CDC_Device_BreakSent                        ../../../../LUFA/Drivers/USB/Class/Device/CDCClassDevice.o
EVENT_CDC_Device_ControLineStateChanged           ../../../../LUFA/Drivers/USB/Class/Device/CDCClassDevice.o
EVENT_CDC_Device_LineEncodingChanged              ../../../../LUFA/Drivers/USB/Class/Device/CDCClassDevice.o
EVENT_CDC_Host_ControLineStateChanged             ../../../../LUFA/Drivers/USB/Class/Host/CDCClassHost.o
EVENT_USB_Device_ConfigurationChanged             AudioInput.o
                                                  ../../../../LUFA/Drivers/USB/Core/DeviceStandardReq.o
EVENT_USB_Device_Connect                          AudioInput.o
                                                  ../../../../LUFA/Drivers/USB/Core/AVR8/USBInterrupt_AVR8.o
EVENT_USB_Device_ControlRequest                   AudioInput.o
                                                  ../../../../LUFA/Drivers/USB/Core/DeviceStandardReq.o
EVENT_USB_Device_Disconnect                       AudioInput.o
                                                  ../../../../LUFA/Drivers/USB/Core/AVR8/USBInterrupt_AVR8.o
EVENT_USB_Device_Reset                            ../../../../LUFA/Drivers/USB/Core/Events.o
                                                  ../../../../LUFA/Drivers/USB/Core/AVR8/USBInterrupt_AVR8.o
EVENT_USB_Device_StartOfFrame                     ../../../../LUFA/Drivers/USB/Core/Events.o
                                                  ../../../../LUFA/Drivers/USB/Core/AVR8/USBInterrupt_AVR8.o
EVENT_USB_Device_Suspend                          ../../../../LUFA/Drivers/USB/Core/Events.o
                                                  ../../../../LUFA/Drivers/USB/Core/AVR8/USBInterrupt_AVR8.o
EVENT_USB_Device_WakeUp                           ../../../../LUFA/Drivers/USB/Core/Events.o
                                                  ../../../../LUFA/Drivers/USB/Core/AVR8/USBInterrupt_AVR8.o
Endpoint_ClearEndpoints                           ../../../../LUFA/Drivers/USB/Core/AVR8/Endpoint_AVR8.o
Endpoint_ClearStatusStage                         ../../../../LUFA/Drivers/USB/Core/AVR8/Endpoint_AVR8.o
                                                  ../../../../LUFA/Drivers/USB/Class/Device/MassStorageClassDevice.o
                                                  ../../../../LUFA/Drivers/USB/Class/Device/HIDClassDevice.o
                                                  ../../../../LUFA/Drivers/USB/Class/Device/CDCClassDevice.o
                                                  ../../../../LUFA/Drivers/USB/Class/Device/AudioClassDevice.o
                                                  ../../../../LUFA/Drivers/USB/Core/DeviceStandardReq.o
Endpoint_ConfigureEndpointTable                   ../../../../LUFA/Drivers/USB/Core/AVR8/Endpoint_AVR8.o
                                                  ../../../../LUFA/Drivers/USB/Class/Device/RNDISClassDevice.o
                                                  ../../../../LUFA/Drivers/USB/Class/Device/MIDIClassDevice.o
                                                  ../../../../LUFA/Drivers/USB/Class/Device/MassStorageClassDevice.o
                                                  ../../../../LUFA/Drivers/USB/Class/Device/HIDClassDevice.o
                                                  ../../../../LUFA/Drivers/USB/Class/Device/CDCClassDevice.o
                                                  ../../../../LUFA/Drivers/USB/Class/Device/AudioClassDevice.o
Endpoint_ConfigureEndpoint_Prv                    ../../../../LUFA/Drivers/USB/Core/AVR8/Endpoint_AVR8.o
                                                  ../../../../LUFA/Drivers/USB/Core/AVR8/USBInterrupt_AVR8.o
                                                  ../../../../LUFA/Drivers/USB/Core/AVR8/USBController_AVR8.o
Endpoint_Discard_Stream                           ../../../../LUFA/Drivers/USB/Core/AVR8/EndpointStream_AVR8.o
Endpoint_Null_Stream                              ../../../../LUFA/Drivers/USB/Core/AVR8/EndpointStream_AVR8.o
Endpoint_Read_Control_EStream_BE                  ../../../../LUFA/Drivers/USB/Core/AVR8/EndpointStream_AVR8.o
Endpoint_Read_Control_EStream_LE                  ../../../../LUFA/Drivers/USB/Core/AVR8/EndpointStream_AVR8.o
Endpoint_Read_Control_Stream_BE                   ../../../../LUFA/Drivers/USB/Core/AVR8/EndpointStream_AVR8.o
Endpoint_Read_Control_Stream_LE                   ../../../../LUFA/Drivers/USB/Core/AVR8/EndpointStream_AVR8.o
                                                  ../../../../LUFA/Drivers/USB/Class/Device/RNDISClassDevice.o
                                                  ../../../../LUFA/Drivers/USB/Class/Device/HIDClassDevice.o
                                                  ../../../../LUFA/Drivers/USB/Class/Device/AudioClassDevice.o
Endpoint_Read_EStream_BE                          ../../../../LUFA/Drivers/USB/Core/AVR8/EndpointStream_AVR8.o
Endpoint_Read_EStream_LE                          ../../../../LUFA/Drivers/USB/Core/AVR8/EndpointStream_AVR8.o
Endpoint_Read_Stream_BE                           ../../../../LUFA/Drivers/USB/Core/AVR8/EndpointStream_AVR8.o
Endpoint_Read_Stream_LE                           ../../../../LUFA/Drivers/USB/Core/AVR8/EndpointStream_AVR8.o
                                                  ../../../../LUFA/Drivers/USB/Class/Device/RNDISClassDevice.o
                                                  ../../../../LUFA/Drivers/USB/Class/Device/MIDIClassDevice.o
                                                  ../../../../LUFA/Drivers/USB/Class/Device/MassStorageClassDevice.o
Endpoint_WaitUntilReady                           ../../../../LUFA/Drivers/USB/Core/AVR8/Endpoint_AVR8.o
                                                  ../../../../LUFA/Drivers/USB/Class/Device/RNDISClassDevice.o
                                                  ../../../../LUFA/Drivers/USB/Class/Device/MIDIClassDevice.o
                                                  ../../../../LUFA/Drivers/USB/Class/Device/CDCClassDevice.o
                                                  ../../../../LUFA/Drivers/USB/Core/AVR8/EndpointStream_AVR8.o
Endpoint_Write_Control_EStream_BE                 ../../../../LUFA/Drivers/USB/Core/AVR8/EndpointStream_AVR8.o
Endpoint_Write_Control_EStream_LE                 ../../../../LUFA/Drivers/USB/Core/AVR8/EndpointStream_AVR8.o
Endpoint_Write_Control_PStream_BE                 ../../../../LUFA/Drivers/USB/Core/AVR8/EndpointStream_AVR8.o
Endpoint_Write_Control_PStream_LE                 ../../../../LUFA/Drivers/USB/Core/AVR8/EndpointStream_AVR8.o
                                                  ../../../../LUFA/Drivers/USB/Core/DeviceStandardReq.o
Endpoint_Write_Control_Stream_BE                  ../../../../LUFA/Drivers/USB/Core/AVR8/EndpointStream_AVR8.o
Endpoint_Write_Control_Stream_LE                  ../../../../LUFA/Drivers/USB/Core/AVR8/EndpointStream_AVR8.o
                                                  ../../../../LUFA/Drivers/USB/Class/Device/RNDISClassDevice.o
                                                  ../../../../LUFA/Drivers/USB/Class/Device/HIDClassDevice.o
                                                  ../../../../LUFA/Drivers/USB/Class/Device/AudioClassDevice.o
                                                  ../../../../LUFA/Drivers/USB/Core/DeviceStandardReq.o
Endpoint_Write_EStream_BE                         ../../../../LUFA/Drivers/USB/Core/AVR8/EndpointStream_AVR8.o
Endpoint_Write_EStream_LE                         ../../../../LUFA/Drivers/USB/Core/AVR8/EndpointStream_AVR8.o
Endpoint_Write_PStream_BE                         ../../../../LUFA/Drivers/USB/Core/AVR8/EndpointStream_AVR8.o
Endpoint_Write_PStream_LE                         ../../../../LUFA/Drivers/USB/Core/AVR8/EndpointStream_AVR8.o
Endpoint_Write_Stream_BE                          ../../../../LUFA/Drivers/USB/Core/AVR8/EndpointStream_AVR8.o
Endpoint_Write_Stream_LE                          ../../../../LUFA/Drivers/USB/Core/AVR8/EndpointStream_AVR8.o
                                                  ../../../../LUFA/Drivers/USB/Class/Device/RNDISClassDevice.o
                                                  ../../../../LUFA/Drivers/USB/Class/Device/MIDIClassDevice.o
                                                  ../../../../LUFA/Drivers/USB/Class/Device/MassStorageClassDevice.o
                                                  ../../../../LUFA/Drivers/USB/Class/Device/HIDClassDevice.o
                                                  ../../../../LUFA/Drivers/USB/Class/Device/CDCClassDevice.o
HID_Device_ConfigureEndpoints                     ../../../../LUFA/Drivers/USB/Class/Device/HIDClassDevice.o
HID_Device_ProcessControlRequest                  ../../../../LUFA/Drivers/USB/Class/Device/HIDClassDevice.o
HID_Device_USBTask                                ../../../../LUFA/Drivers/USB/Class/Device/HIDClassDevice.o
HID_Host_ConfigurePipes                           ../../../../LUFA/Drivers/USB/Class/Host/HIDClassHost.o
HID_Host_IsReportReceived                         ../../../../LUFA/Drivers/USB/Class/Host/HIDClassHost.o
HID_Host_ReceiveReport                            ../../../../LUFA/Drivers/USB/Class/Host/HIDClassHost.o
HID_Host_ReceiveReportByID                        ../../../../LUFA/Drivers/USB/Class/Host/HIDClassHost.o
HID_Host_SendReportByID                           ../../../../LUFA/Drivers/USB/Class/Host/HIDClassHost.o
HID_Host_SetBootProtocol                          ../../../../LUFA/Drivers/USB/Class/Host/HIDClassHost.o
HID_Host_SetIdlePeriod                            ../../../../LUFA/Drivers/USB/Class/Host/HIDClassHost.o
HID_Host_SetReportProtocol                        ../../../../LUFA/Drivers/USB/Class/Host/HIDClassHost.o
LanguageString                                    Descriptors.o
MIDI_Device_ConfigureEndpoints                    ../../../../LUFA/Drivers/USB/Class/Device/MIDIClassDevice.o
MIDI_Device_Flush                                 ../../../../LUFA/Drivers/USB/Class/Device/MIDIClassDevice.o
MIDI_Device_ReceiveEventPacket                    ../../../../LUFA/Drivers/USB/Class/Device/MIDIClassDevice.o
MIDI_Device_SendEventPacket                       ../../../../LUFA/Drivers/USB/Class/Device/MIDIClassDevice.o
MIDI_Device_USBTask                               ../../../../LUFA/Drivers/USB/Class/Device/MIDIClassDevice.o
MIDI_Host_ConfigurePipes                          ../../../../LUFA/Drivers/USB/Class/Host/MIDIClassHost.o
MIDI_Host_Flush                                   ../../../../LUFA/Drivers/USB/Class/Host/MIDIClassHost.o
MIDI_Host_ReceiveEventPacket                      ../../../../LUFA/Drivers/USB/Class/Host/MIDIClassHost.o
MIDI_Host_SendEventPacket                         ../../../../LUFA/Drivers/USB/Class/Host/MIDIClassHost.o
MIDI_Host_USBTask                                 ../../../../LUFA/Drivers/USB/Class/Host/MIDIClassHost.o
MS_Device_ConfigureEndpoints                      ../../../../LUFA/Drivers/USB/Class/Device/MassStorageClassDevice.o
MS_Device_ProcessControlRequest                   ../../../../LUFA/Drivers/USB/Class/Device/MassStorageClassDevice.o
MS_Device_USBTask                                 ../../../../LUFA/Drivers/USB/Class/Device/MassStorageClassDevice.o
MS_Host_ConfigurePipes                            ../../../../LUFA/Drivers/USB/Class/Host/MassStorageClassHost.o
MS_Host_GetInquiryData                            ../../../../LUFA/Drivers/USB/Class/Host/MassStorageClassHost.o
MS_Host_GetMaxLUN                                 ../../../../LUFA/Drivers/USB/Class/Host/MassStorageClassHost.o
MS_Host_PreventAllowMediumRemoval                 ../../../../LUFA/Drivers/USB/Class/Host/MassStorageClassHost.o
MS_Host_ReadDeviceBlocks                          ../../../../LUFA/Drivers/USB/Class/Host/MassStorageClassHost.o
MS_Host_ReadDeviceCapacity                        ../../../../LUFA/Drivers/USB/Class/Host/MassStorageClassHost.o
MS_Host_RequestSense                              ../../../../LUFA/Drivers/USB/Class/Host/MassStorageClassHost.o
MS_Host_ResetMSInterface                          ../../../../LUFA/Drivers/USB/Class/Host/MassStorageClassHost.o
MS_Host_TestUnitReady                             ../../../../LUFA/Drivers/USB/Class/Host/MassStorageClassHost.o
MS_Host_WriteDeviceBlocks                         ../../../../LUFA/Drivers/USB/Class/Host/MassStorageClassHost.o
ManufacturerString                                Descriptors.o
Microphone_Audio_Interface                        AudioInput.o
PRNT_Host_BytesReceived                           ../../../../LUFA/Drivers/USB/Class/Host/PrinterClassHost.o
PRNT_Host_ConfigurePipes                          ../../../../LUFA/Drivers/USB/Class/Host/PrinterClassHost.o
PRNT_Host_Flush                                   ../../../../LUFA/Drivers/USB/Class/Host/PrinterClassHost.o
PRNT_Host_GetDeviceID                             ../../../../LUFA/Drivers/USB/Class/Host/PrinterClassHost.o
PRNT_Host_GetPortStatus                           ../../../../LUFA/Drivers/USB/Class/Host/PrinterClassHost.o
PRNT_Host_ReceiveByte                             ../../../../LUFA/Drivers/USB/Class/Host/PrinterClassHost.o
PRNT_Host_SendByte                                ../../../../LUFA/Drivers/USB/Class/Host/PrinterClassHost.o
PRNT_Host_SendData                                ../../../../LUFA/Drivers/USB/Class/Host/PrinterClassHost.o
PRNT_Host_SendString                              ../../../../LUFA/Drivers/USB/Class/Host/PrinterClassHost.o
PRNT_Host_SetBidirectionalMode                    ../../../../LUFA/Drivers/USB/Class/Host/PrinterClassHost.o
PRNT_Host_SoftReset                               ../../../../LUFA/Drivers/USB/Class/Host/PrinterClassHost.o
PRNT_Host_USBTask                                 ../../../../LUFA/Drivers/USB/Class/Host/PrinterClassHost.o
Pipe_ConfigurePipeTable                           ../../../../LUFA/Drivers/USB/Class/Host/StillImageClassHost.o
                                                  ../../../../LUFA/Drivers/USB/Class/Host/RNDISClassHost.o
                                                  ../../../../LUFA/Drivers/USB/Class/Host/PrinterClassHost.o
                                                  ../../../../LUFA/Drivers/USB/Class/Host/MIDIClassHost.o
                                                  ../../../../LUFA/Drivers/USB/Class/Host/MassStorageClassHost.o
                                                  ../../../../LUFA/Drivers/USB/Class/Host/HIDClassHost.o
                                                  ../../../../LUFA/Drivers/USB/Class/Host/CDCClassHost.o
                                                  ../../../../LUFA/Drivers/USB/Class/Host/AudioClassHost.o
                                                  ../../../../LUFA/Drivers/USB/Class/Host/AndroidAccessoryClassHost.o
Pipe_Discard_Stream                               ../../../../LUFA/Drivers/USB/Class/Host/RNDISClassHost.o
Pipe_IsEndpointBound                              ../../../../LUFA/Drivers/USB/Class/Host/StillImageClassHost.o
                                                  ../../../../LUFA/Drivers/USB/Class/Host/RNDISClassHost.o
                                                  ../../../../LUFA/Drivers/USB/Class/Host/MIDIClassHost.o
                                                  ../../../../LUFA/Drivers/USB/Class/Host/MassStorageClassHost.o
                                                  ../../../../LUFA/Drivers/USB/Class/Host/HIDClassHost.o
                                                  ../../../../LUFA/Drivers/USB/Class/Host/CDCClassHost.o
                                                  ../../../../LUFA/Drivers/USB/Class/Host/AndroidAccessoryClassHost.o
Pipe_Read_Stream_LE                               ../../../../LUFA/Drivers/USB/Class/Host/StillImageClassHost.o
                                                  ../../../../LUFA/Drivers/USB/Class/Host/RNDISClassHost.o
                                                  ../../../../LUFA/Drivers/USB/Class/Host/MIDIClassHost.o
                                                  ../../../../LUFA/Drivers/USB/Class/Host/MassStorageClassHost.o
                                                  ../../../../LUFA/Drivers/USB/Class/Host/HIDClassHost.o
                                                  ../../../../LUFA/Drivers/USB/Class/Host/CDCClassHost.o
Pipe_WaitUntilReady                               ../../../../LUFA/Drivers/USB/Class/Host/PrinterClassHost.o
                                                  ../../../../LUFA/Drivers/USB/Class/Host/MIDIClassHost.o
                                                  ../../../../LUFA/Drivers/USB/Class/Host/MassStorageClassHost.o
                                                  ../../../../LUFA/Drivers/USB/Class/Host/CDCClassHost.o
                                                  ../../../../LUFA/Drivers/USB/Class/Host/AndroidAccessoryClassHost.o
Pipe_Write_Stream_LE                              ../../../../LUFA/Drivers/USB/Class/Host/StillImageClassHost.o
                                                  ../../../../LUFA/Drivers/USB/Class/Host/RNDISClassHost.o
                                                  ../../../../LUFA/Drivers/USB/Class/Host/PrinterClassHost.o
                                                  ../../../../LUFA/Drivers/USB/Class/Host/MIDIClassHost.o
                                                  ../../../../LUFA/Drivers/USB/Class/Host/MassStorageClassHost.o
                                                  ../../../../LUFA/Drivers/USB/Class/Host/HIDClassHost.o
                                                  ../../../../LUFA/Drivers/USB/Class/Host/CDCClassHost.o
                                                  ../../../../LUFA/Drivers/USB/Class/Host/AndroidAccessoryClassHost.o
ProductString                                     Descriptors.o
RNDIS_Device_ConfigureEndpoints                   ../../../../LUFA/Drivers/USB/Class/Device/RNDISClassDevice.o
RNDIS_Device_IsPacketReceived                     ../../../../LUFA/Drivers/USB/Class/Device/RNDISClassDevice.o
RNDIS_Device_ProcessControlRequest                ../../../../LUFA/Drivers/USB/Class/Device/RNDISClassDevice.o
RNDIS_Device_ReadPacket                           ../../../../LUFA/Drivers/USB/Class/Device/RNDISClassDevice.o
RNDIS_Device_SendPacket                           ../../../../LUFA/Drivers/USB/Class/Device/RNDISClassDevice.o
RNDIS_Device_USBTask                              ../../../../LUFA/Drivers/USB/Class/Device/RNDISClassDevice.o
RNDIS_Host_ConfigurePipes                         ../../../../LUFA/Drivers/USB/Class/Host/RNDISClassHost.o
RNDIS_Host_InitializeDevice                       ../../../../LUFA/Drivers/USB/Class/Host/RNDISClassHost.o
RNDIS_Host_IsPacketReceived                       ../../../../LUFA/Drivers/USB/Class/Host/RNDISClassHost.o
RNDIS_Host_QueryRNDISProperty                     ../../../../LUFA/Drivers/USB/Class/Host/RNDISClassHost.o
RNDIS_Host_ReadPacket                             ../../../../LUFA/Drivers/USB/Class/Host/RNDISClassHost.o
RNDIS_Host_SendKeepAlive                          ../../../../LUFA/Drivers/USB/Class/Host/RNDISClassHost.o
RNDIS_Host_SendPacket                             ../../../../LUFA/Drivers/USB/Class/Host/RNDISClassHost.o
RNDIS_Host_SetRNDISProperty                       ../../../../LUFA/Drivers/USB/Class/Host/RNDISClassHost.o
SI_Host_CloseSession                              ../../../../LUFA/Drivers/USB/Class/Host/StillImageClassHost.o
SI_Host_ConfigurePipes                            ../../../../LUFA/Drivers/USB/Class/Host/StillImageClassHost.o
SI_Host_IsEventReceived                           ../../../../LUFA/Drivers/USB/Class/Host/StillImageClassHost.o
SI_Host_OpenSession                               ../../../../LUFA/Drivers/USB/Class/Host/StillImageClassHost.o
SI_Host_ReadData                                  ../../../../LUFA/Drivers/USB/Class/Host/StillImageClassHost.o
SI_Host_ReceiveBlockHeader                        ../../../../LUFA/Drivers/USB/Class/Host/StillImageClassHost.o
SI_Host_ReceiveEventHeader                        ../../../../LUFA/Drivers/USB/Class/Host/StillImageClassHost.o
SI_Host_ReceiveResponse                           ../../../../LUFA/Drivers/USB/Class/Host/StillImageClassHost.o
SI_Host_SendBlockHeader                           ../../../../LUFA/Drivers/USB/Class/Host/StillImageClassHost.o
SI_Host_SendCommand                               ../../../../LUFA/Drivers/USB/Class/Host/StillImageClassHost.o
SI_Host_SendData                                  ../../../../LUFA/Drivers/USB/Class/Host/StillImageClassHost.o
SetupHardware                                     AudioInput.o
USB_ControlRequest                                ../../../../LUFA/Drivers/USB/Class/Host/RNDISClassHost.o
                                                  ../../../../LUFA/Drivers/USB/Class/Host/PrinterClassHost.o
                                                  ../../../../LUFA/Drivers/USB/Class/Host/MassStorageClassHost.o
                                                  ../../../../LUFA/Drivers/USB/Class/Host/HIDClassHost.o
                                                  ../../../../LUFA/Drivers/USB/Class/Host/CDCClassHost.o
                                                  ../../../../LUFA/Drivers/USB/Class/Host/AudioClassHost.o
                                                  ../../../../LUFA/Drivers/USB/Class/Host/AndroidAccessoryClassHost.o
                                                  ../../../../LUFA/Drivers/USB/Class/Device/RNDISClassDevice.o
                                                  ../../../../LUFA/Drivers/USB/Class/Device/MassStorageClassDevice.o
                                                  ../../../../LUFA/Drivers/USB/Class/Device/HIDClassDevice.o
                                                  ../../../../LUFA/Drivers/USB/Class/Device/CDCClassDevice.o
                                                  ../../../../LUFA/Drivers/USB/Class/Device/AudioClassDevice.o
                                                  ../../../../LUFA/Drivers/USB/Core/USBTask.o
                                                  ../../../../LUFA/Drivers/USB/Core/HostStandardReq.o
                                                  ../../../../LUFA/Drivers/USB/Core/DeviceStandardReq.o
                                                  ../../../../LUFA/Drivers/USB/Core/AVR8/EndpointStream_AVR8.o
                                                  ../../../../LUFA/Drivers/USB/Core/AVR8/Endpoint_AVR8.o
USB_DeviceState                                   ../../../../LUFA/Drivers/USB/Class/Device/RNDISClassDevice.o
                                                  ../../../../LUFA/Drivers/USB/Class/Device/MIDIClassDevice.o
                                                  ../../../../LUFA/Drivers/USB/Class/Device/MassStorageClassDevice.o
                                                  ../../../../LUFA/Drivers/USB/Class/Device/HIDClassDevice.o
                                                  ../../../../LUFA/Drivers/USB/Class/Device/CDCClassDevice.o
                                                  ../../../../LUFA/Drivers/USB/Core/USBTask.o
                                                  ../../../../LUFA/Drivers/USB/Core/DeviceStandardReq.o
                                                  ../../../../LUFA/Drivers/USB/Core/AVR8/EndpointStream_AVR8.o
                                                  ../../../../LUFA/Drivers/USB/Core/AVR8/USBInterrupt_AVR8.o
                                                  ../../../../LUFA/Drivers/USB/Core/AVR8/USBController_AVR8.o
                                                  ../../../../LUFA/Drivers/USB/Core/AVR8/Endpoint_AVR8.o
                                                  AudioInput.o
USB_Device_ConfigurationNumber                    ../../../../LUFA/Drivers/USB/Core/DeviceStandardReq.o
                                                  ../../../../LUFA/Drivers/USB/Core/AVR8/USBInterrupt_AVR8.o
                                                  ../../../../LUFA/Drivers/USB/Core/AVR8/USBController_AVR8.o
USB_Device_CurrentlySelfPowered                   ../../../../LUFA/Drivers/USB/Core/DeviceStandardReq.o
                                                  ../../../../LUFA/Drivers/USB/Core/AVR8/USBController_AVR8.o
USB_Device_ProcessControlRequest                  ../../../../LUFA/Drivers/USB/Core/DeviceStandardReq.o
                                                  ../../../../LUFA/Drivers/USB/Core/USBTask.o
USB_Device_RemoteWakeupEnabled                    ../../../../LUFA/Drivers/USB/Core/DeviceStandardReq.o
                                                  ../../../../LUFA/Drivers/USB/Core/AVR8/USBController_AVR8.o
USB_Device_SendRemoteWakeup                       ../../../../LUFA/Drivers/USB/Core/AVR8/Device_AVR8.o
USB_Disable                                       ../../../../LUFA/Drivers/USB/Core/AVR8/USBController_AVR8.o
USB_Event_Stub                                    ../../../../LUFA/Drivers/USB/Core/Events.o
USB_GetHIDReportItemInfo                          ../../../../LUFA/Drivers/USB/Class/Common/HIDParser.o
USB_GetHIDReportSize                              ../../../../LUFA/Drivers/USB/Class/Common/HIDParser.o
                                                  ../../../../LUFA/Drivers/USB/Class/Host/HIDClassHost.o
USB_GetNextDescriptorComp                         ../../../../LUFA/Drivers/USB/Core/ConfigDescriptors.o
                                                  ../../../../LUFA/Drivers/USB/Class/Host/StillImageClassHost.o
                                                  ../../../../LUFA/Drivers/USB/Class/Host/RNDISClassHost.o
                                                  ../../../../LUFA/Drivers/USB/Class/Host/PrinterClassHost.o
                                                  ../../../../LUFA/Drivers/USB/Class/Host/MIDIClassHost.o
                                                  ../../../../LUFA/Drivers/USB/Class/Host/MassStorageClassHost.o
                                                  ../../../../LUFA/Drivers/USB/Class/Host/HIDClassHost.o
                                                  ../../../../LUFA/Drivers/USB/Class/Host/CDCClassHost.o
                                                  ../../../../LUFA/Drivers/USB/Class/Host/AudioClassHost.o
                                                  ../../../../LUFA/Drivers/USB/Class/Host/AndroidAccessoryClassHost.o
USB_GetNextDescriptorOfType                       ../../../../LUFA/Drivers/USB/Core/ConfigDescriptors.o
USB_GetNextDescriptorOfTypeAfter                  ../../../../LUFA/Drivers/USB/Core/ConfigDescriptors.o
USB_GetNextDescriptorOfTypeBefore                 ../../../../LUFA/Drivers/USB/Core/ConfigDescriptors.o
USB_HostState                                     ../../../../LUFA/Drivers/USB/Class/Host/StillImageClassHost.o
                                                  ../../../../LUFA/Drivers/USB/Class/Host/RNDISClassHost.o
                                                  ../../../../LUFA/Drivers/USB/Class/Host/PrinterClassHost.o
                                                  ../../../../LUFA/Drivers/USB/Class/Host/MIDIClassHost.o
                                                  ../../../../LUFA/Drivers/USB/Class/Host/MassStorageClassHost.o
                                                  ../../../../LUFA/Drivers/USB/Class/Host/HIDClassHost.o
                                                  ../../../../LUFA/Drivers/USB/Class/Host/CDCClassHost.o
                                                  ../../../../LUFA/Drivers/USB/Class/Host/AndroidAccessoryClassHost.o
                                                  ../../../../LUFA/Drivers/USB/Core/HostStandardReq.o
USB_Host_ClearEndpointStall                       ../../../../LUFA/Drivers/USB/Core/HostStandardReq.o
                                                  ../../../../LUFA/Drivers/USB/Class/Host/StillImageClassHost.o
                                                  ../../../../LUFA/Drivers/USB/Class/Host/MassStorageClassHost.o
USB_Host_ConfigurationNumber                      ../../../../LUFA/Drivers/USB/Core/HostStandardReq.o
USB_Host_ControlPipeSize                          ../../../../LUFA/Drivers/USB/Core/HostStandardReq.o
USB_Host_GetDescriptor                            ../../../../LUFA/Drivers/USB/Core/HostStandardReq.o
USB_Host_GetDeviceConfiguration                   ../../../../LUFA/Drivers/USB/Core/HostStandardReq.o
USB_Host_GetDeviceStatus                          ../../../../LUFA/Drivers/USB/Core/HostStandardReq.o
USB_Host_GetInterfaceAltSetting                   ../../../../LUFA/Drivers/USB/Core/HostStandardReq.o
USB_Host_SendControlRequest                       ../../../../LUFA/Drivers/USB/Core/HostStandardReq.o
                                                  ../../../../LUFA/Drivers/USB/Class/Host/RNDISClassHost.o
                                                  ../../../../LUFA/Drivers/USB/Class/Host/PrinterClassHost.o
                                                  ../../../../LUFA/Drivers/USB/Class/Host/MassStorageClassHost.o
                                                  ../../../../LUFA/Drivers/USB/Class/Host/HIDClassHost.o
                                                  ../../../../LUFA/Drivers/USB/Class/Host/CDCClassHost.o
                                                  ../../../../LUFA/Drivers/USB/Class/Host/AudioClassHost.o
                                                  ../../../../LUFA/Drivers/USB/Class/Host/AndroidAccessoryClassHost.o
USB_Host_SetDeviceConfiguration                   ../../../../LUFA/Drivers/USB/Core/HostStandardReq.o
USB_Host_SetInterfaceAltSetting                   ../../../../LUFA/Drivers/USB/Core/HostStandardReq.o
                                                  ../../../../LUFA/Drivers/USB/Class/Host/PrinterClassHost.o
                                                  ../../../../LUFA/Drivers/USB/Class/Host/AudioClassHost.o
USB_Host_WaitMS                                   ../../../../LUFA/Drivers/USB/Core/HostStandardReq.o
USB_INT_ClearAllInterrupts                        ../../../../LUFA/Drivers/USB/Core/AVR8/USBInterrupt_AVR8.o
                                                  ../../../../LUFA/Drivers/USB/Core/AVR8/USBController_AVR8.o
USB_INT_DisableAllInterrupts                      ../../../../LUFA/Drivers/USB/Core/AVR8/USBInterrupt_AVR8.o
                                                  ../../../../LUFA/Drivers/USB/Core/AVR8/USBController_AVR8.o
USB_Init                                          ../../../../LUFA/Drivers/USB/Core/AVR8/USBController_AVR8.o
                                                  AudioInput.o
USB_IsInitialized                                 ../../../../LUFA/Drivers/USB/Core/USBTask.o
                                                  ../../../../LUFA/Drivers/USB/Core/AVR8/USBController_AVR8.o
USB_ProcessHIDReport                              ../../../../LUFA/Drivers/USB/Class/Common/HIDParser.o
                                                  ../../../../LUFA/Drivers/USB/Class/Host/HIDClassHost.o
USB_ResetInterface                                ../../../../LUFA/Drivers/USB/Core/AVR8/USBController_AVR8.o
USB_SetHIDReportItemInfo                          ../../../../LUFA/Drivers/USB/Class/Common/HIDParser.o
USB_USBTask                                       ../../../../LUFA/Drivers/USB/Core/USBTask.o
                                                  ../../../../LUFA/Drivers/USB/Class/Host/CDCClassHost.o
                                                  ../../../../LUFA/Drivers/USB/Class/Host/AndroidAccessoryClassHost.o
                                                  ../../../../LUFA/Drivers/USB/Class/Device/MassStorageClassDevice.o
                                                  ../../../../LUFA/Drivers/USB/Class/Device/CDCClassDevice.o
                                                  ../../../../LUFA/Drivers/USB/Core/AVR8/EndpointStream_AVR8.o
                                                  AudioInput.o
__bad_interrupt                                   /usr/lib/gcc/avr/4.5.3/../../../avr/lib/avr51/crtusb1286.o
__bss_end                                         /usr/lib/gcc/avr/4.5.3/avr51/libgcc.a(_clear_bss.o)
__bss_start                                       /usr/lib/gcc/avr/4.5.3/avr51/libgcc.a(_clear_bss.o)
__data_end                                        /usr/lib/gcc/avr/4.5.3/avr51/libgcc.a(_copy_data.o)
__data_load_start                                 /usr/lib/gcc/avr/4.5.3/avr51/libgcc.a(_copy_data.o)
__data_start                                      /usr/lib/gcc/avr/4.5.3/avr51/libgcc.a(_copy_data.o)
__do_clear_bss                                    /usr/lib/gcc/avr/4.5.3/avr51/libgcc.a(_clear_bss.o)
                                                  ../../../../LUFA/Drivers/USB/Core/USBTask.o
                                                  ../../../../LUFA/Drivers/USB/Core/HostStandardReq.o
                                                  ../../../../LUFA/Drivers/USB/Core/DeviceStandardReq.o
                                                  AudioInput.o
__do_copy_data                                    /usr/lib/gcc/avr/4.5.3/avr51/libgcc.a(_copy_data.o)
                                                  ../../../../LUFA/Drivers/USB/Class/Host/AndroidAccessoryClassHost.o
                                                  ../../../../LUFA/Drivers/USB/Class/Device/RNDISClassDevice.o
                                                  ../../../../LUFA/Drivers/USB/Class/Device/CDCClassDevice.o
                                                  ../../../../LUFA/Drivers/USB/Core/HostStandardReq.o
                                                  AudioInput.o
__eerd_byte_usb1287                               /usr/lib/gcc/avr/4.5.3/../../../avr/lib/avr51/libc.a(eerd_byte_at90usb1287.o)
                                                  ../../../../LUFA/Drivers/USB/Core/AVR8/EndpointStream_AVR8.o
__eeupd_byte_usb1287                              /usr/lib/gcc/avr/4.5.3/../../../avr/lib/avr51/libc.a(eeupd_byte_at90usb1287.o)
                                                  ../../../../LUFA/Drivers/USB/Core/AVR8/EndpointStream_AVR8.o
__eeupd_r18_usb1287                               /usr/lib/gcc/avr/4.5.3/../../../avr/lib/avr51/libc.a(eeupd_byte_at90usb1287.o)
__heap_end                                        /usr/lib/gcc/avr/4.5.3/../../../avr/lib/avr51/crtusb1286.o
__init                                            /usr/lib/gcc/avr/4.5.3/../../../avr/lib/avr51/crtusb1286.o
__mulsi3                                          /usr/lib/gcc/avr/4.5.3/avr51/libgcc.a(_mulsi3.o)
                                                  ../../../../LUFA/Drivers/USB/Class/Host/MassStorageClassHost.o
__stack                                           /usr/lib/gcc/avr/4.5.3/../../../avr/lib/avr51/crtusb1286.o
__udivmodsi4                                      /usr/lib/gcc/avr/4.5.3/avr51/libgcc.a(_udivmodsi4.o)
                                                  AudioInput.o
__vector_1                                        /usr/lib/gcc/avr/4.5.3/../../../avr/lib/avr51/crtusb1286.o
__vector_10                                       ../../../../LUFA/Drivers/USB/Core/AVR8/USBInterrupt_AVR8.o
                                                  /usr/lib/gcc/avr/4.5.3/../../../avr/lib/avr51/crtusb1286.o
__vector_11                                       /usr/lib/gcc/avr/4.5.3/../../../avr/lib/avr51/crtusb1286.o
__vector_12                                       /usr/lib/gcc/avr/4.5.3/../../../avr/lib/avr51/crtusb1286.o
__vector_13                                       /usr/lib/gcc/avr/4.5.3/../../../avr/lib/avr51/crtusb1286.o
__vector_14                                       /usr/lib/gcc/avr/4.5.3/../../../avr/lib/avr51/crtusb1286.o
__vector_15                                       /usr/lib/gcc/avr/4.5.3/../../../avr/lib/avr51/crtusb1286.o
__vector_16                                       /usr/lib/gcc/avr/4.5.3/../../../avr/lib/avr51/crtusb1286.o
__vector_17                                       /usr/lib/gcc/avr/4.5.3/../../../avr/lib/avr51/crtusb1286.o
__vector_18                                       /usr/lib/gcc/avr/4.5.3/../../../avr/lib/avr51/crtusb1286.o
__vector_19                                       /usr/lib/gcc/avr/4.5.3/../../../avr/lib/avr51/crtusb1286.o
__vector_2                                        /usr/lib/gcc/avr/4.5.3/../../../avr/lib/avr51/crtusb1286.o
__vector_20                                       /usr/lib/gcc/avr/4.5.3/../../../avr/lib/avr51/crtusb1286.o
__vector_21                                       AudioInput.o
                                                  /usr/lib/gcc/avr/4.5.3/../../../avr/lib/avr51/crtusb1286.o
__vector_22                                       /usr/lib/gcc/avr/4.5.3/../../../avr/lib/avr51/crtusb1286.o